Archive member included to satisfy reference by file (symbol)

d:/appfile/microprocessor_microcontroller/stm32cubeide_1.7.0/stm32cubeide/plugins/com.st.stm32cube.ide.mcu.externaltools.gnu-tools-for-stm32.9-2020-q2-update.win32_2.0.0.202105311346/tools/bin/../lib/gcc/arm-none-eabi/9.3.1/../../../../arm-none-eabi/lib/thumb/v7-m/nofp\libc_nano.a(lib_a-errno.o)
                              ./Core/Src/syscalls.o (__errno)
d:/appfile/microprocessor_microcontroller/stm32cubeide_1.7.0/stm32cubeide/plugins/com.st.stm32cube.ide.mcu.externaltools.gnu-tools-for-stm32.9-2020-q2-update.win32_2.0.0.202105311346/tools/bin/../lib/gcc/arm-none-eabi/9.3.1/../../../../arm-none-eabi/lib/thumb/v7-m/nofp\libc_nano.a(lib_a-exit.o)
                              d:/appfile/microprocessor_microcontroller/stm32cubeide_1.7.0/stm32cubeide/plugins/com.st.stm32cube.ide.mcu.externaltools.gnu-tools-for-stm32.9-2020-q2-update.win32_2.0.0.202105311346/tools/bin/../lib/gcc/arm-none-eabi/9.3.1/../../../../arm-none-eabi/lib/thumb/v7-m/nofp/crt0.o (exit)
d:/appfile/microprocessor_microcontroller/stm32cubeide_1.7.0/stm32cubeide/plugins/com.st.stm32cube.ide.mcu.externaltools.gnu-tools-for-stm32.9-2020-q2-update.win32_2.0.0.202105311346/tools/bin/../lib/gcc/arm-none-eabi/9.3.1/../../../../arm-none-eabi/lib/thumb/v7-m/nofp\libc_nano.a(lib_a-impure.o)
                              d:/appfile/microprocessor_microcontroller/stm32cubeide_1.7.0/stm32cubeide/plugins/com.st.stm32cube.ide.mcu.externaltools.gnu-tools-for-stm32.9-2020-q2-update.win32_2.0.0.202105311346/tools/bin/../lib/gcc/arm-none-eabi/9.3.1/../../../../arm-none-eabi/lib/thumb/v7-m/nofp\libc_nano.a(lib_a-exit.o) (_global_impure_ptr)
d:/appfile/microprocessor_microcontroller/stm32cubeide_1.7.0/stm32cubeide/plugins/com.st.stm32cube.ide.mcu.externaltools.gnu-tools-for-stm32.9-2020-q2-update.win32_2.0.0.202105311346/tools/bin/../lib/gcc/arm-none-eabi/9.3.1/../../../../arm-none-eabi/lib/thumb/v7-m/nofp\libc_nano.a(lib_a-init.o)
                              d:/appfile/microprocessor_microcontroller/stm32cubeide_1.7.0/stm32cubeide/plugins/com.st.stm32cube.ide.mcu.externaltools.gnu-tools-for-stm32.9-2020-q2-update.win32_2.0.0.202105311346/tools/bin/../lib/gcc/arm-none-eabi/9.3.1/../../../../arm-none-eabi/lib/thumb/v7-m/nofp/crt0.o (__libc_init_array)
d:/appfile/microprocessor_microcontroller/stm32cubeide_1.7.0/stm32cubeide/plugins/com.st.stm32cube.ide.mcu.externaltools.gnu-tools-for-stm32.9-2020-q2-update.win32_2.0.0.202105311346/tools/bin/../lib/gcc/arm-none-eabi/9.3.1/../../../../arm-none-eabi/lib/thumb/v7-m/nofp\libc_nano.a(lib_a-memset.o)
                              d:/appfile/microprocessor_microcontroller/stm32cubeide_1.7.0/stm32cubeide/plugins/com.st.stm32cube.ide.mcu.externaltools.gnu-tools-for-stm32.9-2020-q2-update.win32_2.0.0.202105311346/tools/bin/../lib/gcc/arm-none-eabi/9.3.1/../../../../arm-none-eabi/lib/thumb/v7-m/nofp/crt0.o (memset)

Allocating common symbols
Common symbol       size              file

uwTick              0x4               ./Drivers/STM32F1xx_HAL_Driver/Src/stm32f1xx_hal.o
pFlash              0x20              ./Drivers/STM32F1xx_HAL_Driver/Src/stm32f1xx_hal_flash.o
htim2               0x48              ./Core/Src/main.o

Discarded input sections

 .text          0x0000000000000000        0x0 d:/appfile/microprocessor_microcontroller/stm32cubeide_1.7.0/stm32cubeide/plugins/com.st.stm32cube.ide.mcu.externaltools.gnu-tools-for-stm32.9-2020-q2-update.win32_2.0.0.202105311346/tools/bin/../lib/gcc/arm-none-eabi/9.3.1/thumb/v7-m/nofp/crti.o
 .data          0x0000000000000000        0x0 d:/appfile/microprocessor_microcontroller/stm32cubeide_1.7.0/stm32cubeide/plugins/com.st.stm32cube.ide.mcu.externaltools.gnu-tools-for-stm32.9-2020-q2-update.win32_2.0.0.202105311346/tools/bin/../lib/gcc/arm-none-eabi/9.3.1/thumb/v7-m/nofp/crti.o
 .bss           0x0000000000000000        0x0 d:/appfile/microprocessor_microcontroller/stm32cubeide_1.7.0/stm32cubeide/plugins/com.st.stm32cube.ide.mcu.externaltools.gnu-tools-for-stm32.9-2020-q2-update.win32_2.0.0.202105311346/tools/bin/../lib/gcc/arm-none-eabi/9.3.1/thumb/v7-m/nofp/crti.o
 .data          0x0000000000000000        0x4 d:/appfile/microprocessor_microcontroller/stm32cubeide_1.7.0/stm32cubeide/plugins/com.st.stm32cube.ide.mcu.externaltools.gnu-tools-for-stm32.9-2020-q2-update.win32_2.0.0.202105311346/tools/bin/../lib/gcc/arm-none-eabi/9.3.1/thumb/v7-m/nofp/crtbegin.o
 .text          0x0000000000000000       0x7c d:/appfile/microprocessor_microcontroller/stm32cubeide_1.7.0/stm32cubeide/plugins/com.st.stm32cube.ide.mcu.externaltools.gnu-tools-for-stm32.9-2020-q2-update.win32_2.0.0.202105311346/tools/bin/../lib/gcc/arm-none-eabi/9.3.1/../../../../arm-none-eabi/lib/thumb/v7-m/nofp/crt0.o
[...]
Memory Configuration

Name             Origin             Length             Attributes
RAM              0x0000000020000000 0x0000000000002800 xrw
FLASH            0x0000000008000000 0x0000000000008000 xr
*default*        0x0000000000000000 0xffffffffffffffff

Linker script and memory map

LOAD d:/appfile/microprocessor_microcontroller/stm32cubeide_1.7.0/stm32cubeide/plugins/com.st.stm32cube.ide.mcu.externaltools.gnu-tools-for-stm32.9-2020-q2-update.win32_2.0.0.202105311346/tools/bin/../lib/gcc/arm-none-eabi/9.3.1/thumb/v7-m/nofp/crti.o
LOAD d:/appfile/microprocessor_microcontroller/stm32cubeide_1.7.0/stm32cubeide/plugins/com.st.stm32cube.ide.mcu.externaltools.gnu-tools-for-stm32.9-2020-q2-update.win32_2.0.0.202105311346/tools/bin/../lib/gcc/arm-none-eabi/9.3.1/thumb/v7-m/nofp/crtbegin.o
LOAD d:/appfile/microprocessor_microcontroller/stm32cubeide_1.7.0/stm32cubeide/plugins/com.st.stm32cube.ide.mcu.externaltools.gnu-tools-for-stm32.9-2020-q2-update.win32_2.0.0.202105311346/tools/bin/../lib/gcc/arm-none-eabi/9.3.1/../../../../arm-none-eabi/lib/thumb/v7-m/nofp/crt0.o
LOAD ./Core/Src/fsm_automatic.o
LOAD ./Core/Src/fsm_config.o
LOAD ./Core/Src/fsm_manual.o
LOAD ./Core/Src/global.o
LOAD ./Core/Src/input_processing.o
LOAD ./Core/Src/input_reading.o
LOAD ./Core/Src/led_display.o
LOAD ./Core/Src/main.o
LOAD ./Core/Src/stm32f1xx_hal_msp.o
LOAD ./Core/Src/stm32f1xx_it.o
LOAD ./Core/Src/syscalls.o
LOAD ./Core/Src/sysmem.o
LOAD ./Core/Src/system_stm32f1xx.o
LOAD ./Core/Src/timer.o
LOAD ./Core/Startup/startup_stm32f103c6ux.o
LOAD ./Drivers/STM32F1xx_HAL_Driver/Src/stm32f1xx_hal.o
LOAD ./Drivers/STM32F1xx_HAL_Driver/Src/stm32f1xx_hal_cortex.o
LOAD ./Drivers/STM32F1xx_HAL_Driver/Src/stm32f1xx_hal_dma.o
LOAD ./Drivers/STM32F1xx_HAL_Driver/Src/stm32f1xx_hal_exti.o
LOAD ./Drivers/STM32F1xx_HAL_Driver/Src/stm32f1xx_hal_flash.o
LOAD ./Drivers/STM32F1xx_HAL_Driver/Src/stm32f1xx_hal_flash_ex.o
LOAD ./Drivers/STM32F1xx_HAL_Driver/Src/stm32f1xx_hal_gpio.o
LOAD ./Drivers/STM32F1xx_HAL_Driver/Src/stm32f1xx_hal_gpio_ex.o
LOAD ./Drivers/STM32F1xx_HAL_Driver/Src/stm32f1xx_hal_pwr.o
LOAD ./Drivers/STM32F1xx_HAL_Driver/Src/stm32f1xx_hal_rcc.o
LOAD ./Drivers/STM32F1xx_HAL_Driver/Src/stm32f1xx_hal_rcc_ex.o
LOAD ./Drivers/STM32F1xx_HAL_Driver/Src/stm32f1xx_hal_tim.o
LOAD ./Drivers/STM32F1xx_HAL_Driver/Src/stm32f1xx_hal_tim_ex.o
START GROUP
LOAD d:/appfile/microprocessor_microcontroller/stm32cubeide_1.7.0/stm32cubeide/plugins/com.st.stm32cube.ide.mcu.externaltools.gnu-tools-for-stm32.9-2020-q2-update.win32_2.0.0.202105311346/tools/bin/../lib/gcc/arm-none-eabi/9.3.1/../../../../arm-none-eabi/lib/thumb/v7-m/nofp\libc_nano.a
LOAD d:/appfile/microprocessor_microcontroller/stm32cubeide_1.7.0/stm32cubeide/plugins/com.st.stm32cube.ide.mcu.externaltools.gnu-tools-for-stm32.9-2020-q2-update.win32_2.0.0.202105311346/tools/bin/../lib/gcc/arm-none-eabi/9.3.1/../../../../arm-none-eabi/lib/thumb/v7-m/nofp\libm.a
END GROUP
START GROUP
LOAD d:/appfile/microprocessor_microcontroller/stm32cubeide_1.7.0/stm32cubeide/plugins/com.st.stm32cube.ide.mcu.externaltools.gnu-tools-for-stm32.9-2020-q2-update.win32_2.0.0.202105311346/tools/bin/../lib/gcc/arm-none-eabi/9.3.1/thumb/v7-m/nofp\libgcc.a
LOAD d:/appfile/microprocessor_microcontroller/stm32cubeide_1.7.0/stm32cubeide/plugins/com.st.stm32cube.ide.mcu.externaltools.gnu-tools-for-stm32.9-2020-q2-update.win32_2.0.0.202105311346/tools/bin/../lib/gcc/arm-none-eabi/9.3.1/../../../../arm-none-eabi/lib/thumb/v7-m/nofp\libc_nano.a
END GROUP
START GROUP
LOAD d:/appfile/microprocessor_microcontroller/stm32cubeide_1.7.0/stm32cubeide/plugins/com.st.stm32cube.ide.mcu.externaltools.gnu-tools-for-stm32.9-2020-q2-update.win32_2.0.0.202105311346/tools/bin/../lib/gcc/arm-none-eabi/9.3.1/thumb/v7-m/nofp\libgcc.a
LOAD d:/appfile/microprocessor_microcontroller/stm32cubeide_1.7.0/stm32cubeide/plugins/com.st.stm32cube.ide.mcu.externaltools.gnu-tools-for-stm32.9-2020-q2-update.win32_2.0.0.202105311346/tools/bin/../lib/gcc/arm-none-eabi/9.3.1/../../../../arm-none-eabi/lib/thumb/v7-m/nofp\libc_nano.a
LOAD d:/appfile/microprocessor_microcontroller/stm32cubeide_1.7.0/stm32cubeide/plugins/com.st.stm32cube.ide.mcu.externaltools.gnu-tools-for-stm32.9-2020-q2-update.win32_2.0.0.202105311346/tools/bin/../lib/gcc/arm-none-eabi/9.3.1/../../../../arm-none-eabi/lib/thumb/v7-m/nofp\libnosys.a
END GROUP
START GROUP
LOAD d:/appfile/microprocessor_microcontroller/stm32cubeide_1.7.0/stm32cubeide/plugins/com.st.stm32cube.ide.mcu.externaltools.gnu-tools-for-stm32.9-2020-q2-update.win32_2.0.0.202105311346/tools/bin/../lib/gcc/arm-none-eabi/9.3.1/thumb/v7-m/nofp\libgcc.a
LOAD d:/appfile/microprocessor_microcontroller/stm32cubeide_1.7.0/stm32cubeide/plugins/com.st.stm32cube.ide.mcu.externaltools.gnu-tools-for-stm32.9-2020-q2-update.win32_2.0.0.202105311346/tools/bin/../lib/gcc/arm-none-eabi/9.3.1/../../../../arm-none-eabi/lib/thumb/v7-m/nofp\libc_nano.a
LOAD d:/appfile/microprocessor_microcontroller/stm32cubeide_1.7.0/stm32cubeide/plugins/com.st.stm32cube.ide.mcu.externaltools.gnu-tools-for-stm32.9-2020-q2-update.win32_2.0.0.202105311346/tools/bin/../lib/gcc/arm-none-eabi/9.3.1/../../../../arm-none-eabi/lib/thumb/v7-m/nofp\libnosys.a
END GROUP
LOAD d:/appfile/microprocessor_microcontroller/stm32cubeide_1.7.0/stm32cubeide/plugins/com.st.stm32cube.ide.mcu.externaltools.gnu-tools-for-stm32.9-2020-q2-update.win32_2.0.0.202105311346/tools/bin/../lib/gcc/arm-none-eabi/9.3.1/thumb/v7-m/nofp/crtend.o
LOAD d:/appfile/microprocessor_microcontroller/stm32cubeide_1.7.0/stm32cubeide/plugins/com.st.stm32cube.ide.mcu.externaltools.gnu-tools-for-stm32.9-2020-q2-update.win32_2.0.0.202105311346/tools/bin/../lib/gcc/arm-none-eabi/9.3.1/thumb/v7-m/nofp/crtn.o
                0x0000000020002800                _estack = (ORIGIN (RAM) + LENGTH (RAM))
                0x0000000000000200                _Min_Heap_Size = 0x200
                0x0000000000000400                _Min_Stack_Size = 0x400

.isr_vector     0x0000000008000000      0x10c
                0x0000000008000000                . = ALIGN (0x4)
 *(.isr_vector)
 .isr_vector    0x0000000008000000      0x10c ./Core/Startup/startup_stm32f103c6ux.o
                0x0000000008000000                g_pfnVectors
                0x000000000800010c                . = ALIGN (0x4)

.text           0x000000000800010c     0x284c
                0x000000000800010c                . = ALIGN (0x4)
 *(.text)
 .text          0x000000000800010c       0x40 d:/appfile/microprocessor_microcontroller/stm32cubeide_1.7.0/stm32cubeide/plugins/com.st.stm32cube.ide.mcu.externaltools.gnu-tools-for-stm32.9-2020-q2-update.win32_2.0.0.202105311346/tools/bin/../lib/gcc/arm-none-eabi/9.3.1/thumb/v7-m/nofp/crtbegin.o
 *(.text*)
 .text.fsm_automatic
                0x000000000800014c      0x138 ./Core/Src/fsm_automatic.o
                0x000000000800014c                fsm_automatic
 .text.fsm_config
                0x0000000008000284       0xc0 ./Core/Src/fsm_config.o
                0x0000000008000284                fsm_config
 .text.fsm_manual
                0x0000000008000344       0xa0 ./Core/Src/fsm_manual.o
                0x0000000008000344                fsm_manual
 .text.init_handler
                0x00000000080003e4       0x1c ./Core/Src/fsm_manual.o
                0x00000000080003e4                init_handler
 .text.red_handler
                0x0000000008000400       0x34 ./Core/Src/fsm_manual.o
                0x0000000008000400                red_handler
 .text.amber_handler
                0x0000000008000434       0x34 ./Core/Src/fsm_manual.o
                0x0000000008000434                amber_handler
 .text.green_handler
                0x0000000008000468       0x34 ./Core/Src/fsm_manual.o
                0x0000000008000468                green_handler
 .text.errorG_handler
                0x000000000800049c        0xe ./Core/Src/fsm_manual.o
                0x000000000800049c                errorG_handler
 .text.errorRY_handler
                0x00000000080004aa        0xe ./Core/Src/fsm_manual.o
                0x00000000080004aa                errorRY_handler
 .text.button_processing
                0x00000000080004b8       0xc8 ./Core/Src/input_processing.o
                0x00000000080004b8                button_processing
 .text.setup_newstate
                0x0000000008000580      0x160 ./Core/Src/input_processing.o
                0x0000000008000580                setup_newstate
 .text.immediately_press_handler
                0x00000000080006e0      0x1b4 ./Core/Src/input_processing.o
                0x00000000080006e0                immediately_press_handler
 .text.immediately_1s_press
                0x0000000008000894       0x20 ./Core/Src/input_processing.o
                0x0000000008000894                immediately_1s_press
 .text.continuously_press_handler
                0x00000000080008b4       0x24 ./Core/Src/input_processing.o
                0x00000000080008b4                continuously_press_handler
 .text.button_reading
                0x00000000080008d8      0x114 ./Core/Src/input_reading.o
                0x00000000080008d8                button_reading
 .text.is_button_pressed
                0x00000000080009ec       0x34 ./Core/Src/input_reading.o
                0x00000000080009ec                is_button_pressed
 .text.is_button_pressed_1s
                0x0000000008000a20       0x34 ./Core/Src/input_reading.o
                0x0000000008000a20                is_button_pressed_1s
 .text.set_rgy1
                0x0000000008000a54       0x5c ./Core/Src/led_display.o
                0x0000000008000a54                set_rgy1
 .text.set_rgy2
                0x0000000008000ab0       0x5c ./Core/Src/led_display.o
                0x0000000008000ab0                set_rgy2
 .text.toggle_rgy
                0x0000000008000b0c       0x88 ./Core/Src/led_display.o
                0x0000000008000b0c                toggle_rgy
 .text.display7SEG
                0x0000000008000b94       0xb8 ./Core/Src/led_display.o
                0x0000000008000b94                display7SEG
 .text.update7SEG
                0x0000000008000c4c      0x154 ./Core/Src/led_display.o
                0x0000000008000c4c                update7SEG
 .text.updateLEDBuffer1
                0x0000000008000da0       0x90 ./Core/Src/led_display.o
                0x0000000008000da0                updateLEDBuffer1
 .text.updateLEDBuffer2
                0x0000000008000e30       0x90 ./Core/Src/led_display.o
                0x0000000008000e30                updateLEDBuffer2
 .text.main     0x0000000008000ec0       0x30 ./Core/Src/main.o
                0x0000000008000ec0                main
 .text.SystemClock_Config
                0x0000000008000ef0       0x76 ./Core/Src/main.o
                0x0000000008000ef0                SystemClock_Config
 *fill*         0x0000000008000f66        0x2 
 .text.MX_TIM2_Init
                0x0000000008000f68       0x98 ./Core/Src/main.o
 .text.MX_GPIO_Init
                0x0000000008001000       0xc0 ./Core/Src/main.o
 .text.Error_Handler
                0x00000000080010c0        0xa ./Core/Src/main.o
                0x00000000080010c0                Error_Handler
 *fill*         0x00000000080010ca        0x2 
 .text.HAL_MspInit
                0x00000000080010cc       0x64 ./Core/Src/stm32f1xx_hal_msp.o
                0x00000000080010cc                HAL_MspInit
 .text.HAL_TIM_Base_MspInit
                0x0000000008001130       0x48 ./Core/Src/stm32f1xx_hal_msp.o
                0x0000000008001130                HAL_TIM_Base_MspInit
 .text.NMI_Handler
                0x0000000008001178        0x6 ./Core/Src/stm32f1xx_it.o
                0x0000000008001178                NMI_Handler
 .text.HardFault_Handler
                0x000000000800117e        0x6 ./Core/Src/stm32f1xx_it.o
                0x000000000800117e                HardFault_Handler
 .text.MemManage_Handler
                0x0000000008001184        0x6 ./Core/Src/stm32f1xx_it.o
                0x0000000008001184                MemManage_Handler
 .text.BusFault_Handler
                0x000000000800118a        0x6 ./Core/Src/stm32f1xx_it.o
                0x000000000800118a                BusFault_Handler
 .text.UsageFault_Handler
                0x0000000008001190        0x6 ./Core/Src/stm32f1xx_it.o
                0x0000000008001190                UsageFault_Handler
 .text.SVC_Handler
                0x0000000008001196        0xc ./Core/Src/stm32f1xx_it.o
                0x0000000008001196                SVC_Handler
 .text.DebugMon_Handler
                0x00000000080011a2        0xc ./Core/Src/stm32f1xx_it.o
                0x00000000080011a2                DebugMon_Handler
 .text.PendSV_Handler
                0x00000000080011ae        0xc ./Core/Src/stm32f1xx_it.o
                0x00000000080011ae                PendSV_Handler
 .text.SysTick_Handler
                0x00000000080011ba        0xc ./Core/Src/stm32f1xx_it.o
                0x00000000080011ba                SysTick_Handler
 *fill*         0x00000000080011c6        0x2 
 .text.TIM2_IRQHandler
                0x00000000080011c8       0x14 ./Core/Src/stm32f1xx_it.o
                0x00000000080011c8                TIM2_IRQHandler
 .text.SystemInit
                0x00000000080011dc        0xc ./Core/Src/system_stm32f1xx.o
                0x00000000080011dc                SystemInit
 .text.setTimer
                0x00000000080011e8       0x40 ./Core/Src/timer.o
                0x00000000080011e8                setTimer
 .text.check_flag
                0x0000000008001228       0x28 ./Core/Src/timer.o
                0x0000000008001228                check_flag
 .text.timer_run
                0x0000000008001250       0x60 ./Core/Src/timer.o
                0x0000000008001250                timer_run
 .text.HAL_TIM_PeriodElapsedCallback
                0x00000000080012b0       0x18 ./Core/Src/timer.o
                0x00000000080012b0                HAL_TIM_PeriodElapsedCallback
 .text.Reset_Handler
                0x00000000080012c8       0x48 ./Core/Startup/startup_stm32f103c6ux.o
                0x00000000080012c8                Reset_Handler
 .text.Default_Handler
                0x0000000008001310        0x2 ./Core/Startup/startup_stm32f103c6ux.o
                0x0000000008001310                RTC_Alarm_IRQHandler
                0x0000000008001310                EXTI2_IRQHandler
                0x0000000008001310                TIM1_CC_IRQHandler
                0x0000000008001310                PVD_IRQHandler
                0x0000000008001310                EXTI3_IRQHandler
                0x0000000008001310                EXTI0_IRQHandler
                0x0000000008001310                ADC1_2_IRQHandler
                0x0000000008001310                SPI1_IRQHandler
                0x0000000008001310                TAMPER_IRQHandler
                0x0000000008001310                DMA1_Channel4_IRQHandler
                0x0000000008001310                RTC_IRQHandler
                0x0000000008001310                DMA1_Channel7_IRQHandler
                0x0000000008001310                CAN1_RX1_IRQHandler
                0x0000000008001310                I2C1_EV_IRQHandler
                0x0000000008001310                DMA1_Channel6_IRQHandler
                0x0000000008001310                TIM3_IRQHandler
                0x0000000008001310                RCC_IRQHandler
                0x0000000008001310                TIM1_TRG_COM_IRQHandler
                0x0000000008001310                DMA1_Channel1_IRQHandler
                0x0000000008001310                Default_Handler
                0x0000000008001310                EXTI15_10_IRQHandler
                0x0000000008001310                EXTI9_5_IRQHandler
                0x0000000008001310                DMA1_Channel5_IRQHandler
                0x0000000008001310                EXTI4_IRQHandler
                0x0000000008001310                USB_LP_CAN1_RX0_IRQHandler
                0x0000000008001310                USB_HP_CAN1_TX_IRQHandler
                0x0000000008001310                DMA1_Channel3_IRQHandler
                0x0000000008001310                TIM1_UP_IRQHandler
                0x0000000008001310                WWDG_IRQHandler
                0x0000000008001310                TIM1_BRK_IRQHandler
                0x0000000008001310                EXTI1_IRQHandler
                0x0000000008001310                USART2_IRQHandler
                0x0000000008001310                DMA1_Channel2_IRQHandler
                0x0000000008001310                CAN1_SCE_IRQHandler
                0x0000000008001310                FLASH_IRQHandler
                0x0000000008001310                USART1_IRQHandler
                0x0000000008001310                I2C1_ER_IRQHandler
                0x0000000008001310                USBWakeUp_IRQHandler
 *fill*         0x0000000008001312        0x2 
 .text.HAL_Init
                0x0000000008001314       0x2c ./Drivers/STM32F1xx_HAL_Driver/Src/stm32f1xx_hal.o
                0x0000000008001314                HAL_Init
 .text.HAL_InitTick
                0x0000000008001340       0x60 ./Drivers/STM32F1xx_HAL_Driver/Src/stm32f1xx_hal.o
                0x0000000008001340                HAL_InitTick
 .text.HAL_IncTick
                0x00000000080013a0       0x24 ./Drivers/STM32F1xx_HAL_Driver/Src/stm32f1xx_hal.o
                0x00000000080013a0                HAL_IncTick
 .text.HAL_GetTick
                0x00000000080013c4       0x14 ./Drivers/STM32F1xx_HAL_Driver/Src/stm32f1xx_hal.o
                0x00000000080013c4                HAL_GetTick
 .text.__NVIC_SetPriorityGrouping
                0x00000000080013d8       0x48 ./Drivers/STM32F1xx_HAL_Driver/Src/stm32f1xx_hal_cortex.o
 .text.__NVIC_GetPriorityGrouping
                0x0000000008001420       0x1c ./Drivers/STM32F1xx_HAL_Driver/Src/stm32f1xx_hal_cortex.o
 .text.__NVIC_EnableIRQ
                0x000000000800143c       0x38 ./Drivers/STM32F1xx_HAL_Driver/Src/stm32f1xx_hal_cortex.o
 .text.__NVIC_SetPriority
                0x0000000008001474       0x54 ./Drivers/STM32F1xx_HAL_Driver/Src/stm32f1xx_hal_cortex.o
 .text.NVIC_EncodePriority
                0x00000000080014c8       0x64 ./Drivers/STM32F1xx_HAL_Driver/Src/stm32f1xx_hal_cortex.o
 .text.SysTick_Config
                0x000000000800152c       0x44 ./Drivers/STM32F1xx_HAL_Driver/Src/stm32f1xx_hal_cortex.o
 .text.HAL_NVIC_SetPriorityGrouping
                0x0000000008001570       0x16 ./Drivers/STM32F1xx_HAL_Driver/Src/stm32f1xx_hal_cortex.o
                0x0000000008001570                HAL_NVIC_SetPriorityGrouping
 .text.HAL_NVIC_SetPriority
                0x0000000008001586       0x38 ./Drivers/STM32F1xx_HAL_Driver/Src/stm32f1xx_hal_cortex.o
                0x0000000008001586                HAL_NVIC_SetPriority
 .text.HAL_NVIC_EnableIRQ
                0x00000000080015be       0x1c ./Drivers/STM32F1xx_HAL_Driver/Src/stm32f1xx_hal_cortex.o
                0x00000000080015be                HAL_NVIC_EnableIRQ
 .text.HAL_SYSTICK_Config
                0x00000000080015da       0x18 ./Drivers/STM32F1xx_HAL_Driver/Src/stm32f1xx_hal_cortex.o
                0x00000000080015da                HAL_SYSTICK_Config
 *fill*         0x00000000080015f2        0x2 
 .text.HAL_GPIO_Init
                0x00000000080015f4      0x2f4 ./Drivers/STM32F1xx_HAL_Driver/Src/stm32f1xx_hal_gpio.o
                0x00000000080015f4                HAL_GPIO_Init
 .text.HAL_GPIO_ReadPin
                0x00000000080018e8       0x2e ./Drivers/STM32F1xx_HAL_Driver/Src/stm32f1xx_hal_gpio.o
                0x00000000080018e8                HAL_GPIO_ReadPin
 .text.HAL_GPIO_WritePin
                0x0000000008001916       0x30 ./Drivers/STM32F1xx_HAL_Driver/Src/stm32f1xx_hal_gpio.o
                0x0000000008001916                HAL_GPIO_WritePin
 .text.HAL_GPIO_TogglePin
                0x0000000008001946       0x32 ./Drivers/STM32F1xx_HAL_Driver/Src/stm32f1xx_hal_gpio.o
                0x0000000008001946                HAL_GPIO_TogglePin
 .text.HAL_RCC_OscConfig
                0x0000000008001978      0x500 ./Drivers/STM32F1xx_HAL_Driver/Src/stm32f1xx_hal_rcc.o
                0x0000000008001978                HAL_RCC_OscConfig
 .text.HAL_RCC_ClockConfig
                0x0000000008001e78      0x1d4 ./Drivers/STM32F1xx_HAL_Driver/Src/stm32f1xx_hal_rcc.o
                0x0000000008001e78                HAL_RCC_ClockConfig
 .text.HAL_RCC_GetSysClockFreq
                0x000000000800204c       0xa8 ./Drivers/STM32F1xx_HAL_Driver/Src/stm32f1xx_hal_rcc.o
                0x000000000800204c                HAL_RCC_GetSysClockFreq
 .text.RCC_Delay
                0x00000000080020f4       0x3c ./Drivers/STM32F1xx_HAL_Driver/Src/stm32f1xx_hal_rcc.o
 .text.HAL_TIM_Base_Init
                0x0000000008002130       0x9e ./Drivers/STM32F1xx_HAL_Driver/Src/stm32f1xx_hal_tim.o
                0x0000000008002130                HAL_TIM_Base_Init
 *fill*         0x00000000080021ce        0x2 
 .text.HAL_TIM_Base_Start_IT
                0x00000000080021d0       0x98 ./Drivers/STM32F1xx_HAL_Driver/Src/stm32f1xx_hal_tim.o
                0x00000000080021d0                HAL_TIM_Base_Start_IT
 .text.HAL_TIM_IRQHandler
                0x0000000008002268      0x1e0 ./Drivers/STM32F1xx_HAL_Driver/Src/stm32f1xx_hal_tim.o
                0x0000000008002268                HAL_TIM_IRQHandler
 .text.HAL_TIM_ConfigClockSource
                0x0000000008002448      0x18e ./Drivers/STM32F1xx_HAL_Driver/Src/stm32f1xx_hal_tim.o
                0x0000000008002448                HAL_TIM_ConfigClockSource
 .text.HAL_TIM_OC_DelayElapsedCallback
                0x00000000080025d6       0x12 ./Drivers/STM32F1xx_HAL_Driver/Src/stm32f1xx_hal_tim.o
                0x00000000080025d6                HAL_TIM_OC_DelayElapsedCallback
 .text.HAL_TIM_IC_CaptureCallback
                0x00000000080025e8       0x12 ./Drivers/STM32F1xx_HAL_Driver/Src/stm32f1xx_hal_tim.o
                0x00000000080025e8                HAL_TIM_IC_CaptureCallback
 .text.HAL_TIM_PWM_PulseFinishedCallback
                0x00000000080025fa       0x12 ./Drivers/STM32F1xx_HAL_Driver/Src/stm32f1xx_hal_tim.o
                0x00000000080025fa                HAL_TIM_PWM_PulseFinishedCallback
 .text.HAL_TIM_TriggerCallback
                0x000000000800260c       0x12 ./Drivers/STM32F1xx_HAL_Driver/Src/stm32f1xx_hal_tim.o
                0x000000000800260c                HAL_TIM_TriggerCallback
 *fill*         0x000000000800261e        0x2 
 .text.TIM_Base_SetConfig
                0x0000000008002620       0xc8 ./Drivers/STM32F1xx_HAL_Driver/Src/stm32f1xx_hal_tim.o
                0x0000000008002620                TIM_Base_SetConfig
 .text.TIM_TI1_ConfigInputStage
                0x00000000080026e8       0x5c ./Drivers/STM32F1xx_HAL_Driver/Src/stm32f1xx_hal_tim.o
 .text.TIM_TI2_ConfigInputStage
                0x0000000008002744       0x5e ./Drivers/STM32F1xx_HAL_Driver/Src/stm32f1xx_hal_tim.o
 .text.TIM_ITRx_SetConfig
                0x00000000080027a2       0x34 ./Drivers/STM32F1xx_HAL_Driver/Src/stm32f1xx_hal_tim.o
 .text.TIM_ETR_SetConfig
                0x00000000080027d6       0x3e ./Drivers/STM32F1xx_HAL_Driver/Src/stm32f1xx_hal_tim.o
                0x00000000080027d6                TIM_ETR_SetConfig
 .text.HAL_TIMEx_MasterConfigSynchronization
                0x0000000008002814       0xb0 ./Drivers/STM32F1xx_HAL_Driver/Src/stm32f1xx_hal_tim_ex.o
                0x0000000008002814                HAL_TIMEx_MasterConfigSynchronization
 .text.HAL_TIMEx_CommutCallback
                0x00000000080028c4       0x12 ./Drivers/STM32F1xx_HAL_Driver/Src/stm32f1xx_hal_tim_ex.o
                0x00000000080028c4                HAL_TIMEx_CommutCallback
 .text.HAL_TIMEx_BreakCallback
                0x00000000080028d6       0x12 ./Drivers/STM32F1xx_HAL_Driver/Src/stm32f1xx_hal_tim_ex.o
                0x00000000080028d6                HAL_TIMEx_BreakCallback
 .text.__libc_init_array
                0x00000000080028e8       0x48 d:/appfile/microprocessor_microcontroller/stm32cubeide_1.7.0/stm32cubeide/plugins/com.st.stm32cube.ide.mcu.externaltools.gnu-tools-for-stm32.9-2020-q2-update.win32_2.0.0.202105311346/tools/bin/../lib/gcc/arm-none-eabi/9.3.1/../../../../arm-none-eabi/lib/thumb/v7-m/nofp\libc_nano.a(lib_a-init.o)
                0x00000000080028e8                __libc_init_array
 .text.memset   0x0000000008002930       0x10 d:/appfile/microprocessor_microcontroller/stm32cubeide_1.7.0/stm32cubeide/plugins/com.st.stm32cube.ide.mcu.externaltools.gnu-tools-for-stm32.9-2020-q2-update.win32_2.0.0.202105311346/tools/bin/../lib/gcc/arm-none-eabi/9.3.1/../../../../arm-none-eabi/lib/thumb/v7-m/nofp\libc_nano.a(lib_a-memset.o)
                0x0000000008002930                memset
 *(.glue_7)
 .glue_7        0x0000000008002940        0x0 linker stubs
 *(.glue_7t)
 .glue_7t       0x0000000008002940        0x0 linker stubs
 *(.eh_frame)
 .eh_frame      0x0000000008002940        0x0 d:/appfile/microprocessor_microcontroller/stm32cubeide_1.7.0/stm32cubeide/plugins/com.st.stm32cube.ide.mcu.externaltools.gnu-tools-for-stm32.9-2020-q2-update.win32_2.0.0.202105311346/tools/bin/../lib/gcc/arm-none-eabi/9.3.1/thumb/v7-m/nofp/crtbegin.o
 *(.init)
 .init          0x0000000008002940        0x4 d:/appfile/microprocessor_microcontroller/stm32cubeide_1.7.0/stm32cubeide/plugins/com.st.stm32cube.ide.mcu.externaltools.gnu-tools-for-stm32.9-2020-q2-update.win32_2.0.0.202105311346/tools/bin/../lib/gcc/arm-none-eabi/9.3.1/thumb/v7-m/nofp/crti.o
                0x0000000008002940                _init
 .init          0x0000000008002944        0x8 d:/appfile/microprocessor_microcontroller/stm32cubeide_1.7.0/stm32cubeide/plugins/com.st.stm32cube.ide.mcu.externaltools.gnu-tools-for-stm32.9-2020-q2-update.win32_2.0.0.202105311346/tools/bin/../lib/gcc/arm-none-eabi/9.3.1/thumb/v7-m/nofp/crtn.o
 *(.fini)
 .fini          0x000000000800294c        0x4 d:/appfile/microprocessor_microcontroller/stm32cubeide_1.7.0/stm32cubeide/plugins/com.st.stm32cube.ide.mcu.externaltools.gnu-tools-for-stm32.9-2020-q2-update.win32_2.0.0.202105311346/tools/bin/../lib/gcc/arm-none-eabi/9.3.1/thumb/v7-m/nofp/crti.o
                0x000000000800294c                _fini
 .fini          0x0000000008002950        0x8 d:/appfile/microprocessor_microcontroller/stm32cubeide_1.7.0/stm32cubeide/plugins/com.st.stm32cube.ide.mcu.externaltools.gnu-tools-for-stm32.9-2020-q2-update.win32_2.0.0.202105311346/tools/bin/../lib/gcc/arm-none-eabi/9.3.1/thumb/v7-m/nofp/crtn.o
                0x0000000008002958                . = ALIGN (0x4)
                0x0000000008002958                _etext = .

.vfp11_veneer   0x0000000008002958        0x0
 .vfp11_veneer  0x0000000008002958        0x0 linker stubs

.v4_bx          0x0000000008002958        0x0
 .v4_bx         0x0000000008002958        0x0 linker stubs

.iplt           0x0000000008002958        0x0
 .iplt          0x0000000008002958        0x0 d:/appfile/microprocessor_microcontroller/stm32cubeide_1.7.0/stm32cubeide/plugins/com.st.stm32cube.ide.mcu.externaltools.gnu-tools-for-stm32.9-2020-q2-update.win32_2.0.0.202105311346/tools/bin/../lib/gcc/arm-none-eabi/9.3.1/thumb/v7-m/nofp/crtbegin.o

.rodata         0x0000000008002958       0x34
                0x0000000008002958                . = ALIGN (0x4)
 *(.rodata)
 *(.rodata*)
 .rodata.SEG_TABLE
                0x0000000008002958        0xf ./Core/Src/led_display.o
 *fill*         0x0000000008002967        0x1 
 .rodata.AHBPrescTable
                0x0000000008002968       0x10 ./Core/Src/system_stm32f1xx.o
                0x0000000008002968                AHBPrescTable
 .rodata.aPLLMULFactorTable.6032
                0x0000000008002978       0x10 ./Drivers/STM32F1xx_HAL_Driver/Src/stm32f1xx_hal_rcc.o
 .rodata.aPredivFactorTable.6033
                0x0000000008002988        0x2 ./Drivers/STM32F1xx_HAL_Driver/Src/stm32f1xx_hal_rcc.o
                0x000000000800298c                . = ALIGN (0x4)
 *fill*         0x000000000800298a        0x2 

.rel.dyn        0x000000000800298c        0x0
 .rel.iplt      0x000000000800298c        0x0 d:/appfile/microprocessor_microcontroller/stm32cubeide_1.7.0/stm32cubeide/plugins/com.st.stm32cube.ide.mcu.externaltools.gnu-tools-for-stm32.9-2020-q2-update.win32_2.0.0.202105311346/tools/bin/../lib/gcc/arm-none-eabi/9.3.1/thumb/v7-m/nofp/crtbegin.o

.ARM.extab      0x000000000800298c        0x0
                0x000000000800298c                . = ALIGN (0x4)
 *(.ARM.extab* .gnu.linkonce.armextab.*)
                0x000000000800298c                . = ALIGN (0x4)

.ARM            0x000000000800298c        0x0
                0x000000000800298c                . = ALIGN (0x4)
                0x000000000800298c                __exidx_start = .
 *(.ARM.exidx*)
                0x000000000800298c                __exidx_end = .
                0x000000000800298c                . = ALIGN (0x4)

.preinit_array  0x000000000800298c        0x0
                0x000000000800298c                . = ALIGN (0x4)
                0x000000000800298c                PROVIDE (__preinit_array_start = .)
 *(.preinit_array*)
                0x000000000800298c                PROVIDE (__preinit_array_end = .)
                0x000000000800298c                . = ALIGN (0x4)

.init_array     0x000000000800298c        0x4
                0x000000000800298c                . = ALIGN (0x4)
                0x000000000800298c                PROVIDE (__init_array_start = .)
 *(SORT_BY_NAME(.init_array.*))
 *(.init_array*)
 .init_array    0x000000000800298c        0x4 d:/appfile/microprocessor_microcontroller/stm32cubeide_1.7.0/stm32cubeide/plugins/com.st.stm32cube.ide.mcu.externaltools.gnu-tools-for-stm32.9-2020-q2-update.win32_2.0.0.202105311346/tools/bin/../lib/gcc/arm-none-eabi/9.3.1/thumb/v7-m/nofp/crtbegin.o
                0x0000000008002990                PROVIDE (__init_array_end = .)
                0x0000000008002990                . = ALIGN (0x4)

.fini_array     0x0000000008002990        0x4
                0x0000000008002990                . = ALIGN (0x4)
                [!provide]                        PROVIDE (__fini_array_start = .)
 *(SORT_BY_NAME(.fini_array.*))
 *(.fini_array*)
 .fini_array    0x0000000008002990        0x4 d:/appfile/microprocessor_microcontroller/stm32cubeide_1.7.0/stm32cubeide/plugins/com.st.stm32cube.ide.mcu.externaltools.gnu-tools-for-stm32.9-2020-q2-update.win32_2.0.0.202105311346/tools/bin/../lib/gcc/arm-none-eabi/9.3.1/thumb/v7-m/nofp/crtbegin.o
                [!provide]                        PROVIDE (__fini_array_end = .)
                0x0000000008002994                . = ALIGN (0x4)
                0x0000000008002994                _sidata = LOADADDR (.data)

.data           0x0000000020000000       0x3c load address 0x0000000008002994
                0x0000000020000000                . = ALIGN (0x4)
                0x0000000020000000                _sdata = .
 *(.data)
 *(.data*)
 .data.traffic_state
                0x0000000020000000        0x4 ./Core/Src/global.o
                0x0000000020000000                traffic_state
 .data.config_state
                0x0000000020000004        0x4 ./Core/Src/global.o
                0x0000000020000004                config_state
 .data.new_time
                0x0000000020000008        0x4 ./Core/Src/global.o
                0x0000000020000008                new_time
 .data.time_red
                0x000000002000000c        0x4 ./Core/Src/global.o
                0x000000002000000c                time_red
 .data.time_amber
                0x0000000020000010        0x4 ./Core/Src/global.o
                0x0000000020000010                time_amber
 .data.time_green
                0x0000000020000014        0x4 ./Core/Src/global.o
                0x0000000020000014                time_green
 .data.buttonBuffer
                0x0000000020000018        0x3 ./Core/Src/input_reading.o
 *fill*         0x000000002000001b        0x1 
 .data.debounceButtonBuffer1
                0x000000002000001c        0x3 ./Core/Src/input_reading.o
 *fill*         0x000000002000001f        0x1 
 .data.debounceButtonBuffer2
                0x0000000020000020        0x3 ./Core/Src/input_reading.o
 *fill*         0x0000000020000023        0x1 
 .data.SystemCoreClock
                0x0000000020000024        0x4 ./Core/Src/system_stm32f1xx.o
                0x0000000020000024                SystemCoreClock
 .data.timer_counter
                0x0000000020000028        0xc ./Core/Src/timer.o
                0x0000000020000028                timer_counter
 .data.uwTickPrio
                0x0000000020000034        0x4 ./Drivers/STM32F1xx_HAL_Driver/Src/stm32f1xx_hal.o
                0x0000000020000034                uwTickPrio
 .data.uwTickFreq
                0x0000000020000038        0x1 ./Drivers/STM32F1xx_HAL_Driver/Src/stm32f1xx_hal.o
                0x0000000020000038                uwTickFreq
 *(.RamFunc)
 *(.RamFunc*)
                0x000000002000003c                . = ALIGN (0x4)
 *fill*         0x0000000020000039        0x3 
                0x000000002000003c                _edata = .

.igot.plt       0x000000002000003c        0x0 load address 0x00000000080029d0
 .igot.plt      0x000000002000003c        0x0 d:/appfile/microprocessor_microcontroller/stm32cubeide_1.7.0/stm32cubeide/plugins/com.st.stm32cube.ide.mcu.externaltools.gnu-tools-for-stm32.9-2020-q2-update.win32_2.0.0.202105311346/tools/bin/../lib/gcc/arm-none-eabi/9.3.1/thumb/v7-m/nofp/crtbegin.o
                0x000000002000003c                . = ALIGN (0x4)

.bss            0x000000002000003c       0xb0 load address 0x00000000080029d0
                0x000000002000003c                _sbss = .
                0x000000002000003c                __bss_start__ = _sbss
 *(.bss)
 .bss           0x000000002000003c       0x1c d:/appfile/microprocessor_microcontroller/stm32cubeide_1.7.0/stm32cubeide/plugins/com.st.stm32cube.ide.mcu.externaltools.gnu-tools-for-stm32.9-2020-q2-update.win32_2.0.0.202105311346/tools/bin/../lib/gcc/arm-none-eabi/9.3.1/thumb/v7-m/nofp/crtbegin.o
 *(.bss*)
 .bss.state     0x0000000020000058        0x4 ./Core/Src/global.o
                0x0000000020000058                state
 .bss.led_idx   0x000000002000005c        0x4 ./Core/Src/global.o
                0x000000002000005c                led_idx
 .bss.new_red   0x0000000020000060        0x4 ./Core/Src/global.o
                0x0000000020000060                new_red
 .bss.new_green
                0x0000000020000064        0x4 ./Core/Src/global.o
                0x0000000020000064                new_green
 .bss.new_amber
                0x0000000020000068        0x4 ./Core/Src/global.o
                0x0000000020000068                new_amber
 .bss.counter_rgy1
                0x000000002000006c        0x4 ./Core/Src/global.o
                0x000000002000006c                counter_rgy1
 .bss.counter_rgy2
                0x0000000020000070        0x4 ./Core/Src/global.o
                0x0000000020000070                counter_rgy2
 .bss.buttonState
                0x0000000020000074        0x3 ./Core/Src/input_processing.o
                0x0000000020000074                buttonState
 *fill*         0x0000000020000077        0x1 
 .bss.flagForButtonPress1s
                0x0000000020000078        0x3 ./Core/Src/input_reading.o
 *fill*         0x000000002000007b        0x1 
 .bss.counterForButtonPress1s
                0x000000002000007c        0x6 ./Core/Src/input_reading.o
 *fill*         0x0000000020000082        0x2 
 .bss.led_buffer
                0x0000000020000084       0x10 ./Core/Src/led_display.o
                0x0000000020000084                led_buffer
 .bss.timer_flag
                0x0000000020000094        0xc ./Core/Src/timer.o
                0x0000000020000094                timer_flag
 *(COMMON)
 COMMON         0x00000000200000a0       0x48 ./Core/Src/main.o
                0x00000000200000a0                htim2
 COMMON         0x00000000200000e8        0x4 ./Drivers/STM32F1xx_HAL_Driver/Src/stm32f1xx_hal.o
                0x00000000200000e8                uwTick
                0x00000000200000ec                . = ALIGN (0x4)
                0x00000000200000ec                _ebss = .
                0x00000000200000ec                __bss_end__ = _ebss

._user_heap_stack
                0x00000000200000ec      0x604 load address 0x00000000080029d0
                0x00000000200000f0                . = ALIGN (0x8)
 *fill*         0x00000000200000ec        0x4 
                [!provide]                        PROVIDE (end = .)
                0x00000000200000f0                PROVIDE (_end = .)
                0x00000000200002f0                . = (. + _Min_Heap_Size)
 *fill*         0x00000000200000f0      0x200 
                0x00000000200006f0                . = (. + _Min_Stack_Size)
 *fill*         0x00000000200002f0      0x400 
                0x00000000200006f0                . = ALIGN (0x8)

/DISCARD/
 libc.a(*)
 libm.a(*)
 libgcc.a(*)

.ARM.attributes
                0x0000000000000000       0x29
 *(.ARM.attributes)
 .ARM.attributes
                0x0000000000000000       0x1d d:/appfile/microprocessor_microcontroller/stm32cubeide_1.7.0/stm32cubeide/plugins/com.st.stm32cube.ide.mcu.externaltools.gnu-tools-for-stm32.9-2020-q2-update.win32_2.0.0.202105311346/tools/bin/../lib/gcc/arm-none-eabi/9.3.1/thumb/v7-m/nofp/crti.o
 .ARM.attributes
                0x000000000000001d       0x2d d:/appfile/microprocessor_microcontroller/stm32cubeide_1.7.0/stm32cubeide/plugins/com.st.stm32cube.ide.mcu.externaltools.gnu-tools-for-stm32.9-2020-q2-update.win32_2.0.0.202105311346/tools/bin/../lib/gcc/arm-none-eabi/9.3.1/thumb/v7-m/nofp/crtbegin.o
 .ARM.attributes
                0x000000000000004a       0x2d ./Core/Src/fsm_automatic.o
 .ARM.attributes
                0x0000000000000077       0x2d ./Core/Src/fsm_config.o
 .ARM.attributes
                0x00000000000000a4       0x2d ./Core/Src/fsm_manual.o
 .ARM.attributes
                0x00000000000000d1       0x33 ./Core/Src/global.o
 .ARM.attributes
                0x0000000000000104       0x2d ./Core/Src/input_processing.o
 .ARM.attributes
                0x0000000000000131       0x2d ./Core/Src/input_reading.o
 .ARM.attributes
                0x000000000000015e       0x2d ./Core/Src/led_display.o
 .ARM.attributes
                0x000000000000018b       0x2d ./Core/Src/main.o
 .ARM.attributes
                0x00000000000001b8       0x2d ./Core/Src/stm32f1xx_hal_msp.o
 .ARM.attributes
                0x00000000000001e5       0x2d ./Core/Src/stm32f1xx_it.o
 .ARM.attributes
                0x0000000000000212       0x2d ./Core/Src/system_stm32f1xx.o
 .ARM.attributes
                0x000000000000023f       0x2d ./Core/Src/timer.o
 .ARM.attributes
                0x000000000000026c       0x21 ./Core/Startup/startup_stm32f103c6ux.o
 .ARM.attributes
                0x000000000000028d       0x2d ./Drivers/STM32F1xx_HAL_Driver/Src/stm32f1xx_hal.o
 .ARM.attributes
                0x00000000000002ba       0x2d ./Drivers/STM32F1xx_HAL_Driver/Src/stm32f1xx_hal_cortex.o
 .ARM.attributes
                0x00000000000002e7       0x2d ./Drivers/STM32F1xx_HAL_Driver/Src/stm32f1xx_hal_gpio.o
 .ARM.attributes
                0x0000000000000314       0x2d ./Drivers/STM32F1xx_HAL_Driver/Src/stm32f1xx_hal_rcc.o
 .ARM.attributes
                0x0000000000000341       0x2d ./Drivers/STM32F1xx_HAL_Driver/Src/stm32f1xx_hal_tim.o
 .ARM.attributes
                0x000000000000036e       0x2d ./Drivers/STM32F1xx_HAL_Driver/Src/stm32f1xx_hal_tim_ex.o
 .ARM.attributes
                0x000000000000039b       0x2d d:/appfile/microprocessor_microcontroller/stm32cubeide_1.7.0/stm32cubeide/plugins/com.st.stm32cube.ide.mcu.externaltools.gnu-tools-for-stm32.9-2020-q2-update.win32_2.0.0.202105311346/tools/bin/../lib/gcc/arm-none-eabi/9.3.1/../../../../arm-none-eabi/lib/thumb/v7-m/nofp\libc_nano.a(lib_a-init.o)
 .ARM.attributes
                0x00000000000003c8       0x2d d:/appfile/microprocessor_microcontroller/stm32cubeide_1.7.0/stm32cubeide/plugins/com.st.stm32cube.ide.mcu.externaltools.gnu-tools-for-stm32.9-2020-q2-update.win32_2.0.0.202105311346/tools/bin/../lib/gcc/arm-none-eabi/9.3.1/../../../../arm-none-eabi/lib/thumb/v7-m/nofp\libc_nano.a(lib_a-memset.o)
 .ARM.attributes
                0x00000000000003f5       0x1d d:/appfile/microprocessor_microcontroller/stm32cubeide_1.7.0/stm32cubeide/plugins/com.st.stm32cube.ide.mcu.externaltools.gnu-tools-for-stm32.9-2020-q2-update.win32_2.0.0.202105311346/tools/bin/../lib/gcc/arm-none-eabi/9.3.1/thumb/v7-m/nofp/crtn.o
OUTPUT(Lab3.elf elf32-littlearm)
LOAD linker stubs
LOAD d:/appfile/microprocessor_microcontroller/stm32cubeide_1.7.0/stm32cubeide/plugins/com.st.stm32cube.ide.mcu.externaltools.gnu-tools-for-stm32.9-2020-q2-update.win32_2.0.0.202105311346/tools/bin/../lib/gcc/arm-none-eabi/9.3.1/../../../../arm-none-eabi/lib/thumb/v7-m/nofp\libc.a
LOAD d:/appfile/microprocessor_microcontroller/stm32cubeide_1.7.0/stm32cubeide/plugins/com.st.stm32cube.ide.mcu.externaltools.gnu-tools-for-stm32.9-2020-q2-update.win32_2.0.0.202105311346/tools/bin/../lib/gcc/arm-none-eabi/9.3.1/../../../../arm-none-eabi/lib/thumb/v7-m/nofp\libm.a
LOAD d:/appfile/microprocessor_microcontroller/stm32cubeide_1.7.0/stm32cubeide/plugins/com.st.stm32cube.ide.mcu.externaltools.gnu-tools-for-stm32.9-2020-q2-update.win32_2.0.0.202105311346/tools/bin/../lib/gcc/arm-none-eabi/9.3.1/thumb/v7-m/nofp\libgcc.a

.debug_info     0x0000000000000000     0x9e81
 .debug_info    0x0000000000000000      0x22e ./Core/Src/fsm_automatic.o
 .debug_info    0x000000000000022e      0x22e ./Core/Src/fsm_config.o
 .debug_info    0x000000000000045c      0x29a ./Core/Src/fsm_manual.o
 .debug_info    0x00000000000006f6      0x17b ./Core/Src/global.o
 .debug_info    0x0000000000000871      0x311 ./Core/Src/input_processing.o
 .debug_info    0x0000000000000b82      0x35a ./Core/Src/input_reading.o
 .debug_info    0x0000000000000edc      0x36a ./Core/Src/led_display.o
 .debug_info    0x0000000000001246      0xb68 ./Core/Src/main.o
 .debug_info    0x0000000000001dae      0xa09 ./Core/Src/stm32f1xx_hal_msp.o
 .debug_info    0x00000000000027b7      0x7b9 ./Core/Src/stm32f1xx_it.o
 .debug_info    0x0000000000002f70      0x2be ./Core/Src/system_stm32f1xx.o
 .debug_info    0x000000000000322e      0x7e2 ./Core/Src/timer.o
 .debug_info    0x0000000000003a10       0x22 ./Core/Startup/startup_stm32f103c6ux.o
 .debug_info    0x0000000000003a32      0x74c ./Drivers/STM32F1xx_HAL_Driver/Src/stm32f1xx_hal.o
 .debug_info    0x000000000000417e      0xbbe ./Drivers/STM32F1xx_HAL_Driver/Src/stm32f1xx_hal_cortex.o
 .debug_info    0x0000000000004d3c      0x701 ./Drivers/STM32F1xx_HAL_Driver/Src/stm32f1xx_hal_gpio.o
 .debug_info    0x000000000000543d      0x893 ./Drivers/STM32F1xx_HAL_Driver/Src/stm32f1xx_hal_rcc.o
 .debug_info    0x0000000000005cd0     0x2c32 ./Drivers/STM32F1xx_HAL_Driver/Src/stm32f1xx_hal_tim.o
 .debug_info    0x0000000000008902     0x157f ./Drivers/STM32F1xx_HAL_Driver/Src/stm32f1xx_hal_tim_ex.o

.debug_abbrev   0x0000000000000000     0x1d69
 .debug_abbrev  0x0000000000000000       0xb8 ./Core/Src/fsm_automatic.o
 .debug_abbrev  0x00000000000000b8       0xb8 ./Core/Src/fsm_config.o
 .debug_abbrev  0x0000000000000170       0xd0 ./Core/Src/fsm_manual.o
 .debug_abbrev  0x0000000000000240       0x40 ./Core/Src/global.o
 .debug_abbrev  0x0000000000000280      0x15b ./Core/Src/input_processing.o
 .debug_abbrev  0x00000000000003db      0x152 ./Core/Src/input_reading.o
 .debug_abbrev  0x000000000000052d      0x187 ./Core/Src/led_display.o
 .debug_abbrev  0x00000000000006b4      0x21b ./Core/Src/main.o
 .debug_abbrev  0x00000000000008cf      0x1b7 ./Core/Src/stm32f1xx_hal_msp.o
 .debug_abbrev  0x0000000000000a86      0x176 ./Core/Src/stm32f1xx_it.o
 .debug_abbrev  0x0000000000000bfc      0x14e ./Core/Src/system_stm32f1xx.o
 .debug_abbrev  0x0000000000000d4a      0x1ee ./Core/Src/timer.o
 .debug_abbrev  0x0000000000000f38       0x12 ./Core/Startup/startup_stm32f103c6ux.o
 .debug_abbrev  0x0000000000000f4a      0x1ed ./Drivers/STM32F1xx_HAL_Driver/Src/stm32f1xx_hal.o
 .debug_abbrev  0x0000000000001137      0x313 ./Drivers/STM32F1xx_HAL_Driver/Src/stm32f1xx_hal_cortex.o
 .debug_abbrev  0x000000000000144a      0x1e8 ./Drivers/STM32F1xx_HAL_Driver/Src/stm32f1xx_hal_gpio.o
 .debug_abbrev  0x0000000000001632      0x273 ./Drivers/STM32F1xx_HAL_Driver/Src/stm32f1xx_hal_rcc.o
 .debug_abbrev  0x00000000000018a5      0x25e ./Drivers/STM32F1xx_HAL_Driver/Src/stm32f1xx_hal_tim.o
 .debug_abbrev  0x0000000000001b03      0x266 ./Drivers/STM32F1xx_HAL_Driver/Src/stm32f1xx_hal_tim_ex.o

.debug_aranges  0x0000000000000000      0xac8
 .debug_aranges
                0x0000000000000000       0x20 ./Core/Src/fsm_automatic.o
 .debug_aranges
                0x0000000000000020       0x20 ./Core/Src/fsm_config.o
 .debug_aranges
                0x0000000000000040       0x50 ./Core/Src/fsm_manual.o
 .debug_aranges
                0x0000000000000090       0x18 ./Core/Src/global.o
 .debug_aranges
                0x00000000000000a8       0x40 ./Core/Src/input_processing.o
 .debug_aranges
                0x00000000000000e8       0x30 ./Core/Src/input_reading.o
 .debug_aranges
                0x0000000000000118       0x50 ./Core/Src/led_display.o
 .debug_aranges
                0x0000000000000168       0x40 ./Core/Src/main.o
 .debug_aranges
                0x00000000000001a8       0x30 ./Core/Src/stm32f1xx_hal_msp.o
 .debug_aranges
                0x00000000000001d8       0x68 ./Core/Src/stm32f1xx_it.o
 .debug_aranges
                0x0000000000000240       0x28 ./Core/Src/system_stm32f1xx.o
 .debug_aranges
                0x0000000000000268       0x38 ./Core/Src/timer.o
 .debug_aranges
                0x00000000000002a0       0x28 ./Core/Startup/startup_stm32f103c6ux.o
 .debug_aranges
                0x00000000000002c8       0xe0 ./Drivers/STM32F1xx_HAL_Driver/Src/stm32f1xx_hal.o
 .debug_aranges
                0x00000000000003a8      0x100 ./Drivers/STM32F1xx_HAL_Driver/Src/stm32f1xx_hal_cortex.o
 .debug_aranges
                0x00000000000004a8       0x58 ./Drivers/STM32F1xx_HAL_Driver/Src/stm32f1xx_hal_gpio.o
 .debug_aranges
                0x0000000000000500       0x90 ./Drivers/STM32F1xx_HAL_Driver/Src/stm32f1xx_hal_rcc.o
 .debug_aranges
                0x0000000000000590      0x3d0 ./Drivers/STM32F1xx_HAL_Driver/Src/stm32f1xx_hal_tim.o
 .debug_aranges
                0x0000000000000960      0x168 ./Drivers/STM32F1xx_HAL_Driver/Src/stm32f1xx_hal_tim_ex.o

.debug_ranges   0x0000000000000000      0x998
 .debug_ranges  0x0000000000000000       0x10 ./Core/Src/fsm_automatic.o
 .debug_ranges  0x0000000000000010       0x10 ./Core/Src/fsm_config.o
 .debug_ranges  0x0000000000000020       0x40 ./Core/Src/fsm_manual.o
 .debug_ranges  0x0000000000000060       0x30 ./Core/Src/input_processing.o
 .debug_ranges  0x0000000000000090       0x20 ./Core/Src/input_reading.o
 .debug_ranges  0x00000000000000b0       0x40 ./Core/Src/led_display.o
 .debug_ranges  0x00000000000000f0       0x30 ./Core/Src/main.o
 .debug_ranges  0x0000000000000120       0x20 ./Core/Src/stm32f1xx_hal_msp.o
 .debug_ranges  0x0000000000000140       0x58 ./Core/Src/stm32f1xx_it.o
 .debug_ranges  0x0000000000000198       0x18 ./Core/Src/system_stm32f1xx.o
 .debug_ranges  0x00000000000001b0       0x28 ./Core/Src/timer.o
 .debug_ranges  0x00000000000001d8       0x20 ./Core/Startup/startup_stm32f103c6ux.o
 .debug_ranges  0x00000000000001f8       0xd0 ./Drivers/STM32F1xx_HAL_Driver/Src/stm32f1xx_hal.o
 .debug_ranges  0x00000000000002c8       0xf0 ./Drivers/STM32F1xx_HAL_Driver/Src/stm32f1xx_hal_cortex.o
 .debug_ranges  0x00000000000003b8       0x48 ./Drivers/STM32F1xx_HAL_Driver/Src/stm32f1xx_hal_gpio.o
 .debug_ranges  0x0000000000000400       0x80 ./Drivers/STM32F1xx_HAL_Driver/Src/stm32f1xx_hal_rcc.o
 .debug_ranges  0x0000000000000480      0x3c0 ./Drivers/STM32F1xx_HAL_Driver/Src/stm32f1xx_hal_tim.o
 .debug_ranges  0x0000000000000840      0x158 ./Drivers/STM32F1xx_HAL_Driver/Src/stm32f1xx_hal_tim_ex.o

.debug_macro    0x0000000000000000    0x17004
 .debug_macro   0x0000000000000000      0x1cd ./Core/Src/fsm_automatic.o
 .debug_macro   0x00000000000001cd      0xa9c ./Core/Src/fsm_automatic.o
 .debug_macro   0x0000000000000c69       0x64 ./Core/Src/fsm_automatic.o
 .debug_macro   0x0000000000000ccd      0x215 ./Core/Src/fsm_automatic.o
 .debug_macro   0x0000000000000ee2       0x2e ./Core/Src/fsm_automatic.o
 .debug_macro   0x0000000000000f10       0x22 ./Core/Src/fsm_automatic.o
 .debug_macro   0x0000000000000f32       0x22 ./Core/Src/fsm_automatic.o
 .debug_macro   0x0000000000000f54       0x8e ./Core/Src/fsm_automatic.o
 .debug_macro   0x0000000000000fe2       0x51 ./Core/Src/fsm_automatic.o
 .debug_macro   0x0000000000001033      0x103 ./Core/Src/fsm_automatic.o
 .debug_macro   0x0000000000001136       0x6a ./Core/Src/fsm_automatic.o
 .debug_macro   0x00000000000011a0      0x1df ./Core/Src/fsm_automatic.o
 .debug_macro   0x000000000000137f       0x1c ./Core/Src/fsm_automatic.o
 .debug_macro   0x000000000000139b       0x22 ./Core/Src/fsm_automatic.o
 .debug_macro   0x00000000000013bd       0xc3 ./Core/Src/fsm_automatic.o
 .debug_macro   0x0000000000001480      0xd23 ./Core/Src/fsm_automatic.o
 .debug_macro   0x00000000000021a3     0xde75 ./Core/Src/fsm_automatic.o
 .debug_macro   0x0000000000010018       0x6d ./Core/Src/fsm_automatic.o
 .debug_macro   0x0000000000010085     0x34a2 ./Core/Src/fsm_automatic.o
 .debug_macro   0x0000000000013527      0x174 ./Core/Src/fsm_automatic.o
 .debug_macro   0x000000000001369b       0x5c ./Core/Src/fsm_automatic.o
 .debug_macro   0x00000000000136f7      0x5bc ./Core/Src/fsm_automatic.o
 .debug_macro   0x0000000000013cb3      0x1b7 ./Core/Src/fsm_automatic.o
 .debug_macro   0x0000000000013e6a      0x1cb ./Core/Src/fsm_automatic.o
 .debug_macro   0x0000000000014035      0x114 ./Core/Src/fsm_automatic.o
 .debug_macro   0x0000000000014149      0x1b2 ./Core/Src/fsm_automatic.o
 .debug_macro   0x00000000000142fb       0x27 ./Core/Src/fsm_automatic.o
 .debug_macro   0x0000000000014322      0x12f ./Core/Src/fsm_automatic.o
 .debug_macro   0x0000000000014451      0x1bc ./Core/Src/fsm_automatic.o
 .debug_macro   0x000000000001460d       0x34 ./Core/Src/fsm_automatic.o
 .debug_macro   0x0000000000014641       0x3c ./Core/Src/fsm_automatic.o
 .debug_macro   0x000000000001467d       0x57 ./Core/Src/fsm_automatic.o
 .debug_macro   0x00000000000146d4       0x87 ./Core/Src/fsm_automatic.o
 .debug_macro   0x000000000001475b      0x183 ./Core/Src/fsm_automatic.o
 .debug_macro   0x00000000000148de      0x140 ./Core/Src/fsm_automatic.o
 .debug_macro   0x0000000000014a1e      0x8ed ./Core/Src/fsm_automatic.o
 .debug_macro   0x000000000001530b       0x69 ./Core/Src/fsm_automatic.o
 .debug_macro   0x0000000000015374      0x100 ./Core/Src/fsm_automatic.o
 .debug_macro   0x0000000000015474      0x1cd ./Core/Src/fsm_config.o
 .debug_macro   0x0000000000015641      0x1cd ./Core/Src/fsm_manual.o
 .debug_macro   0x000000000001580e       0x1a ./Core/Src/global.o
 .debug_macro   0x0000000000015828      0x1db ./Core/Src/input_processing.o
 .debug_macro   0x0000000000015a03      0x1be ./Core/Src/input_reading.o
 .debug_macro   0x0000000000015bc1      0x1a6 ./Core/Src/led_display.o
 .debug_macro   0x0000000000015d67      0x1ce ./Core/Src/main.o
 .debug_macro   0x0000000000015f35      0x1a6 ./Core/Src/stm32f1xx_hal_msp.o
 .debug_macro   0x00000000000160db      0x1b0 ./Core/Src/stm32f1xx_it.o
 .debug_macro   0x000000000001628b      0x197 ./Core/Src/system_stm32f1xx.o
 .debug_macro   0x0000000000016422      0x1b6 ./Core/Src/timer.o
 .debug_macro   0x00000000000165d8      0x1bb ./Drivers/STM32F1xx_HAL_Driver/Src/stm32f1xx_hal.o
 .debug_macro   0x0000000000016793      0x197 ./Drivers/STM32F1xx_HAL_Driver/Src/stm32f1xx_hal_cortex.o
 .debug_macro   0x000000000001692a      0x202 ./Drivers/STM32F1xx_HAL_Driver/Src/stm32f1xx_hal_gpio.o
 .debug_macro   0x0000000000016b2c      0x1a9 ./Drivers/STM32F1xx_HAL_Driver/Src/stm32f1xx_hal_rcc.o
 .debug_macro   0x0000000000016cd5      0x198 ./Drivers/STM32F1xx_HAL_Driver/Src/stm32f1xx_hal_tim.o
 .debug_macro   0x0000000000016e6d      0x197 ./Drivers/STM32F1xx_HAL_Driver/Src/stm32f1xx_hal_tim_ex.o

.debug_line     0x0000000000000000     0xdaa5
 .debug_line    0x0000000000000000      0x82a ./Core/Src/fsm_automatic.o
 .debug_line    0x000000000000082a      0x822 ./Core/Src/fsm_config.o
 .debug_line    0x000000000000104c      0x893 ./Core/Src/fsm_manual.o
 .debug_line    0x00000000000018df       0x4d ./Core/Src/global.o
 .debug_line    0x000000000000192c      0x9e4 ./Core/Src/input_processing.o
 .debug_line    0x0000000000002310      0x826 ./Core/Src/input_reading.o
 .debug_line    0x0000000000002b36      0x8fb ./Core/Src/led_display.o
 .debug_line    0x0000000000003431      0x8d9 ./Core/Src/main.o
 .debug_line    0x0000000000003d0a      0x7be ./Core/Src/stm32f1xx_hal_msp.o
 .debug_line    0x00000000000044c8      0x85c ./Core/Src/stm32f1xx_it.o
 .debug_line    0x0000000000004d24      0x800 ./Core/Src/system_stm32f1xx.o
 .debug_line    0x0000000000005524      0x80f ./Core/Src/timer.o
 .debug_line    0x0000000000005d33       0x86 ./Core/Startup/startup_stm32f103c6ux.o
 .debug_line    0x0000000000005db9      0xa2d ./Drivers/STM32F1xx_HAL_Driver/Src/stm32f1xx_hal.o
 .debug_line    0x00000000000067e6      0xc15 ./Drivers/STM32F1xx_HAL_Driver/Src/stm32f1xx_hal_cortex.o
 .debug_line    0x00000000000073fb      0xab0 ./Drivers/STM32F1xx_HAL_Driver/Src/stm32f1xx_hal_gpio.o
 .debug_line    0x0000000000007eab      0xe39 ./Drivers/STM32F1xx_HAL_Driver/Src/stm32f1xx_hal_rcc.o
 .debug_line    0x0000000000008ce4     0x347e ./Drivers/STM32F1xx_HAL_Driver/Src/stm32f1xx_hal_tim.o
 .debug_line    0x000000000000c162     0x1943 ./Drivers/STM32F1xx_HAL_Driver/Src/stm32f1xx_hal_tim_ex.o

.debug_str      0x0000000000000000    0x826b2
 .debug_str     0x0000000000000000    0x7f93c ./Core/Src/fsm_automatic.o
                                      0x7fc70 (size before relaxing)
 .debug_str     0x000000000007f93c       0x37 ./Core/Src/fsm_config.o
                                      0x7fc67 (size before relaxing)
 .debug_str     0x000000000007f973       0x8b ./Core/Src/fsm_manual.o
                                      0x7fcbb (size before relaxing)
 .debug_str     0x000000000007f9fe       0x15 ./Core/Src/global.o
                                       0x2ece (size before relaxing)
 .debug_str     0x000000000007fa13      0x112 ./Core/Src/input_processing.o
                                      0x7fd42 (size before relaxing)
 .debug_str     0x000000000007fb25      0x172 ./Core/Src/input_reading.o
                                      0x7fc4e (size before relaxing)
 .debug_str     0x000000000007fc97       0x85 ./Core/Src/led_display.o
                                      0x7fb6d (size before relaxing)
 .debug_str     0x000000000007fd1c      0x6bc ./Core/Src/main.o
                                      0x802bf (size before relaxing)
 .debug_str     0x00000000000803d8      0x2ba ./Core/Src/stm32f1xx_hal_msp.o
                                      0x802dc (size before relaxing)
 .debug_str     0x0000000000080692       0xcd ./Core/Src/stm32f1xx_it.o
                                      0x8003e (size before relaxing)
 .debug_str     0x000000000008075f       0x52 ./Core/Src/system_stm32f1xx.o
                                      0x7f781 (size before relaxing)
 .debug_str     0x00000000000807b1       0x96 ./Core/Src/timer.o
                                      0x8001d (size before relaxing)
 .debug_str     0x0000000000080847       0x36 ./Core/Startup/startup_stm32f103c6ux.o
                                         0x75 (size before relaxing)
 .debug_str     0x000000000008087d      0x304 ./Drivers/STM32F1xx_HAL_Driver/Src/stm32f1xx_hal.o
                                      0x7fdd8 (size before relaxing)
 .debug_str     0x0000000000080b81      0x300 ./Drivers/STM32F1xx_HAL_Driver/Src/stm32f1xx_hal_cortex.o
                                      0x7fde0 (size before relaxing)
 .debug_str     0x0000000000080e81      0x316 ./Drivers/STM32F1xx_HAL_Driver/Src/stm32f1xx_hal_gpio.o
                                      0x7fb45 (size before relaxing)
 .debug_str     0x0000000000081197      0x24f ./Drivers/STM32F1xx_HAL_Driver/Src/stm32f1xx_hal_rcc.o
                                      0x7fb7e (size before relaxing)
 .debug_str     0x00000000000813e6      0xdde ./Drivers/STM32F1xx_HAL_Driver/Src/stm32f1xx_hal_tim.o
                                      0x80b67 (size before relaxing)
 .debug_str     0x00000000000821c4      0x4ee ./Drivers/STM32F1xx_HAL_Driver/Src/stm32f1xx_hal_tim_ex.o
                                      0x80308 (size before relaxing)

.comment        0x0000000000000000       0x53
 .comment       0x0000000000000000       0x53 ./Core/Src/fsm_automatic.o
                                         0x54 (size before relaxing)
 .comment       0x0000000000000053       0x54 ./Core/Src/fsm_config.o
 .comment       0x0000000000000053       0x54 ./Core/Src/fsm_manual.o
 .comment       0x0000000000000053       0x54 ./Core/Src/global.o
 .comment       0x0000000000000053       0x54 ./Core/Src/input_processing.o
 .comment       0x0000000000000053       0x54 ./Core/Src/input_reading.o
 .comment       0x0000000000000053       0x54 ./Core/Src/led_display.o
 .comment       0x0000000000000053       0x54 ./Core/Src/main.o
 .comment       0x0000000000000053       0x54 ./Core/Src/stm32f1xx_hal_msp.o
 .comment       0x0000000000000053       0x54 ./Core/Src/stm32f1xx_it.o
 .comment       0x0000000000000053       0x54 ./Core/Src/system_stm32f1xx.o
 .comment       0x0000000000000053       0x54 ./Core/Src/timer.o
 .comment       0x0000000000000053       0x54 ./Drivers/STM32F1xx_HAL_Driver/Src/stm32f1xx_hal.o
 .comment       0x0000000000000053       0x54 ./Drivers/STM32F1xx_HAL_Driver/Src/stm32f1xx_hal_cortex.o
 .comment       0x0000000000000053       0x54 ./Drivers/STM32F1xx_HAL_Driver/Src/stm32f1xx_hal_gpio.o
 .comment       0x0000000000000053       0x54 ./Drivers/STM32F1xx_HAL_Driver/Src/stm32f1xx_hal_rcc.o
 .comment       0x0000000000000053       0x54 ./Drivers/STM32F1xx_HAL_Driver/Src/stm32f1xx_hal_tim.o
 .comment       0x0000000000000053       0x54 ./Drivers/STM32F1xx_HAL_Driver/Src/stm32f1xx_hal_tim_ex.o

.debug_frame    0x0000000000000000     0x29d0
 .debug_frame   0x0000000000000000       0x2c ./Core/Src/fsm_automatic.o
 .debug_frame   0x000000000000002c       0x2c ./Core/Src/fsm_config.o
 .debug_frame   0x0000000000000058       0xd4 ./Core/Src/fsm_manual.o
 .debug_frame   0x000000000000012c       0xc0 ./Core/Src/input_processing.o
 .debug_frame   0x00000000000001ec       0x84 ./Core/Src/input_reading.o
 .debug_frame   0x0000000000000270      0x114 ./Core/Src/led_display.o
 .debug_frame   0x0000000000000384       0xb0 ./Core/Src/main.o
 .debug_frame   0x0000000000000434       0x80 ./Core/Src/stm32f1xx_hal_msp.o
 .debug_frame   0x00000000000004b4      0x120 ./Core/Src/stm32f1xx_it.o
 .debug_frame   0x00000000000005d4       0x58 ./Core/Src/system_stm32f1xx.o
 .debug_frame   0x000000000000062c       0xac ./Core/Src/timer.o
 .debug_frame   0x00000000000006d8      0x334 ./Drivers/STM32F1xx_HAL_Driver/Src/stm32f1xx_hal.o
 .debug_frame   0x0000000000000a0c      0x428 ./Drivers/STM32F1xx_HAL_Driver/Src/stm32f1xx_hal_cortex.o
 .debug_frame   0x0000000000000e34      0x14c ./Drivers/STM32F1xx_HAL_Driver/Src/stm32f1xx_hal_gpio.o
 .debug_frame   0x0000000000000f80      0x218 ./Drivers/STM32F1xx_HAL_Driver/Src/stm32f1xx_hal_rcc.o
 .debug_frame   0x0000000000001198     0x11b4 ./Drivers/STM32F1xx_HAL_Driver/Src/stm32f1xx_hal_tim.o
 .debug_frame   0x000000000000234c      0x638 ./Drivers/STM32F1xx_HAL_Driver/Src/stm32f1xx_hal_tim_ex.o
 .debug_frame   0x0000000000002984       0x2c d:/appfile/microprocessor_microcontroller/stm32cubeide_1.7.0/stm32cubeide/plugins/com.st.stm32cube.ide.mcu.externaltools.gnu-tools-for-stm32.9-2020-q2-update.win32_2.0.0.202105311346/tools/bin/../lib/gcc/arm-none-eabi/9.3.1/../../../../arm-none-eabi/lib/thumb/v7-m/nofp\libc_nano.a(lib_a-init.o)
 .debug_frame   0x00000000000029b0       0x20 d:/appfile/microprocessor_microcontroller/stm32cubeide_1.7.0/stm32cubeide/plugins/com.st.stm32cube.ide.mcu.externaltools.gnu-tools-for-stm32.9-2020-q2-update.win32_2.0.0.202105311346/tools/bin/../lib/gcc/arm-none-eabi/9.3.1/../../../../arm-none-eabi/lib/thumb/v7-m/nofp\libc_nano.a(lib_a-memset.o)
