Archive member included to satisfy reference by file (symbol)

d:/appfile/microprocessor_microcontroller/stm32cubeide_1.7.0/stm32cubeide/plugins/com.st.stm32cube.ide.mcu.externaltools.gnu-tools-for-stm32.9-2020-q2-update.win32_2.0.0.202105311346/tools/bin/../lib/gcc/arm-none-eabi/9.3.1/../../../../arm-none-eabi/lib/thumb/v7-m/nofp\libc_nano.a(lib_a-errno.o)
                              ./Core/Src/syscalls.o (__errno)
d:/appfile/microprocessor_microcontroller/stm32cubeide_1.7.0/stm32cubeide/plugins/com.st.stm32cube.ide.mcu.externaltools.gnu-tools-for-stm32.9-2020-q2-update.win32_2.0.0.202105311346/tools/bin/../lib/gcc/arm-none-eabi/9.3.1/../../../../arm-none-eabi/lib/thumb/v7-m/nofp\libc_nano.a(lib_a-exit.o)
                              d:/appfile/microprocessor_microcontroller/stm32cubeide_1.7.0/stm32cubeide/plugins/com.st.stm32cube.ide.mcu.externaltools.gnu-tools-for-stm32.9-2020-q2-update.win32_2.0.0.202105311346/tools/bin/../lib/gcc/arm-none-eabi/9.3.1/../../../../arm-none-eabi/lib/thumb/v7-m/nofp/crt0.o (exit)
d:/appfile/microprocessor_microcontroller/stm32cubeide_1.7.0/stm32cubeide/plugins/com.st.stm32cube.ide.mcu.externaltools.gnu-tools-for-stm32.9-2020-q2-update.win32_2.0.0.202105311346/tools/bin/../lib/gcc/arm-none-eabi/9.3.1/../../../../arm-none-eabi/lib/thumb/v7-m/nofp\libc_nano.a(lib_a-impure.o)
                              d:/appfile/microprocessor_microcontroller/stm32cubeide_1.7.0/stm32cubeide/plugins/com.st.stm32cube.ide.mcu.externaltools.gnu-tools-for-stm32.9-2020-q2-update.win32_2.0.0.202105311346/tools/bin/../lib/gcc/arm-none-eabi/9.3.1/../../../../arm-none-eabi/lib/thumb/v7-m/nofp\libc_nano.a(lib_a-exit.o) (_global_impure_ptr)
d:/appfile/microprocessor_microcontroller/stm32cubeide_1.7.0/stm32cubeide/plugins/com.st.stm32cube.ide.mcu.externaltools.gnu-tools-for-stm32.9-2020-q2-update.win32_2.0.0.202105311346/tools/bin/../lib/gcc/arm-none-eabi/9.3.1/../../../../arm-none-eabi/lib/thumb/v7-m/nofp\libc_nano.a(lib_a-init.o)
                              d:/appfile/microprocessor_microcontroller/stm32cubeide_1.7.0/stm32cubeide/plugins/com.st.stm32cube.ide.mcu.externaltools.gnu-tools-for-stm32.9-2020-q2-update.win32_2.0.0.202105311346/tools/bin/../lib/gcc/arm-none-eabi/9.3.1/../../../../arm-none-eabi/lib/thumb/v7-m/nofp/crt0.o (__libc_init_array)
d:/appfile/microprocessor_microcontroller/stm32cubeide_1.7.0/stm32cubeide/plugins/com.st.stm32cube.ide.mcu.externaltools.gnu-tools-for-stm32.9-2020-q2-update.win32_2.0.0.202105311346/tools/bin/../lib/gcc/arm-none-eabi/9.3.1/../../../../arm-none-eabi/lib/thumb/v7-m/nofp\libc_nano.a(lib_a-memset.o)
                              d:/appfile/microprocessor_microcontroller/stm32cubeide_1.7.0/stm32cubeide/plugins/com.st.stm32cube.ide.mcu.externaltools.gnu-tools-for-stm32.9-2020-q2-update.win32_2.0.0.202105311346/tools/bin/../lib/gcc/arm-none-eabi/9.3.1/../../../../arm-none-eabi/lib/thumb/v7-m/nofp/crt0.o (memset)

Allocating common symbols
Common symbol       size              file

uwTick              0x4               ./Drivers/STM32F1xx_HAL_Driver/Src/stm32f1xx_hal.o
pFlash              0x20              ./Drivers/STM32F1xx_HAL_Driver/Src/stm32f1xx_hal_flash.o
htim2               0x48              ./Core/Src/main.o

Discarded input sections

 .text          0x0000000000000000        0x0 d:/appfile/microprocessor_microcontroller/stm32cubeide_1.7.0/stm32cubeide/plugins/com.st.stm32cube.ide.mcu.externaltools.gnu-tools-for-stm32.9-2020-q2-update.win32_2.0.0.202105311346/tools/bin/../lib/gcc/arm-none-eabi/9.3.1/thumb/v7-m/nofp/crti.o
 .data          0x0000000000000000        0x0 d:/appfile/microprocessor_microcontroller/stm32cubeide_1.7.0/stm32cubeide/plugins/com.st.stm32cube.ide.mcu.externaltools.gnu-tools-for-stm32.9-2020-q2-update.win32_2.0.0.202105311346/tools/bin/../lib/gcc/arm-none-eabi/9.3.1/thumb/v7-m/nofp/crti.o
 .bss           0x0000000000000000        0x0 d:/appfile/microprocessor_microcontroller/stm32cubeide_1.7.0/stm32cubeide/plugins/com.st.stm32cube.ide.mcu.externaltools.gnu-tools-for-stm32.9-2020-q2-update.win32_2.0.0.202105311346/tools/bin/../lib/gcc/arm-none-eabi/9.3.1/thumb/v7-m/nofp/crti.o
 .data          0x0000000000000000        0x4 d:/appfile/microprocessor_microcontroller/stm32cubeide_1.7.0/stm32cubeide/plugins/com.st.stm32cube.ide.mcu.externaltools.gnu-tools-for-stm32.9-2020-q2-update.win32_2.0.0.202105311346/tools/bin/../lib/gcc/arm-none-eabi/9.3.1/thumb/v7-m/nofp/crtbegin.o
 .text          0x0000000000000000       0x7c d:/appfile/microprocessor_microcontroller/stm32cubeide_1.7.0/stm32cubeide/plugins/com.st.stm32cube.ide.mcu.externaltools.gnu-tools-for-stm32.9-2020-q2-update.win32_2.0.0.202105311346/tools/bin/../lib/gcc/arm-none-eabi/9.3.1/../../../../arm-none-eabi/lib/thumb/v7-m/nofp/crt0.o
[...]
Memory Configuration

Name             Origin             Length             Attributes
RAM              0x0000000020000000 0x0000000000002800 xrw
FLASH            0x0000000008000000 0x0000000000008000 xr
*default*        0x0000000000000000 0xffffffffffffffff

Linker script and memory map

LOAD d:/appfile/microprocessor_microcontroller/stm32cubeide_1.7.0/stm32cubeide/plugins/com.st.stm32cube.ide.mcu.externaltools.gnu-tools-for-stm32.9-2020-q2-update.win32_2.0.0.202105311346/tools/bin/../lib/gcc/arm-none-eabi/9.3.1/thumb/v7-m/nofp/crti.o
LOAD d:/appfile/microprocessor_microcontroller/stm32cubeide_1.7.0/stm32cubeide/plugins/com.st.stm32cube.ide.mcu.externaltools.gnu-tools-for-stm32.9-2020-q2-update.win32_2.0.0.202105311346/tools/bin/../lib/gcc/arm-none-eabi/9.3.1/thumb/v7-m/nofp/crtbegin.o
LOAD d:/appfile/microprocessor_microcontroller/stm32cubeide_1.7.0/stm32cubeide/plugins/com.st.stm32cube.ide.mcu.externaltools.gnu-tools-for-stm32.9-2020-q2-update.win32_2.0.0.202105311346/tools/bin/../lib/gcc/arm-none-eabi/9.3.1/../../../../arm-none-eabi/lib/thumb/v7-m/nofp/crt0.o
LOAD ./Core/Src/fsm_automatic.o
LOAD ./Core/Src/fsm_config.o
LOAD ./Core/Src/fsm_manual.o
LOAD ./Core/Src/global.o
LOAD ./Core/Src/input_processing.o
LOAD ./Core/Src/input_reading.o
LOAD ./Core/Src/led_display.o
LOAD ./Core/Src/main.o
LOAD ./Core/Src/stm32f1xx_hal_msp.o
LOAD ./Core/Src/stm32f1xx_it.o
LOAD ./Core/Src/syscalls.o
LOAD ./Core/Src/sysmem.o
LOAD ./Core/Src/system_stm32f1xx.o
LOAD ./Core/Src/timer.o
LOAD ./Core/Startup/startup_stm32f103c6ux.o
LOAD ./Drivers/STM32F1xx_HAL_Driver/Src/stm32f1xx_hal.o
LOAD ./Drivers/STM32F1xx_HAL_Driver/Src/stm32f1xx_hal_cortex.o
LOAD ./Drivers/STM32F1xx_HAL_Driver/Src/stm32f1xx_hal_dma.o
LOAD ./Drivers/STM32F1xx_HAL_Driver/Src/stm32f1xx_hal_exti.o
LOAD ./Drivers/STM32F1xx_HAL_Driver/Src/stm32f1xx_hal_flash.o
LOAD ./Drivers/STM32F1xx_HAL_Driver/Src/stm32f1xx_hal_flash_ex.o
LOAD ./Drivers/STM32F1xx_HAL_Driver/Src/stm32f1xx_hal_gpio.o
LOAD ./Drivers/STM32F1xx_HAL_Driver/Src/stm32f1xx_hal_gpio_ex.o
LOAD ./Drivers/STM32F1xx_HAL_Driver/Src/stm32f1xx_hal_pwr.o
LOAD ./Drivers/STM32F1xx_HAL_Driver/Src/stm32f1xx_hal_rcc.o
LOAD ./Drivers/STM32F1xx_HAL_Driver/Src/stm32f1xx_hal_rcc_ex.o
LOAD ./Drivers/STM32F1xx_HAL_Driver/Src/stm32f1xx_hal_tim.o
LOAD ./Drivers/STM32F1xx_HAL_Driver/Src/stm32f1xx_hal_tim_ex.o
START GROUP
LOAD d:/appfile/microprocessor_microcontroller/stm32cubeide_1.7.0/stm32cubeide/plugins/com.st.stm32cube.ide.mcu.externaltools.gnu-tools-for-stm32.9-2020-q2-update.win32_2.0.0.202105311346/tools/bin/../lib/gcc/arm-none-eabi/9.3.1/../../../../arm-none-eabi/lib/thumb/v7-m/nofp\libc_nano.a
LOAD d:/appfile/microprocessor_microcontroller/stm32cubeide_1.7.0/stm32cubeide/plugins/com.st.stm32cube.ide.mcu.externaltools.gnu-tools-for-stm32.9-2020-q2-update.win32_2.0.0.202105311346/tools/bin/../lib/gcc/arm-none-eabi/9.3.1/../../../../arm-none-eabi/lib/thumb/v7-m/nofp\libm.a
END GROUP
START GROUP
LOAD d:/appfile/microprocessor_microcontroller/stm32cubeide_1.7.0/stm32cubeide/plugins/com.st.stm32cube.ide.mcu.externaltools.gnu-tools-for-stm32.9-2020-q2-update.win32_2.0.0.202105311346/tools/bin/../lib/gcc/arm-none-eabi/9.3.1/thumb/v7-m/nofp\libgcc.a
LOAD d:/appfile/microprocessor_microcontroller/stm32cubeide_1.7.0/stm32cubeide/plugins/com.st.stm32cube.ide.mcu.externaltools.gnu-tools-for-stm32.9-2020-q2-update.win32_2.0.0.202105311346/tools/bin/../lib/gcc/arm-none-eabi/9.3.1/../../../../arm-none-eabi/lib/thumb/v7-m/nofp\libc_nano.a
END GROUP
START GROUP
LOAD d:/appfile/microprocessor_microcontroller/stm32cubeide_1.7.0/stm32cubeide/plugins/com.st.stm32cube.ide.mcu.externaltools.gnu-tools-for-stm32.9-2020-q2-update.win32_2.0.0.202105311346/tools/bin/../lib/gcc/arm-none-eabi/9.3.1/thumb/v7-m/nofp\libgcc.a
LOAD d:/appfile/microprocessor_microcontroller/stm32cubeide_1.7.0/stm32cubeide/plugins/com.st.stm32cube.ide.mcu.externaltools.gnu-tools-for-stm32.9-2020-q2-update.win32_2.0.0.202105311346/tools/bin/../lib/gcc/arm-none-eabi/9.3.1/../../../../arm-none-eabi/lib/thumb/v7-m/nofp\libc_nano.a
LOAD d:/appfile/microprocessor_microcontroller/stm32cubeide_1.7.0/stm32cubeide/plugins/com.st.stm32cube.ide.mcu.externaltools.gnu-tools-for-stm32.9-2020-q2-update.win32_2.0.0.202105311346/tools/bin/../lib/gcc/arm-none-eabi/9.3.1/../../../../arm-none-eabi/lib/thumb/v7-m/nofp\libnosys.a
END GROUP
START GROUP
LOAD d:/appfile/microprocessor_microcontroller/stm32cubeide_1.7.0/stm32cubeide/plugins/com.st.stm32cube.ide.mcu.externaltools.gnu-tools-for-stm32.9-2020-q2-update.win32_2.0.0.202105311346/tools/bin/../lib/gcc/arm-none-eabi/9.3.1/thumb/v7-m/nofp\libgcc.a
LOAD d:/appfile/microprocessor_microcontroller/stm32cubeide_1.7.0/stm32cubeide/plugins/com.st.stm32cube.ide.mcu.externaltools.gnu-tools-for-stm32.9-2020-q2-update.win32_2.0.0.202105311346/tools/bin/../lib/gcc/arm-none-eabi/9.3.1/../../../../arm-none-eabi/lib/thumb/v7-m/nofp\libc_nano.a
LOAD d:/appfile/microprocessor_microcontroller/stm32cubeide_1.7.0/stm32cubeide/plugins/com.st.stm32cube.ide.mcu.externaltools.gnu-tools-for-stm32.9-2020-q2-update.win32_2.0.0.202105311346/tools/bin/../lib/gcc/arm-none-eabi/9.3.1/../../../../arm-none-eabi/lib/thumb/v7-m/nofp\libnosys.a
END GROUP
LOAD d:/appfile/microprocessor_microcontroller/stm32cubeide_1.7.0/stm32cubeide/plugins/com.st.stm32cube.ide.mcu.externaltools.gnu-tools-for-stm32.9-2020-q2-update.win32_2.0.0.202105311346/tools/bin/../lib/gcc/arm-none-eabi/9.3.1/thumb/v7-m/nofp/crtend.o
LOAD d:/appfile/microprocessor_microcontroller/stm32cubeide_1.7.0/stm32cubeide/plugins/com.st.stm32cube.ide.mcu.externaltools.gnu-tools-for-stm32.9-2020-q2-update.win32_2.0.0.202105311346/tools/bin/../lib/gcc/arm-none-eabi/9.3.1/thumb/v7-m/nofp/crtn.o
                0x0000000020002800                _estack = (ORIGIN (RAM) + LENGTH (RAM))
                0x0000000000000200                _Min_Heap_Size = 0x200
                0x0000000000000400                _Min_Stack_Size = 0x400

.isr_vector     0x0000000008000000      0x10c
                0x0000000008000000                . = ALIGN (0x4)
 *(.isr_vector)
 .isr_vector    0x0000000008000000      0x10c ./Core/Startup/startup_stm32f103c6ux.o
                0x0000000008000000                g_pfnVectors
                0x000000000800010c                . = ALIGN (0x4)

.text           0x000000000800010c     0x283c
                0x000000000800010c                . = ALIGN (0x4)
 *(.text)
 .text          0x000000000800010c       0x40 d:/appfile/microprocessor_microcontroller/stm32cubeide_1.7.0/stm32cubeide/plugins/com.st.stm32cube.ide.mcu.externaltools.gnu-tools-for-stm32.9-2020-q2-update.win32_2.0.0.202105311346/tools/bin/../lib/gcc/arm-none-eabi/9.3.1/thumb/v7-m/nofp/crtbegin.o
 *(.text*)
 .text.fsm_automatic
                0x000000000800014c      0x138 ./Core/Src/fsm_automatic.o
                0x000000000800014c                fsm_automatic
 .text.fsm_config
                0x0000000008000284       0xcc ./Core/Src/fsm_config.o
                0x0000000008000284                fsm_config
 .text.fsm_manual
                0x0000000008000350       0x9c ./Core/Src/fsm_manual.o
                0x0000000008000350                fsm_manual
 .text.init_handler
                0x00000000080003ec       0x54 ./Core/Src/fsm_manual.o
                0x00000000080003ec                init_handler
 .text.red_handler
                0x0000000008000440       0x34 ./Core/Src/fsm_manual.o
                0x0000000008000440                red_handler
 .text.amber_handler
                0x0000000008000474       0x34 ./Core/Src/fsm_manual.o
                0x0000000008000474                amber_handler
 .text.green_handler
                0x00000000080004a8       0x34 ./Core/Src/fsm_manual.o
                0x00000000080004a8                green_handler
 .text.errorG_handler
                0x00000000080004dc        0xe ./Core/Src/fsm_manual.o
                0x00000000080004dc                errorG_handler
 .text.errorRY_handler
                0x00000000080004ea        0xe ./Core/Src/fsm_manual.o
                0x00000000080004ea                errorRY_handler
 .text.setup_newstate
                0x00000000080004f8      0x164 ./Core/Src/input_processing.o
                0x00000000080004f8                setup_newstate
 .text.immediately_press_handler
                0x000000000800065c      0x19c ./Core/Src/input_processing.o
                0x000000000800065c                immediately_press_handler
 .text.immediately_1s_press
                0x00000000080007f8       0x20 ./Core/Src/input_processing.o
                0x00000000080007f8                immediately_1s_press
 .text.continuously_press_handler
                0x0000000008000818       0x24 ./Core/Src/input_processing.o
                0x0000000008000818                continuously_press_handler
 .text.button_processing
                0x000000000800083c       0xc8 ./Core/Src/input_processing.o
                0x000000000800083c                button_processing
 .text.button_reading
                0x0000000008000904      0x114 ./Core/Src/input_reading.o
                0x0000000008000904                button_reading
 .text.is_button_pressed
                0x0000000008000a18       0x34 ./Core/Src/input_reading.o
                0x0000000008000a18                is_button_pressed
 .text.is_button_pressed_1s
                0x0000000008000a4c       0x34 ./Core/Src/input_reading.o
                0x0000000008000a4c                is_button_pressed_1s
 .text.set_rgy1
                0x0000000008000a80       0x5c ./Core/Src/led_display.o
                0x0000000008000a80                set_rgy1
 .text.set_rgy2
                0x0000000008000adc       0x5c ./Core/Src/led_display.o
                0x0000000008000adc                set_rgy2
 .text.toggle_rgy
                0x0000000008000b38       0x88 ./Core/Src/led_display.o
                0x0000000008000b38                toggle_rgy
 .text.display7SEG
                0x0000000008000bc0       0xb8 ./Core/Src/led_display.o
                0x0000000008000bc0                display7SEG
 .text.update7SEG
                0x0000000008000c78      0x118 ./Core/Src/led_display.o
                0x0000000008000c78                update7SEG
 .text.updateLEDBuffer1
                0x0000000008000d90       0x90 ./Core/Src/led_display.o
                0x0000000008000d90                updateLEDBuffer1
 .text.updateLEDBuffer2
                0x0000000008000e20       0x90 ./Core/Src/led_display.o
                0x0000000008000e20                updateLEDBuffer2
 .text.main     0x0000000008000eb0       0x30 ./Core/Src/main.o
                0x0000000008000eb0                main
 .text.SystemClock_Config
                0x0000000008000ee0       0x76 ./Core/Src/main.o
                0x0000000008000ee0                SystemClock_Config
 *fill*         0x0000000008000f56        0x2 
 .text.MX_TIM2_Init
                0x0000000008000f58       0x98 ./Core/Src/main.o
 .text.MX_GPIO_Init
                0x0000000008000ff0       0xc0 ./Core/Src/main.o
 .text.Error_Handler
                0x00000000080010b0        0xa ./Core/Src/main.o
                0x00000000080010b0                Error_Handler
 *fill*         0x00000000080010ba        0x2 
 .text.HAL_MspInit
                0x00000000080010bc       0x64 ./Core/Src/stm32f1xx_hal_msp.o
                0x00000000080010bc                HAL_MspInit
 .text.HAL_TIM_Base_MspInit
                0x0000000008001120       0x48 ./Core/Src/stm32f1xx_hal_msp.o
                0x0000000008001120                HAL_TIM_Base_MspInit
 .text.NMI_Handler
                0x0000000008001168        0x6 ./Core/Src/stm32f1xx_it.o
                0x0000000008001168                NMI_Handler
 .text.HardFault_Handler
                0x000000000800116e        0x6 ./Core/Src/stm32f1xx_it.o
                0x000000000800116e                HardFault_Handler
 .text.MemManage_Handler
                0x0000000008001174        0x6 ./Core/Src/stm32f1xx_it.o
                0x0000000008001174                MemManage_Handler
 .text.BusFault_Handler
                0x000000000800117a        0x6 ./Core/Src/stm32f1xx_it.o
                0x000000000800117a                BusFault_Handler
 .text.UsageFault_Handler
                0x0000000008001180        0x6 ./Core/Src/stm32f1xx_it.o
                0x0000000008001180                UsageFault_Handler
 .text.SVC_Handler
                0x0000000008001186        0xc ./Core/Src/stm32f1xx_it.o
                0x0000000008001186                SVC_Handler
 .text.DebugMon_Handler
                0x0000000008001192        0xc ./Core/Src/stm32f1xx_it.o
                0x0000000008001192                DebugMon_Handler
 .text.PendSV_Handler
                0x000000000800119e        0xc ./Core/Src/stm32f1xx_it.o
                0x000000000800119e                PendSV_Handler
 .text.SysTick_Handler
                0x00000000080011aa        0xc ./Core/Src/stm32f1xx_it.o
                0x00000000080011aa                SysTick_Handler
 *fill*         0x00000000080011b6        0x2 
 .text.TIM2_IRQHandler
                0x00000000080011b8       0x14 ./Core/Src/stm32f1xx_it.o
                0x00000000080011b8                TIM2_IRQHandler
 .text.SystemInit
                0x00000000080011cc        0xc ./Core/Src/system_stm32f1xx.o
                0x00000000080011cc                SystemInit
 .text.setTimer
                0x00000000080011d8       0x40 ./Core/Src/timer.o
                0x00000000080011d8                setTimer
 .text.check_flag
                0x0000000008001218       0x28 ./Core/Src/timer.o
                0x0000000008001218                check_flag
 .text.timer_run
                0x0000000008001240       0x60 ./Core/Src/timer.o
                0x0000000008001240                timer_run
 .text.HAL_TIM_PeriodElapsedCallback
                0x00000000080012a0       0x18 ./Core/Src/timer.o
                0x00000000080012a0                HAL_TIM_PeriodElapsedCallback
 .text.Reset_Handler
                0x00000000080012b8       0x48 ./Core/Startup/startup_stm32f103c6ux.o
                0x00000000080012b8                Reset_Handler
 .text.Default_Handler
                0x0000000008001300        0x2 ./Core/Startup/startup_stm32f103c6ux.o
                0x0000000008001300                RTC_Alarm_IRQHandler
                0x0000000008001300                EXTI2_IRQHandler
                0x0000000008001300                TIM1_CC_IRQHandler
                0x0000000008001300                PVD_IRQHandler
                0x0000000008001300                EXTI3_IRQHandler
                0x0000000008001300                EXTI0_IRQHandler
                0x0000000008001300                ADC1_2_IRQHandler
                0x0000000008001300                SPI1_IRQHandler
                0x0000000008001300                TAMPER_IRQHandler
                0x0000000008001300                DMA1_Channel4_IRQHandler
                0x0000000008001300                RTC_IRQHandler
                0x0000000008001300                DMA1_Channel7_IRQHandler
                0x0000000008001300                CAN1_RX1_IRQHandler
                0x0000000008001300                I2C1_EV_IRQHandler
                0x0000000008001300                DMA1_Channel6_IRQHandler
                0x0000000008001300                TIM3_IRQHandler
                0x0000000008001300                RCC_IRQHandler
                0x0000000008001300                TIM1_TRG_COM_IRQHandler
                0x0000000008001300                DMA1_Channel1_IRQHandler
                0x0000000008001300                Default_Handler
                0x0000000008001300                EXTI15_10_IRQHandler
                0x0000000008001300                EXTI9_5_IRQHandler
                0x0000000008001300                DMA1_Channel5_IRQHandler
                0x0000000008001300                EXTI4_IRQHandler
                0x0000000008001300                USB_LP_CAN1_RX0_IRQHandler
                0x0000000008001300                USB_HP_CAN1_TX_IRQHandler
                0x0000000008001300                DMA1_Channel3_IRQHandler
                0x0000000008001300                TIM1_UP_IRQHandler
                0x0000000008001300                WWDG_IRQHandler
                0x0000000008001300                TIM1_BRK_IRQHandler
                0x0000000008001300                EXTI1_IRQHandler
                0x0000000008001300                USART2_IRQHandler
                0x0000000008001300                DMA1_Channel2_IRQHandler
                0x0000000008001300                CAN1_SCE_IRQHandler
                0x0000000008001300                FLASH_IRQHandler
                0x0000000008001300                USART1_IRQHandler
                0x0000000008001300                I2C1_ER_IRQHandler
                0x0000000008001300                USBWakeUp_IRQHandler
 *fill*         0x0000000008001302        0x2 
 .text.HAL_Init
                0x0000000008001304       0x2c ./Drivers/STM32F1xx_HAL_Driver/Src/stm32f1xx_hal.o
                0x0000000008001304                HAL_Init
 .text.HAL_InitTick
                0x0000000008001330       0x60 ./Drivers/STM32F1xx_HAL_Driver/Src/stm32f1xx_hal.o
                0x0000000008001330                HAL_InitTick
 .text.HAL_IncTick
                0x0000000008001390       0x24 ./Drivers/STM32F1xx_HAL_Driver/Src/stm32f1xx_hal.o
                0x0000000008001390                HAL_IncTick
 .text.HAL_GetTick
                0x00000000080013b4       0x14 ./Drivers/STM32F1xx_HAL_Driver/Src/stm32f1xx_hal.o
                0x00000000080013b4                HAL_GetTick
 .text.__NVIC_SetPriorityGrouping
                0x00000000080013c8       0x48 ./Drivers/STM32F1xx_HAL_Driver/Src/stm32f1xx_hal_cortex.o
 .text.__NVIC_GetPriorityGrouping
                0x0000000008001410       0x1c ./Drivers/STM32F1xx_HAL_Driver/Src/stm32f1xx_hal_cortex.o
 .text.__NVIC_EnableIRQ
                0x000000000800142c       0x38 ./Drivers/STM32F1xx_HAL_Driver/Src/stm32f1xx_hal_cortex.o
 .text.__NVIC_SetPriority
                0x0000000008001464       0x54 ./Drivers/STM32F1xx_HAL_Driver/Src/stm32f1xx_hal_cortex.o
 .text.NVIC_EncodePriority
                0x00000000080014b8       0x64 ./Drivers/STM32F1xx_HAL_Driver/Src/stm32f1xx_hal_cortex.o
 .text.SysTick_Config
                0x000000000800151c       0x44 ./Drivers/STM32F1xx_HAL_Driver/Src/stm32f1xx_hal_cortex.o
 .text.HAL_NVIC_SetPriorityGrouping
                0x0000000008001560       0x16 ./Drivers/STM32F1xx_HAL_Driver/Src/stm32f1xx_hal_cortex.o
                0x0000000008001560                HAL_NVIC_SetPriorityGrouping
 .text.HAL_NVIC_SetPriority
                0x0000000008001576       0x38 ./Drivers/STM32F1xx_HAL_Driver/Src/stm32f1xx_hal_cortex.o
                0x0000000008001576                HAL_NVIC_SetPriority
 .text.HAL_NVIC_EnableIRQ
                0x00000000080015ae       0x1c ./Drivers/STM32F1xx_HAL_Driver/Src/stm32f1xx_hal_cortex.o
                0x00000000080015ae                HAL_NVIC_EnableIRQ
 .text.HAL_SYSTICK_Config
                0x00000000080015ca       0x18 ./Drivers/STM32F1xx_HAL_Driver/Src/stm32f1xx_hal_cortex.o
                0x00000000080015ca                HAL_SYSTICK_Config
 *fill*         0x00000000080015e2        0x2 
 .text.HAL_GPIO_Init
                0x00000000080015e4      0x2f4 ./Drivers/STM32F1xx_HAL_Driver/Src/stm32f1xx_hal_gpio.o
                0x00000000080015e4                HAL_GPIO_Init
 .text.HAL_GPIO_ReadPin
                0x00000000080018d8       0x2e ./Drivers/STM32F1xx_HAL_Driver/Src/stm32f1xx_hal_gpio.o
                0x00000000080018d8                HAL_GPIO_ReadPin
 .text.HAL_GPIO_WritePin
                0x0000000008001906       0x30 ./Drivers/STM32F1xx_HAL_Driver/Src/stm32f1xx_hal_gpio.o
                0x0000000008001906                HAL_GPIO_WritePin
 .text.HAL_GPIO_TogglePin
                0x0000000008001936       0x32 ./Drivers/STM32F1xx_HAL_Driver/Src/stm32f1xx_hal_gpio.o
                0x0000000008001936                HAL_GPIO_TogglePin
 .text.HAL_RCC_OscConfig
                0x0000000008001968      0x500 ./Drivers/STM32F1xx_HAL_Driver/Src/stm32f1xx_hal_rcc.o
                0x0000000008001968                HAL_RCC_OscConfig
 .text.HAL_RCC_ClockConfig
                0x0000000008001e68      0x1d4 ./Drivers/STM32F1xx_HAL_Driver/Src/stm32f1xx_hal_rcc.o
                0x0000000008001e68                HAL_RCC_ClockConfig
 .text.HAL_RCC_GetSysClockFreq
                0x000000000800203c       0xa8 ./Drivers/STM32F1xx_HAL_Driver/Src/stm32f1xx_hal_rcc.o
                0x000000000800203c                HAL_RCC_GetSysClockFreq
 .text.RCC_Delay
                0x00000000080020e4       0x3c ./Drivers/STM32F1xx_HAL_Driver/Src/stm32f1xx_hal_rcc.o
 .text.HAL_TIM_Base_Init
                0x0000000008002120       0x9e ./Drivers/STM32F1xx_HAL_Driver/Src/stm32f1xx_hal_tim.o
                0x0000000008002120                HAL_TIM_Base_Init
 *fill*         0x00000000080021be        0x2 
 .text.HAL_TIM_Base_Start_IT
                0x00000000080021c0       0x98 ./Drivers/STM32F1xx_HAL_Driver/Src/stm32f1xx_hal_tim.o
                0x00000000080021c0                HAL_TIM_Base_Start_IT
 .text.HAL_TIM_IRQHandler
                0x0000000008002258      0x1e0 ./Drivers/STM32F1xx_HAL_Driver/Src/stm32f1xx_hal_tim.o
                0x0000000008002258                HAL_TIM_IRQHandler
 .text.HAL_TIM_ConfigClockSource
                0x0000000008002438      0x18e ./Drivers/STM32F1xx_HAL_Driver/Src/stm32f1xx_hal_tim.o
                0x0000000008002438                HAL_TIM_ConfigClockSource
 .text.HAL_TIM_OC_DelayElapsedCallback
                0x00000000080025c6       0x12 ./Drivers/STM32F1xx_HAL_Driver/Src/stm32f1xx_hal_tim.o
                0x00000000080025c6                HAL_TIM_OC_DelayElapsedCallback
 .text.HAL_TIM_IC_CaptureCallback
                0x00000000080025d8       0x12 ./Drivers/STM32F1xx_HAL_Driver/Src/stm32f1xx_hal_tim.o
                0x00000000080025d8                HAL_TIM_IC_CaptureCallback
 .text.HAL_TIM_PWM_PulseFinishedCallback
                0x00000000080025ea       0x12 ./Drivers/STM32F1xx_HAL_Driver/Src/stm32f1xx_hal_tim.o
                0x00000000080025ea                HAL_TIM_PWM_PulseFinishedCallback
 .text.HAL_TIM_TriggerCallback
                0x00000000080025fc       0x12 ./Drivers/STM32F1xx_HAL_Driver/Src/stm32f1xx_hal_tim.o
                0x00000000080025fc                HAL_TIM_TriggerCallback
 *fill*         0x000000000800260e        0x2 
 .text.TIM_Base_SetConfig
                0x0000000008002610       0xc8 ./Drivers/STM32F1xx_HAL_Driver/Src/stm32f1xx_hal_tim.o
                0x0000000008002610                TIM_Base_SetConfig
 .text.TIM_TI1_ConfigInputStage
                0x00000000080026d8       0x5c ./Drivers/STM32F1xx_HAL_Driver/Src/stm32f1xx_hal_tim.o
 .text.TIM_TI2_ConfigInputStage
                0x0000000008002734       0x5e ./Drivers/STM32F1xx_HAL_Driver/Src/stm32f1xx_hal_tim.o
 .text.TIM_ITRx_SetConfig
                0x0000000008002792       0x34 ./Drivers/STM32F1xx_HAL_Driver/Src/stm32f1xx_hal_tim.o
 .text.TIM_ETR_SetConfig
                0x00000000080027c6       0x3e ./Drivers/STM32F1xx_HAL_Driver/Src/stm32f1xx_hal_tim.o
                0x00000000080027c6                TIM_ETR_SetConfig
 .text.HAL_TIMEx_MasterConfigSynchronization
                0x0000000008002804       0xb0 ./Drivers/STM32F1xx_HAL_Driver/Src/stm32f1xx_hal_tim_ex.o
                0x0000000008002804                HAL_TIMEx_MasterConfigSynchronization
 .text.HAL_TIMEx_CommutCallback
                0x00000000080028b4       0x12 ./Drivers/STM32F1xx_HAL_Driver/Src/stm32f1xx_hal_tim_ex.o
                0x00000000080028b4                HAL_TIMEx_CommutCallback
 .text.HAL_TIMEx_BreakCallback
                0x00000000080028c6       0x12 ./Drivers/STM32F1xx_HAL_Driver/Src/stm32f1xx_hal_tim_ex.o
                0x00000000080028c6                HAL_TIMEx_BreakCallback
 .text.__libc_init_array
                0x00000000080028d8       0x48 d:/appfile/microprocessor_microcontroller/stm32cubeide_1.7.0/stm32cubeide/plugins/com.st.stm32cube.ide.mcu.externaltools.gnu-tools-for-stm32.9-2020-q2-update.win32_2.0.0.202105311346/tools/bin/../lib/gcc/arm-none-eabi/9.3.1/../../../../arm-none-eabi/lib/thumb/v7-m/nofp\libc_nano.a(lib_a-init.o)
                0x00000000080028d8                __libc_init_array
 .text.memset   0x0000000008002920       0x10 d:/appfile/microprocessor_microcontroller/stm32cubeide_1.7.0/stm32cubeide/plugins/com.st.stm32cube.ide.mcu.externaltools.gnu-tools-for-stm32.9-2020-q2-update.win32_2.0.0.202105311346/tools/bin/../lib/gcc/arm-none-eabi/9.3.1/../../../../arm-none-eabi/lib/thumb/v7-m/nofp\libc_nano.a(lib_a-memset.o)
                0x0000000008002920                memset
 *(.glue_7)
 .glue_7        0x0000000008002930        0x0 linker stubs
 *(.glue_7t)
 .glue_7t       0x0000000008002930        0x0 linker stubs
 *(.eh_frame)
 .eh_frame      0x0000000008002930        0x0 d:/appfile/microprocessor_microcontroller/stm32cubeide_1.7.0/stm32cubeide/plugins/com.st.stm32cube.ide.mcu.externaltools.gnu-tools-for-stm32.9-2020-q2-update.win32_2.0.0.202105311346/tools/bin/../lib/gcc/arm-none-eabi/9.3.1/thumb/v7-m/nofp/crtbegin.o
 *(.init)
 .init          0x0000000008002930        0x4 d:/appfile/microprocessor_microcontroller/stm32cubeide_1.7.0/stm32cubeide/plugins/com.st.stm32cube.ide.mcu.externaltools.gnu-tools-for-stm32.9-2020-q2-update.win32_2.0.0.202105311346/tools/bin/../lib/gcc/arm-none-eabi/9.3.1/thumb/v7-m/nofp/crti.o
                0x0000000008002930                _init
 .init          0x0000000008002934        0x8 d:/appfile/microprocessor_microcontroller/stm32cubeide_1.7.0/stm32cubeide/plugins/com.st.stm32cube.ide.mcu.externaltools.gnu-tools-for-stm32.9-2020-q2-update.win32_2.0.0.202105311346/tools/bin/../lib/gcc/arm-none-eabi/9.3.1/thumb/v7-m/nofp/crtn.o
 *(.fini)
 .fini          0x000000000800293c        0x4 d:/appfile/microprocessor_microcontroller/stm32cubeide_1.7.0/stm32cubeide/plugins/com.st.stm32cube.ide.mcu.externaltools.gnu-tools-for-stm32.9-2020-q2-update.win32_2.0.0.202105311346/tools/bin/../lib/gcc/arm-none-eabi/9.3.1/thumb/v7-m/nofp/crti.o
                0x000000000800293c                _fini
 .fini          0x0000000008002940        0x8 d:/appfile/microprocessor_microcontroller/stm32cubeide_1.7.0/stm32cubeide/plugins/com.st.stm32cube.ide.mcu.externaltools.gnu-tools-for-stm32.9-2020-q2-update.win32_2.0.0.202105311346/tools/bin/../lib/gcc/arm-none-eabi/9.3.1/thumb/v7-m/nofp/crtn.o
                0x0000000008002948                . = ALIGN (0x4)
                0x0000000008002948                _etext = .

.vfp11_veneer   0x0000000008002948        0x0
 .vfp11_veneer  0x0000000008002948        0x0 linker stubs

.v4_bx          0x0000000008002948        0x0
 .v4_bx         0x0000000008002948        0x0 linker stubs

.iplt           0x0000000008002948        0x0
 .iplt          0x0000000008002948        0x0 d:/appfile/microprocessor_microcontroller/stm32cubeide_1.7.0/stm32cubeide/plugins/com.st.stm32cube.ide.mcu.externaltools.gnu-tools-for-stm32.9-2020-q2-update.win32_2.0.0.202105311346/tools/bin/../lib/gcc/arm-none-eabi/9.3.1/thumb/v7-m/nofp/crtbegin.o

.rodata         0x0000000008002948       0x34
                0x0000000008002948                . = ALIGN (0x4)
 *(.rodata)
 *(.rodata*)
 .rodata.SEG_TABLE
                0x0000000008002948        0xf ./Core/Src/led_display.o
 *fill*         0x0000000008002957        0x1 
 .rodata.AHBPrescTable
                0x0000000008002958       0x10 ./Core/Src/system_stm32f1xx.o
                0x0000000008002958                AHBPrescTable
 .rodata.aPLLMULFactorTable.6032
                0x0000000008002968       0x10 ./Drivers/STM32F1xx_HAL_Driver/Src/stm32f1xx_hal_rcc.o
 .rodata.aPredivFactorTable.6033
                0x0000000008002978        0x2 ./Drivers/STM32F1xx_HAL_Driver/Src/stm32f1xx_hal_rcc.o
                0x000000000800297c                . = ALIGN (0x4)
 *fill*         0x000000000800297a        0x2 

.rel.dyn        0x000000000800297c        0x0
 .rel.iplt      0x000000000800297c        0x0 d:/appfile/microprocessor_microcontroller/stm32cubeide_1.7.0/stm32cubeide/plugins/com.st.stm32cube.ide.mcu.externaltools.gnu-tools-for-stm32.9-2020-q2-update.win32_2.0.0.202105311346/tools/bin/../lib/gcc/arm-none-eabi/9.3.1/thumb/v7-m/nofp/crtbegin.o

.ARM.extab      0x000000000800297c        0x0
                0x000000000800297c                . = ALIGN (0x4)
 *(.ARM.extab* .gnu.linkonce.armextab.*)
                0x000000000800297c                . = ALIGN (0x4)

.ARM            0x000000000800297c        0x0
                0x000000000800297c                . = ALIGN (0x4)
                0x000000000800297c                __exidx_start = .
 *(.ARM.exidx*)
                0x000000000800297c                __exidx_end = .
                0x000000000800297c                . = ALIGN (0x4)

.preinit_array  0x000000000800297c        0x0
                0x000000000800297c                . = ALIGN (0x4)
                0x000000000800297c                PROVIDE (__preinit_array_start = .)
 *(.preinit_array*)
                0x000000000800297c                PROVIDE (__preinit_array_end = .)
                0x000000000800297c                . = ALIGN (0x4)

.init_array     0x000000000800297c        0x4
                0x000000000800297c                . = ALIGN (0x4)
                0x000000000800297c                PROVIDE (__init_array_start = .)
 *(SORT_BY_NAME(.init_array.*))
 *(.init_array*)
 .init_array    0x000000000800297c        0x4 d:/appfile/microprocessor_microcontroller/stm32cubeide_1.7.0/stm32cubeide/plugins/com.st.stm32cube.ide.mcu.externaltools.gnu-tools-for-stm32.9-2020-q2-update.win32_2.0.0.202105311346/tools/bin/../lib/gcc/arm-none-eabi/9.3.1/thumb/v7-m/nofp/crtbegin.o
                0x0000000008002980                PROVIDE (__init_array_end = .)
                0x0000000008002980                . = ALIGN (0x4)

.fini_array     0x0000000008002980        0x4
                0x0000000008002980                . = ALIGN (0x4)
                [!provide]                        PROVIDE (__fini_array_start = .)
 *(SORT_BY_NAME(.fini_array.*))
 *(.fini_array*)
 .fini_array    0x0000000008002980        0x4 d:/appfile/microprocessor_microcontroller/stm32cubeide_1.7.0/stm32cubeide/plugins/com.st.stm32cube.ide.mcu.externaltools.gnu-tools-for-stm32.9-2020-q2-update.win32_2.0.0.202105311346/tools/bin/../lib/gcc/arm-none-eabi/9.3.1/thumb/v7-m/nofp/crtbegin.o
                [!provide]                        PROVIDE (__fini_array_end = .)
                0x0000000008002984                . = ALIGN (0x4)
                0x0000000008002984                _sidata = LOADADDR (.data)

.data           0x0000000020000000       0x4c load address 0x0000000008002984
                0x0000000020000000                . = ALIGN (0x4)
                0x0000000020000000                _sdata = .
 *(.data)
 *(.data*)
 .data.traffic_state
                0x0000000020000000        0x4 ./Core/Src/global.o
                0x0000000020000000                traffic_state
 .data.config_state
                0x0000000020000004        0x4 ./Core/Src/global.o
                0x0000000020000004                config_state
 .data.new_time
                0x0000000020000008        0x4 ./Core/Src/global.o
                0x0000000020000008                new_time
 .data.time_red
                0x000000002000000c        0x4 ./Core/Src/global.o
                0x000000002000000c                time_red
 .data.time_amber
                0x0000000020000010        0x4 ./Core/Src/global.o
                0x0000000020000010                time_amber
 .data.time_green
                0x0000000020000014        0x4 ./Core/Src/global.o
                0x0000000020000014                time_green
 .data.buttonBuffer
                0x0000000020000018        0x3 ./Core/Src/input_reading.o
 *fill*         0x000000002000001b        0x1 
 .data.debounceButtonBuffer1
                0x000000002000001c        0x3 ./Core/Src/input_reading.o
 *fill*         0x000000002000001f        0x1 
 .data.debounceButtonBuffer2
                0x0000000020000020        0x3 ./Core/Src/input_reading.o
 *fill*         0x0000000020000023        0x1 
 .data.led_buffer
                0x0000000020000024       0x10 ./Core/Src/led_display.o
                0x0000000020000024                led_buffer
 .data.SystemCoreClock
                0x0000000020000034        0x4 ./Core/Src/system_stm32f1xx.o
                0x0000000020000034                SystemCoreClock
 .data.timer_counter
                0x0000000020000038        0xc ./Core/Src/timer.o
                0x0000000020000038                timer_counter
 .data.uwTickPrio
                0x0000000020000044        0x4 ./Drivers/STM32F1xx_HAL_Driver/Src/stm32f1xx_hal.o
                0x0000000020000044                uwTickPrio
 .data.uwTickFreq
                0x0000000020000048        0x1 ./Drivers/STM32F1xx_HAL_Driver/Src/stm32f1xx_hal.o
                0x0000000020000048                uwTickFreq
 *(.RamFunc)
 *(.RamFunc*)
                0x000000002000004c                . = ALIGN (0x4)
 *fill*         0x0000000020000049        0x3 
                0x000000002000004c                _edata = .

.igot.plt       0x000000002000004c        0x0 load address 0x00000000080029d0
 .igot.plt      0x000000002000004c        0x0 d:/appfile/microprocessor_microcontroller/stm32cubeide_1.7.0/stm32cubeide/plugins/com.st.stm32cube.ide.mcu.externaltools.gnu-tools-for-stm32.9-2020-q2-update.win32_2.0.0.202105311346/tools/bin/../lib/gcc/arm-none-eabi/9.3.1/thumb/v7-m/nofp/crtbegin.o
                0x000000002000004c                . = ALIGN (0x4)

.bss            0x000000002000004c       0xa0 load address 0x00000000080029d0
                0x000000002000004c                _sbss = .
                0x000000002000004c                __bss_start__ = _sbss
 *(.bss)
 .bss           0x000000002000004c       0x1c d:/appfile/microprocessor_microcontroller/stm32cubeide_1.7.0/stm32cubeide/plugins/com.st.stm32cube.ide.mcu.externaltools.gnu-tools-for-stm32.9-2020-q2-update.win32_2.0.0.202105311346/tools/bin/../lib/gcc/arm-none-eabi/9.3.1/thumb/v7-m/nofp/crtbegin.o
 *(.bss*)
 .bss.state     0x0000000020000068        0x4 ./Core/Src/global.o
                0x0000000020000068                state
 .bss.led_idx   0x000000002000006c        0x4 ./Core/Src/global.o
                0x000000002000006c                led_idx
 .bss.new_red   0x0000000020000070        0x4 ./Core/Src/global.o
                0x0000000020000070                new_red
 .bss.new_green
                0x0000000020000074        0x4 ./Core/Src/global.o
                0x0000000020000074                new_green
 .bss.new_amber
                0x0000000020000078        0x4 ./Core/Src/global.o
                0x0000000020000078                new_amber
 .bss.counter_rgy1
                0x000000002000007c        0x4 ./Core/Src/global.o
                0x000000002000007c                counter_rgy1
 .bss.counter_rgy2
                0x0000000020000080        0x4 ./Core/Src/global.o
                0x0000000020000080                counter_rgy2
 .bss.buttonState
                0x0000000020000084        0x3 ./Core/Src/input_processing.o
                0x0000000020000084                buttonState
 *fill*         0x0000000020000087        0x1 
 .bss.flagForButtonPress1s
                0x0000000020000088        0x3 ./Core/Src/input_reading.o
 *fill*         0x000000002000008b        0x1 
 .bss.counterForButtonPress1s
                0x000000002000008c        0x6 ./Core/Src/input_reading.o
 *fill*         0x0000000020000092        0x2 
 .bss.timer_flag
                0x0000000020000094        0xc ./Core/Src/timer.o
                0x0000000020000094                timer_flag
 *(COMMON)
 COMMON         0x00000000200000a0       0x48 ./Core/Src/main.o
                0x00000000200000a0                htim2
 COMMON         0x00000000200000e8        0x4 ./Drivers/STM32F1xx_HAL_Driver/Src/stm32f1xx_hal.o
                0x00000000200000e8                uwTick
                0x00000000200000ec                . = ALIGN (0x4)
                0x00000000200000ec                _ebss = .
                0x00000000200000ec                __bss_end__ = _ebss

._user_heap_stack
                0x00000000200000ec      0x604 load address 0x00000000080029d0
                0x00000000200000f0                . = ALIGN (0x8)
 *fill*         0x00000000200000ec        0x4 
                [!provide]                        PROVIDE (end = .)
                0x00000000200000f0                PROVIDE (_end = .)
                0x00000000200002f0                . = (. + _Min_Heap_Size)
 *fill*         0x00000000200000f0      0x200 
                0x00000000200006f0                . = (. + _Min_Stack_Size)
 *fill*         0x00000000200002f0      0x400 
                0x00000000200006f0                . = ALIGN (0x8)

/DISCARD/
 libc.a(*)
 libm.a(*)
 libgcc.a(*)

.ARM.attributes
                0x0000000000000000       0x29
 *(.ARM.attributes)
 .ARM.attributes
                0x0000000000000000       0x1d d:/appfile/microprocessor_microcontroller/stm32cubeide_1.7.0/stm32cubeide/plugins/com.st.stm32cube.ide.mcu.externaltools.gnu-tools-for-stm32.9-2020-q2-update.win32_2.0.0.202105311346/tools/bin/../lib/gcc/arm-none-eabi/9.3.1/thumb/v7-m/nofp/crti.o
 .ARM.attributes
                0x000000000000001d       0x2d d:/appfile/microprocessor_microcontroller/stm32cubeide_1.7.0/stm32cubeide/plugins/com.st.stm32cube.ide.mcu.externaltools.gnu-tools-for-stm32.9-2020-q2-update.win32_2.0.0.202105311346/tools/bin/../lib/gcc/arm-none-eabi/9.3.1/thumb/v7-m/nofp/crtbegin.o
 .ARM.attributes
                0x000000000000004a       0x2d ./Core/Src/fsm_automatic.o
 .ARM.attributes
                0x0000000000000077       0x2d ./Core/Src/fsm_config.o
 .ARM.attributes
                0x00000000000000a4       0x2d ./Core/Src/fsm_manual.o
 .ARM.attributes
                0x00000000000000d1       0x33 ./Core/Src/global.o
 .ARM.attributes
                0x0000000000000104       0x2d ./Core/Src/input_processing.o
 .ARM.attributes
                0x0000000000000131       0x2d ./Core/Src/input_reading.o
 .ARM.attributes
                0x000000000000015e       0x2d ./Core/Src/led_display.o
 .ARM.attributes
                0x000000000000018b       0x2d ./Core/Src/main.o
 .ARM.attributes
                0x00000000000001b8       0x2d ./Core/Src/stm32f1xx_hal_msp.o
 .ARM.attributes
                0x00000000000001e5       0x2d ./Core/Src/stm32f1xx_it.o
 .ARM.attributes
                0x0000000000000212       0x2d ./Core/Src/system_stm32f1xx.o
 .ARM.attributes
                0x000000000000023f       0x2d ./Core/Src/timer.o
 .ARM.attributes
                0x000000000000026c       0x21 ./Core/Startup/startup_stm32f103c6ux.o
 .ARM.attributes
                0x000000000000028d       0x2d ./Drivers/STM32F1xx_HAL_Driver/Src/stm32f1xx_hal.o
 .ARM.attributes
                0x00000000000002ba       0x2d ./Drivers/STM32F1xx_HAL_Driver/Src/stm32f1xx_hal_cortex.o
 .ARM.attributes
                0x00000000000002e7       0x2d ./Drivers/STM32F1xx_HAL_Driver/Src/stm32f1xx_hal_gpio.o
 .ARM.attributes
                0x0000000000000314       0x2d ./Drivers/STM32F1xx_HAL_Driver/Src/stm32f1xx_hal_rcc.o
 .ARM.attributes
                0x0000000000000341       0x2d ./Drivers/STM32F1xx_HAL_Driver/Src/stm32f1xx_hal_tim.o
 .ARM.attributes
                0x000000000000036e       0x2d ./Drivers/STM32F1xx_HAL_Driver/Src/stm32f1xx_hal_tim_ex.o
 .ARM.attributes
                0x000000000000039b       0x2d d:/appfile/microprocessor_microcontroller/stm32cubeide_1.7.0/stm32cubeide/plugins/com.st.stm32cube.ide.mcu.externaltools.gnu-tools-for-stm32.9-2020-q2-update.win32_2.0.0.202105311346/tools/bin/../lib/gcc/arm-none-eabi/9.3.1/../../../../arm-none-eabi/lib/thumb/v7-m/nofp\libc_nano.a(lib_a-init.o)
 .ARM.attributes
                0x00000000000003c8       0x2d d:/appfile/microprocessor_microcontroller/stm32cubeide_1.7.0/stm32cubeide/plugins/com.st.stm32cube.ide.mcu.externaltools.gnu-tools-for-stm32.9-2020-q2-update.win32_2.0.0.202105311346/tools/bin/../lib/gcc/arm-none-eabi/9.3.1/../../../../arm-none-eabi/lib/thumb/v7-m/nofp\libc_nano.a(lib_a-memset.o)
 .ARM.attributes
                0x00000000000003f5       0x1d d:/appfile/microprocessor_microcontroller/stm32cubeide_1.7.0/stm32cubeide/plugins/com.st.stm32cube.ide.mcu.externaltools.gnu-tools-for-stm32.9-2020-q2-update.win32_2.0.0.202105311346/tools/bin/../lib/gcc/arm-none-eabi/9.3.1/thumb/v7-m/nofp/crtn.o
OUTPUT(Lab3_other.elf elf32-littlearm)
LOAD linker stubs
LOAD d:/appfile/microprocessor_microcontroller/stm32cubeide_1.7.0/stm32cubeide/plugins/com.st.stm32cube.ide.mcu.externaltools.gnu-tools-for-stm32.9-2020-q2-update.win32_2.0.0.202105311346/tools/bin/../lib/gcc/arm-none-eabi/9.3.1/../../../../arm-none-eabi/lib/thumb/v7-m/nofp\libc.a
LOAD d:/appfile/microprocessor_microcontroller/stm32cubeide_1.7.0/stm32cubeide/plugins/com.st.stm32cube.ide.mcu.externaltools.gnu-tools-for-stm32.9-2020-q2-update.win32_2.0.0.202105311346/tools/bin/../lib/gcc/arm-none-eabi/9.3.1/../../../../arm-none-eabi/lib/thumb/v7-m/nofp\libm.a
LOAD d:/appfile/microprocessor_microcontroller/stm32cubeide_1.7.0/stm32cubeide/plugins/com.st.stm32cube.ide.mcu.externaltools.gnu-tools-for-stm32.9-2020-q2-update.win32_2.0.0.202105311346/tools/bin/../lib/gcc/arm-none-eabi/9.3.1/thumb/v7-m/nofp\libgcc.a

.debug_info     0x0000000000000000     0x9fbb
 .debug_info    0x0000000000000000      0x22e ./Core/Src/fsm_automatic.o
 .debug_info    0x000000000000022e      0x2c0 ./Core/Src/fsm_config.o
 .debug_info    0x00000000000004ee      0x33e ./Core/Src/fsm_manual.o
 .debug_info    0x000000000000082c      0x17b ./Core/Src/global.o
 .debug_info    0x00000000000009a7      0x315 ./Core/Src/input_processing.o
 .debug_info    0x0000000000000cbc      0x35a ./Core/Src/input_reading.o
 .debug_info    0x0000000000001016      0x36a ./Core/Src/led_display.o
 .debug_info    0x0000000000001380      0xb68 ./Core/Src/main.o
 .debug_info    0x0000000000001ee8      0xa09 ./Core/Src/stm32f1xx_hal_msp.o
 .debug_info    0x00000000000028f1      0x7b9 ./Core/Src/stm32f1xx_it.o
 .debug_info    0x00000000000030aa      0x2be ./Core/Src/system_stm32f1xx.o
 .debug_info    0x0000000000003368      0x7e2 ./Core/Src/timer.o
 .debug_info    0x0000000000003b4a       0x22 ./Core/Startup/startup_stm32f103c6ux.o
 .debug_info    0x0000000000003b6c      0x74c ./Drivers/STM32F1xx_HAL_Driver/Src/stm32f1xx_hal.o
 .debug_info    0x00000000000042b8      0xbbe ./Drivers/STM32F1xx_HAL_Driver/Src/stm32f1xx_hal_cortex.o
 .debug_info    0x0000000000004e76      0x701 ./Drivers/STM32F1xx_HAL_Driver/Src/stm32f1xx_hal_gpio.o
 .debug_info    0x0000000000005577      0x893 ./Drivers/STM32F1xx_HAL_Driver/Src/stm32f1xx_hal_rcc.o
 .debug_info    0x0000000000005e0a     0x2c32 ./Drivers/STM32F1xx_HAL_Driver/Src/stm32f1xx_hal_tim.o
 .debug_info    0x0000000000008a3c     0x157f ./Drivers/STM32F1xx_HAL_Driver/Src/stm32f1xx_hal_tim_ex.o

.debug_abbrev   0x0000000000000000     0x1de7
 .debug_abbrev  0x0000000000000000       0xb8 ./Core/Src/fsm_automatic.o
 .debug_abbrev  0x00000000000000b8       0xf8 ./Core/Src/fsm_config.o
 .debug_abbrev  0x00000000000001b0      0x128 ./Core/Src/fsm_manual.o
 .debug_abbrev  0x00000000000002d8       0x40 ./Core/Src/global.o
 .debug_abbrev  0x0000000000000318      0x141 ./Core/Src/input_processing.o
 .debug_abbrev  0x0000000000000459      0x152 ./Core/Src/input_reading.o
 .debug_abbrev  0x00000000000005ab      0x187 ./Core/Src/led_display.o
 .debug_abbrev  0x0000000000000732      0x21b ./Core/Src/main.o
 .debug_abbrev  0x000000000000094d      0x1b7 ./Core/Src/stm32f1xx_hal_msp.o
 .debug_abbrev  0x0000000000000b04      0x176 ./Core/Src/stm32f1xx_it.o
 .debug_abbrev  0x0000000000000c7a      0x14e ./Core/Src/system_stm32f1xx.o
 .debug_abbrev  0x0000000000000dc8      0x1ee ./Core/Src/timer.o
 .debug_abbrev  0x0000000000000fb6       0x12 ./Core/Startup/startup_stm32f103c6ux.o
 .debug_abbrev  0x0000000000000fc8      0x1ed ./Drivers/STM32F1xx_HAL_Driver/Src/stm32f1xx_hal.o
 .debug_abbrev  0x00000000000011b5      0x313 ./Drivers/STM32F1xx_HAL_Driver/Src/stm32f1xx_hal_cortex.o
 .debug_abbrev  0x00000000000014c8      0x1e8 ./Drivers/STM32F1xx_HAL_Driver/Src/stm32f1xx_hal_gpio.o
 .debug_abbrev  0x00000000000016b0      0x273 ./Drivers/STM32F1xx_HAL_Driver/Src/stm32f1xx_hal_rcc.o
 .debug_abbrev  0x0000000000001923      0x25e ./Drivers/STM32F1xx_HAL_Driver/Src/stm32f1xx_hal_tim.o
 .debug_abbrev  0x0000000000001b81      0x266 ./Drivers/STM32F1xx_HAL_Driver/Src/stm32f1xx_hal_tim_ex.o

.debug_aranges  0x0000000000000000      0xad0
 .debug_aranges
                0x0000000000000000       0x20 ./Core/Src/fsm_automatic.o
 .debug_aranges
                0x0000000000000020       0x20 ./Core/Src/fsm_config.o
 .debug_aranges
                0x0000000000000040       0x58 ./Core/Src/fsm_manual.o
 .debug_aranges
                0x0000000000000098       0x18 ./Core/Src/global.o
 .debug_aranges
                0x00000000000000b0       0x40 ./Core/Src/input_processing.o
 .debug_aranges
                0x00000000000000f0       0x30 ./Core/Src/input_reading.o
 .debug_aranges
                0x0000000000000120       0x50 ./Core/Src/led_display.o
 .debug_aranges
                0x0000000000000170       0x40 ./Core/Src/main.o
 .debug_aranges
                0x00000000000001b0       0x30 ./Core/Src/stm32f1xx_hal_msp.o
 .debug_aranges
                0x00000000000001e0       0x68 ./Core/Src/stm32f1xx_it.o
 .debug_aranges
                0x0000000000000248       0x28 ./Core/Src/system_stm32f1xx.o
 .debug_aranges
                0x0000000000000270       0x38 ./Core/Src/timer.o
 .debug_aranges
                0x00000000000002a8       0x28 ./Core/Startup/startup_stm32f103c6ux.o
 .debug_aranges
                0x00000000000002d0       0xe0 ./Drivers/STM32F1xx_HAL_Driver/Src/stm32f1xx_hal.o
 .debug_aranges
                0x00000000000003b0      0x100 ./Drivers/STM32F1xx_HAL_Driver/Src/stm32f1xx_hal_cortex.o
 .debug_aranges
                0x00000000000004b0       0x58 ./Drivers/STM32F1xx_HAL_Driver/Src/stm32f1xx_hal_gpio.o
 .debug_aranges
                0x0000000000000508       0x90 ./Drivers/STM32F1xx_HAL_Driver/Src/stm32f1xx_hal_rcc.o
 .debug_aranges
                0x0000000000000598      0x3d0 ./Drivers/STM32F1xx_HAL_Driver/Src/stm32f1xx_hal_tim.o
 .debug_aranges
                0x0000000000000968      0x168 ./Drivers/STM32F1xx_HAL_Driver/Src/stm32f1xx_hal_tim_ex.o

.debug_ranges   0x0000000000000000      0x9a0
 .debug_ranges  0x0000000000000000       0x10 ./Core/Src/fsm_automatic.o
 .debug_ranges  0x0000000000000010       0x10 ./Core/Src/fsm_config.o
 .debug_ranges  0x0000000000000020       0x48 ./Core/Src/fsm_manual.o
 .debug_ranges  0x0000000000000068       0x30 ./Core/Src/input_processing.o
 .debug_ranges  0x0000000000000098       0x20 ./Core/Src/input_reading.o
 .debug_ranges  0x00000000000000b8       0x40 ./Core/Src/led_display.o
 .debug_ranges  0x00000000000000f8       0x30 ./Core/Src/main.o
 .debug_ranges  0x0000000000000128       0x20 ./Core/Src/stm32f1xx_hal_msp.o
 .debug_ranges  0x0000000000000148       0x58 ./Core/Src/stm32f1xx_it.o
 .debug_ranges  0x00000000000001a0       0x18 ./Core/Src/system_stm32f1xx.o
 .debug_ranges  0x00000000000001b8       0x28 ./Core/Src/timer.o
 .debug_ranges  0x00000000000001e0       0x20 ./Core/Startup/startup_stm32f103c6ux.o
 .debug_ranges  0x0000000000000200       0xd0 ./Drivers/STM32F1xx_HAL_Driver/Src/stm32f1xx_hal.o
 .debug_ranges  0x00000000000002d0       0xf0 ./Drivers/STM32F1xx_HAL_Driver/Src/stm32f1xx_hal_cortex.o
 .debug_ranges  0x00000000000003c0       0x48 ./Drivers/STM32F1xx_HAL_Driver/Src/stm32f1xx_hal_gpio.o
 .debug_ranges  0x0000000000000408       0x80 ./Drivers/STM32F1xx_HAL_Driver/Src/stm32f1xx_hal_rcc.o
 .debug_ranges  0x0000000000000488      0x3c0 ./Drivers/STM32F1xx_HAL_Driver/Src/stm32f1xx_hal_tim.o
 .debug_ranges  0x0000000000000848      0x158 ./Drivers/STM32F1xx_HAL_Driver/Src/stm32f1xx_hal_tim_ex.o

.debug_macro    0x0000000000000000    0x1701c
 .debug_macro   0x0000000000000000      0x1cd ./Core/Src/fsm_automatic.o
 .debug_macro   0x00000000000001cd      0xa9c ./Core/Src/fsm_automatic.o
 .debug_macro   0x0000000000000c69       0x64 ./Core/Src/fsm_automatic.o
 .debug_macro   0x0000000000000ccd      0x215 ./Core/Src/fsm_automatic.o
 .debug_macro   0x0000000000000ee2       0x2e ./Core/Src/fsm_automatic.o
 .debug_macro   0x0000000000000f10       0x22 ./Core/Src/fsm_automatic.o
 .debug_macro   0x0000000000000f32       0x22 ./Core/Src/fsm_automatic.o
 .debug_macro   0x0000000000000f54       0x8e ./Core/Src/fsm_automatic.o
 .debug_macro   0x0000000000000fe2       0x51 ./Core/Src/fsm_automatic.o
 .debug_macro   0x0000000000001033      0x103 ./Core/Src/fsm_automatic.o
 .debug_macro   0x0000000000001136       0x6a ./Core/Src/fsm_automatic.o
 .debug_macro   0x00000000000011a0      0x1df ./Core/Src/fsm_automatic.o
 .debug_macro   0x000000000000137f       0x1c ./Core/Src/fsm_automatic.o
 .debug_macro   0x000000000000139b       0x22 ./Core/Src/fsm_automatic.o
 .debug_macro   0x00000000000013bd       0xc3 ./Core/Src/fsm_automatic.o
 .debug_macro   0x0000000000001480      0xd23 ./Core/Src/fsm_automatic.o
 .debug_macro   0x00000000000021a3     0xde75 ./Core/Src/fsm_automatic.o
 .debug_macro   0x0000000000010018       0x6d ./Core/Src/fsm_automatic.o
 .debug_macro   0x0000000000010085     0x34a2 ./Core/Src/fsm_automatic.o
 .debug_macro   0x0000000000013527      0x174 ./Core/Src/fsm_automatic.o
 .debug_macro   0x000000000001369b       0x5c ./Core/Src/fsm_automatic.o
 .debug_macro   0x00000000000136f7      0x5bc ./Core/Src/fsm_automatic.o
 .debug_macro   0x0000000000013cb3      0x1b7 ./Core/Src/fsm_automatic.o
 .debug_macro   0x0000000000013e6a      0x1cb ./Core/Src/fsm_automatic.o
 .debug_macro   0x0000000000014035      0x114 ./Core/Src/fsm_automatic.o
 .debug_macro   0x0000000000014149      0x1b2 ./Core/Src/fsm_automatic.o
 .debug_macro   0x00000000000142fb       0x27 ./Core/Src/fsm_automatic.o
 .debug_macro   0x0000000000014322      0x12f ./Core/Src/fsm_automatic.o
 .debug_macro   0x0000000000014451      0x1bc ./Core/Src/fsm_automatic.o
 .debug_macro   0x000000000001460d       0x34 ./Core/Src/fsm_automatic.o
 .debug_macro   0x0000000000014641       0x3c ./Core/Src/fsm_automatic.o
 .debug_macro   0x000000000001467d       0x57 ./Core/Src/fsm_automatic.o
 .debug_macro   0x00000000000146d4       0x87 ./Core/Src/fsm_automatic.o
 .debug_macro   0x000000000001475b      0x183 ./Core/Src/fsm_automatic.o
 .debug_macro   0x00000000000148de      0x140 ./Core/Src/fsm_automatic.o
 .debug_macro   0x0000000000014a1e      0x8ed ./Core/Src/fsm_automatic.o
 .debug_macro   0x000000000001530b       0x69 ./Core/Src/fsm_automatic.o
 .debug_macro   0x0000000000015374      0x100 ./Core/Src/fsm_automatic.o
 .debug_macro   0x0000000000015474      0x1cd ./Core/Src/fsm_config.o
 .debug_macro   0x0000000000015641      0x1cd ./Core/Src/fsm_manual.o
 .debug_macro   0x000000000001580e       0x1a ./Core/Src/global.o
 .debug_macro   0x0000000000015828      0x1db ./Core/Src/input_processing.o
 .debug_macro   0x0000000000015a03      0x1be ./Core/Src/input_reading.o
 .debug_macro   0x0000000000015bc1      0x1be ./Core/Src/led_display.o
 .debug_macro   0x0000000000015d7f      0x1ce ./Core/Src/main.o
 .debug_macro   0x0000000000015f4d      0x1a6 ./Core/Src/stm32f1xx_hal_msp.o
 .debug_macro   0x00000000000160f3      0x1b0 ./Core/Src/stm32f1xx_it.o
 .debug_macro   0x00000000000162a3      0x197 ./Core/Src/system_stm32f1xx.o
 .debug_macro   0x000000000001643a      0x1b6 ./Core/Src/timer.o
 .debug_macro   0x00000000000165f0      0x1bb ./Drivers/STM32F1xx_HAL_Driver/Src/stm32f1xx_hal.o
 .debug_macro   0x00000000000167ab      0x197 ./Drivers/STM32F1xx_HAL_Driver/Src/stm32f1xx_hal_cortex.o
 .debug_macro   0x0000000000016942      0x202 ./Drivers/STM32F1xx_HAL_Driver/Src/stm32f1xx_hal_gpio.o
 .debug_macro   0x0000000000016b44      0x1a9 ./Drivers/STM32F1xx_HAL_Driver/Src/stm32f1xx_hal_rcc.o
 .debug_macro   0x0000000000016ced      0x198 ./Drivers/STM32F1xx_HAL_Driver/Src/stm32f1xx_hal_tim.o
 .debug_macro   0x0000000000016e85      0x197 ./Drivers/STM32F1xx_HAL_Driver/Src/stm32f1xx_hal_tim_ex.o

.debug_line     0x0000000000000000     0xdab8
 .debug_line    0x0000000000000000      0x82a ./Core/Src/fsm_automatic.o
 .debug_line    0x000000000000082a      0x823 ./Core/Src/fsm_config.o
 .debug_line    0x000000000000104d      0x8ac ./Core/Src/fsm_manual.o
 .debug_line    0x00000000000018f9       0x4d ./Core/Src/global.o
 .debug_line    0x0000000000001946      0x9e2 ./Core/Src/input_processing.o
 .debug_line    0x0000000000002328      0x826 ./Core/Src/input_reading.o
 .debug_line    0x0000000000002b4e      0x8f6 ./Core/Src/led_display.o
 .debug_line    0x0000000000003444      0x8d9 ./Core/Src/main.o
 .debug_line    0x0000000000003d1d      0x7be ./Core/Src/stm32f1xx_hal_msp.o
 .debug_line    0x00000000000044db      0x85c ./Core/Src/stm32f1xx_it.o
 .debug_line    0x0000000000004d37      0x800 ./Core/Src/system_stm32f1xx.o
 .debug_line    0x0000000000005537      0x80f ./Core/Src/timer.o
 .debug_line    0x0000000000005d46       0x86 ./Core/Startup/startup_stm32f103c6ux.o
 .debug_line    0x0000000000005dcc      0xa2d ./Drivers/STM32F1xx_HAL_Driver/Src/stm32f1xx_hal.o
 .debug_line    0x00000000000067f9      0xc15 ./Drivers/STM32F1xx_HAL_Driver/Src/stm32f1xx_hal_cortex.o
 .debug_line    0x000000000000740e      0xab0 ./Drivers/STM32F1xx_HAL_Driver/Src/stm32f1xx_hal_gpio.o
 .debug_line    0x0000000000007ebe      0xe39 ./Drivers/STM32F1xx_HAL_Driver/Src/stm32f1xx_hal_rcc.o
 .debug_line    0x0000000000008cf7     0x347e ./Drivers/STM32F1xx_HAL_Driver/Src/stm32f1xx_hal_tim.o
 .debug_line    0x000000000000c175     0x1943 ./Drivers/STM32F1xx_HAL_Driver/Src/stm32f1xx_hal_tim_ex.o

.debug_str      0x0000000000000000    0x826f2
 .debug_str     0x0000000000000000    0x7f956 ./Core/Src/fsm_automatic.o
                                      0x7fc8a (size before relaxing)
 .debug_str     0x000000000007f956       0x59 ./Core/Src/fsm_config.o
                                      0x7fcac (size before relaxing)
 .debug_str     0x000000000007f9af       0x9a ./Core/Src/fsm_manual.o
                                      0x7fd0f (size before relaxing)
 .debug_str     0x000000000007fa49       0x15 ./Core/Src/global.o
                                       0x2ee8 (size before relaxing)
 .debug_str     0x000000000007fa5e      0x112 ./Core/Src/input_processing.o
                                      0x7fd5c (size before relaxing)
 .debug_str     0x000000000007fb70      0x150 ./Core/Src/input_reading.o
                                      0x7fc68 (size before relaxing)
 .debug_str     0x000000000007fcc0       0x9c ./Core/Src/led_display.o
                                      0x7fba5 (size before relaxing)
 .debug_str     0x000000000007fd5c      0x6bc ./Core/Src/main.o
                                      0x802d9 (size before relaxing)
 .debug_str     0x0000000000080418      0x2ba ./Core/Src/stm32f1xx_hal_msp.o
                                      0x802f6 (size before relaxing)
 .debug_str     0x00000000000806d2       0xcd ./Core/Src/stm32f1xx_it.o
                                      0x80058 (size before relaxing)
 .debug_str     0x000000000008079f       0x52 ./Core/Src/system_stm32f1xx.o
                                      0x7f79b (size before relaxing)
 .debug_str     0x00000000000807f1       0x96 ./Core/Src/timer.o
                                      0x80037 (size before relaxing)
 .debug_str     0x0000000000080887       0x36 ./Core/Startup/startup_stm32f103c6ux.o
                                         0x8f (size before relaxing)
 .debug_str     0x00000000000808bd      0x304 ./Drivers/STM32F1xx_HAL_Driver/Src/stm32f1xx_hal.o
                                      0x7fdf2 (size before relaxing)
 .debug_str     0x0000000000080bc1      0x300 ./Drivers/STM32F1xx_HAL_Driver/Src/stm32f1xx_hal_cortex.o
                                      0x7fdfa (size before relaxing)
 .debug_str     0x0000000000080ec1      0x316 ./Drivers/STM32F1xx_HAL_Driver/Src/stm32f1xx_hal_gpio.o
                                      0x7fb5f (size before relaxing)
 .debug_str     0x00000000000811d7      0x24f ./Drivers/STM32F1xx_HAL_Driver/Src/stm32f1xx_hal_rcc.o
                                      0x7fb98 (size before relaxing)
 .debug_str     0x0000000000081426      0xdde ./Drivers/STM32F1xx_HAL_Driver/Src/stm32f1xx_hal_tim.o
                                      0x80b81 (size before relaxing)
 .debug_str     0x0000000000082204      0x4ee ./Drivers/STM32F1xx_HAL_Driver/Src/stm32f1xx_hal_tim_ex.o
                                      0x80322 (size before relaxing)

.comment        0x0000000000000000       0x53
 .comment       0x0000000000000000       0x53 ./Core/Src/fsm_automatic.o
                                         0x54 (size before relaxing)
 .comment       0x0000000000000053       0x54 ./Core/Src/fsm_config.o
 .comment       0x0000000000000053       0x54 ./Core/Src/fsm_manual.o
 .comment       0x0000000000000053       0x54 ./Core/Src/global.o
 .comment       0x0000000000000053       0x54 ./Core/Src/input_processing.o
 .comment       0x0000000000000053       0x54 ./Core/Src/input_reading.o
 .comment       0x0000000000000053       0x54 ./Core/Src/led_display.o
 .comment       0x0000000000000053       0x54 ./Core/Src/main.o
 .comment       0x0000000000000053       0x54 ./Core/Src/stm32f1xx_hal_msp.o
 .comment       0x0000000000000053       0x54 ./Core/Src/stm32f1xx_it.o
 .comment       0x0000000000000053       0x54 ./Core/Src/system_stm32f1xx.o
 .comment       0x0000000000000053       0x54 ./Core/Src/timer.o
 .comment       0x0000000000000053       0x54 ./Drivers/STM32F1xx_HAL_Driver/Src/stm32f1xx_hal.o
 .comment       0x0000000000000053       0x54 ./Drivers/STM32F1xx_HAL_Driver/Src/stm32f1xx_hal_cortex.o
 .comment       0x0000000000000053       0x54 ./Drivers/STM32F1xx_HAL_Driver/Src/stm32f1xx_hal_gpio.o
 .comment       0x0000000000000053       0x54 ./Drivers/STM32F1xx_HAL_Driver/Src/stm32f1xx_hal_rcc.o
 .comment       0x0000000000000053       0x54 ./Drivers/STM32F1xx_HAL_Driver/Src/stm32f1xx_hal_tim.o
 .comment       0x0000000000000053       0x54 ./Drivers/STM32F1xx_HAL_Driver/Src/stm32f1xx_hal_tim_ex.o

.debug_frame    0x0000000000000000     0x29f0
 .debug_frame   0x0000000000000000       0x2c ./Core/Src/fsm_automatic.o
 .debug_frame   0x000000000000002c       0x2c ./Core/Src/fsm_config.o
 .debug_frame   0x0000000000000058       0xf4 ./Core/Src/fsm_manual.o
 .debug_frame   0x000000000000014c       0xc0 ./Core/Src/input_processing.o
 .debug_frame   0x000000000000020c       0x84 ./Core/Src/input_reading.o
 .debug_frame   0x0000000000000290      0x114 ./Core/Src/led_display.o
 .debug_frame   0x00000000000003a4       0xb0 ./Core/Src/main.o
 .debug_frame   0x0000000000000454       0x80 ./Core/Src/stm32f1xx_hal_msp.o
 .debug_frame   0x00000000000004d4      0x120 ./Core/Src/stm32f1xx_it.o
 .debug_frame   0x00000000000005f4       0x58 ./Core/Src/system_stm32f1xx.o
 .debug_frame   0x000000000000064c       0xac ./Core/Src/timer.o
 .debug_frame   0x00000000000006f8      0x334 ./Drivers/STM32F1xx_HAL_Driver/Src/stm32f1xx_hal.o
 .debug_frame   0x0000000000000a2c      0x428 ./Drivers/STM32F1xx_HAL_Driver/Src/stm32f1xx_hal_cortex.o
 .debug_frame   0x0000000000000e54      0x14c ./Drivers/STM32F1xx_HAL_Driver/Src/stm32f1xx_hal_gpio.o
 .debug_frame   0x0000000000000fa0      0x218 ./Drivers/STM32F1xx_HAL_Driver/Src/stm32f1xx_hal_rcc.o
 .debug_frame   0x00000000000011b8     0x11b4 ./Drivers/STM32F1xx_HAL_Driver/Src/stm32f1xx_hal_tim.o
 .debug_frame   0x000000000000236c      0x638 ./Drivers/STM32F1xx_HAL_Driver/Src/stm32f1xx_hal_tim_ex.o
 .debug_frame   0x00000000000029a4       0x2c d:/appfile/microprocessor_microcontroller/stm32cubeide_1.7.0/stm32cubeide/plugins/com.st.stm32cube.ide.mcu.externaltools.gnu-tools-for-stm32.9-2020-q2-update.win32_2.0.0.202105311346/tools/bin/../lib/gcc/arm-none-eabi/9.3.1/../../../../arm-none-eabi/lib/thumb/v7-m/nofp\libc_nano.a(lib_a-init.o)
 .debug_frame   0x00000000000029d0       0x20 d:/appfile/microprocessor_microcontroller/stm32cubeide_1.7.0/stm32cubeide/plugins/com.st.stm32cube.ide.mcu.externaltools.gnu-tools-for-stm32.9-2020-q2-update.win32_2.0.0.202105311346/tools/bin/../lib/gcc/arm-none-eabi/9.3.1/../../../../arm-none-eabi/lib/thumb/v7-m/nofp\libc_nano.a(lib_a-memset.o)
