main.c:86:5:main	16	static
main.c:131:6:SystemClock_Config	72	static
main.c:167:13:MX_GPIO_Init	32	static
main.c:193:6:led_0	16	static
main.c:196:6:led_1	16	static
main.c:199:6:led_2	16	static
main.c:202:6:led_3	16	static
main.c:205:6:led_4	16	static
main.c:208:6:led_5	16	static
main.c:211:6:led_6	16	static
main.c:214:6:led_7	16	static
main.c:217:6:led_8	16	static
main.c:220:6:led_9	16	static
main.c:223:6:led_10	16	static
main.c:226:6:led_11	16	static
main.c:230:6:clearAllClock	8	static
main.c:244:6:setNumberOnClock	16	static
main.c:286:6:clearNumberOnClock	16	static
main.c:329:6:test	16	static
main.c:390:6:Error_Handler	4	static,ignoring_inline_asm
