Archive member included to satisfy reference by file (symbol)

d:/appfile/microprocessor_microcontroller/stm32cubeide_1.7.0/stm32cubeide/plugins/com.st.stm32cube.ide.mcu.externaltools.gnu-tools-for-stm32.9-2020-q2-update.win32_2.0.0.202105311346/tools/bin/../lib/gcc/arm-none-eabi/9.3.1/../../../../arm-none-eabi/lib/thumb/v7-m/nofp\libc_nano.a(lib_a-errno.o)
                              ./Core/Src/syscalls.o (__errno)
d:/appfile/microprocessor_microcontroller/stm32cubeide_1.7.0/stm32cubeide/plugins/com.st.stm32cube.ide.mcu.externaltools.gnu-tools-for-stm32.9-2020-q2-update.win32_2.0.0.202105311346/tools/bin/../lib/gcc/arm-none-eabi/9.3.1/../../../../arm-none-eabi/lib/thumb/v7-m/nofp\libc_nano.a(lib_a-exit.o)
                              d:/appfile/microprocessor_microcontroller/stm32cubeide_1.7.0/stm32cubeide/plugins/com.st.stm32cube.ide.mcu.externaltools.gnu-tools-for-stm32.9-2020-q2-update.win32_2.0.0.202105311346/tools/bin/../lib/gcc/arm-none-eabi/9.3.1/../../../../arm-none-eabi/lib/thumb/v7-m/nofp/crt0.o (exit)
d:/appfile/microprocessor_microcontroller/stm32cubeide_1.7.0/stm32cubeide/plugins/com.st.stm32cube.ide.mcu.externaltools.gnu-tools-for-stm32.9-2020-q2-update.win32_2.0.0.202105311346/tools/bin/../lib/gcc/arm-none-eabi/9.3.1/../../../../arm-none-eabi/lib/thumb/v7-m/nofp\libc_nano.a(lib_a-impure.o)
                              d:/appfile/microprocessor_microcontroller/stm32cubeide_1.7.0/stm32cubeide/plugins/com.st.stm32cube.ide.mcu.externaltools.gnu-tools-for-stm32.9-2020-q2-update.win32_2.0.0.202105311346/tools/bin/../lib/gcc/arm-none-eabi/9.3.1/../../../../arm-none-eabi/lib/thumb/v7-m/nofp\libc_nano.a(lib_a-exit.o) (_global_impure_ptr)
d:/appfile/microprocessor_microcontroller/stm32cubeide_1.7.0/stm32cubeide/plugins/com.st.stm32cube.ide.mcu.externaltools.gnu-tools-for-stm32.9-2020-q2-update.win32_2.0.0.202105311346/tools/bin/../lib/gcc/arm-none-eabi/9.3.1/../../../../arm-none-eabi/lib/thumb/v7-m/nofp\libc_nano.a(lib_a-init.o)
                              d:/appfile/microprocessor_microcontroller/stm32cubeide_1.7.0/stm32cubeide/plugins/com.st.stm32cube.ide.mcu.externaltools.gnu-tools-for-stm32.9-2020-q2-update.win32_2.0.0.202105311346/tools/bin/../lib/gcc/arm-none-eabi/9.3.1/../../../../arm-none-eabi/lib/thumb/v7-m/nofp/crt0.o (__libc_init_array)
d:/appfile/microprocessor_microcontroller/stm32cubeide_1.7.0/stm32cubeide/plugins/com.st.stm32cube.ide.mcu.externaltools.gnu-tools-for-stm32.9-2020-q2-update.win32_2.0.0.202105311346/tools/bin/../lib/gcc/arm-none-eabi/9.3.1/../../../../arm-none-eabi/lib/thumb/v7-m/nofp\libc_nano.a(lib_a-malloc.o)
                              ./Core/Src/scheduler.o (malloc)
d:/appfile/microprocessor_microcontroller/stm32cubeide_1.7.0/stm32cubeide/plugins/com.st.stm32cube.ide.mcu.externaltools.gnu-tools-for-stm32.9-2020-q2-update.win32_2.0.0.202105311346/tools/bin/../lib/gcc/arm-none-eabi/9.3.1/../../../../arm-none-eabi/lib/thumb/v7-m/nofp\libc_nano.a(lib_a-memset.o)
                              d:/appfile/microprocessor_microcontroller/stm32cubeide_1.7.0/stm32cubeide/plugins/com.st.stm32cube.ide.mcu.externaltools.gnu-tools-for-stm32.9-2020-q2-update.win32_2.0.0.202105311346/tools/bin/../lib/gcc/arm-none-eabi/9.3.1/../../../../arm-none-eabi/lib/thumb/v7-m/nofp/crt0.o (memset)
d:/appfile/microprocessor_microcontroller/stm32cubeide_1.7.0/stm32cubeide/plugins/com.st.stm32cube.ide.mcu.externaltools.gnu-tools-for-stm32.9-2020-q2-update.win32_2.0.0.202105311346/tools/bin/../lib/gcc/arm-none-eabi/9.3.1/../../../../arm-none-eabi/lib/thumb/v7-m/nofp\libc_nano.a(lib_a-nano-freer.o)
                              d:/appfile/microprocessor_microcontroller/stm32cubeide_1.7.0/stm32cubeide/plugins/com.st.stm32cube.ide.mcu.externaltools.gnu-tools-for-stm32.9-2020-q2-update.win32_2.0.0.202105311346/tools/bin/../lib/gcc/arm-none-eabi/9.3.1/../../../../arm-none-eabi/lib/thumb/v7-m/nofp\libc_nano.a(lib_a-malloc.o) (_free_r)
d:/appfile/microprocessor_microcontroller/stm32cubeide_1.7.0/stm32cubeide/plugins/com.st.stm32cube.ide.mcu.externaltools.gnu-tools-for-stm32.9-2020-q2-update.win32_2.0.0.202105311346/tools/bin/../lib/gcc/arm-none-eabi/9.3.1/../../../../arm-none-eabi/lib/thumb/v7-m/nofp\libc_nano.a(lib_a-nano-mallocr.o)
                              d:/appfile/microprocessor_microcontroller/stm32cubeide_1.7.0/stm32cubeide/plugins/com.st.stm32cube.ide.mcu.externaltools.gnu-tools-for-stm32.9-2020-q2-update.win32_2.0.0.202105311346/tools/bin/../lib/gcc/arm-none-eabi/9.3.1/../../../../arm-none-eabi/lib/thumb/v7-m/nofp\libc_nano.a(lib_a-malloc.o) (_malloc_r)
d:/appfile/microprocessor_microcontroller/stm32cubeide_1.7.0/stm32cubeide/plugins/com.st.stm32cube.ide.mcu.externaltools.gnu-tools-for-stm32.9-2020-q2-update.win32_2.0.0.202105311346/tools/bin/../lib/gcc/arm-none-eabi/9.3.1/../../../../arm-none-eabi/lib/thumb/v7-m/nofp\libc_nano.a(lib_a-sbrkr.o)
[...]
Memory Configuration

Name             Origin             Length             Attributes
RAM              0x0000000020000000 0x0000000000002800 xrw
FLASH            0x0000000008000000 0x0000000000008000 xr
*default*        0x0000000000000000 0xffffffffffffffff

Linker script and memory map

LOAD d:/appfile/microprocessor_microcontroller/stm32cubeide_1.7.0/stm32cubeide/plugins/com.st.stm32cube.ide.mcu.externaltools.gnu-tools-for-stm32.9-2020-q2-update.win32_2.0.0.202105311346/tools/bin/../lib/gcc/arm-none-eabi/9.3.1/thumb/v7-m/nofp/crti.o
LOAD d:/appfile/microprocessor_microcontroller/stm32cubeide_1.7.0/stm32cubeide/plugins/com.st.stm32cube.ide.mcu.externaltools.gnu-tools-for-stm32.9-2020-q2-update.win32_2.0.0.202105311346/tools/bin/../lib/gcc/arm-none-eabi/9.3.1/thumb/v7-m/nofp/crtbegin.o
LOAD d:/appfile/microprocessor_microcontroller/stm32cubeide_1.7.0/stm32cubeide/plugins/com.st.stm32cube.ide.mcu.externaltools.gnu-tools-for-stm32.9-2020-q2-update.win32_2.0.0.202105311346/tools/bin/../lib/gcc/arm-none-eabi/9.3.1/../../../../arm-none-eabi/lib/thumb/v7-m/nofp/crt0.o
LOAD ./Core/Src/fsm_automatic.o
LOAD ./Core/Src/fsm_config.o
LOAD ./Core/Src/fsm_manual.o
LOAD ./Core/Src/global.o
LOAD ./Core/Src/input_processing.o
LOAD ./Core/Src/input_reading.o
LOAD ./Core/Src/led_display.o
LOAD ./Core/Src/main.o
LOAD ./Core/Src/scheduler.o
LOAD ./Core/Src/stm32f1xx_hal_msp.o
LOAD ./Core/Src/stm32f1xx_it.o
LOAD ./Core/Src/syscalls.o
LOAD ./Core/Src/sysmem.o
LOAD ./Core/Src/system_stm32f1xx.o
LOAD ./Core/Src/timer.o
LOAD ./Core/Startup/startup_stm32f103c6ux.o
LOAD ./Drivers/STM32F1xx_HAL_Driver/Src/stm32f1xx_hal.o
LOAD ./Drivers/STM32F1xx_HAL_Driver/Src/stm32f1xx_hal_cortex.o
LOAD ./Drivers/STM32F1xx_HAL_Driver/Src/stm32f1xx_hal_dma.o
LOAD ./Drivers/STM32F1xx_HAL_Driver/Src/stm32f1xx_hal_exti.o
LOAD ./Drivers/STM32F1xx_HAL_Driver/Src/stm32f1xx_hal_flash.o
LOAD ./Drivers/STM32F1xx_HAL_Driver/Src/stm32f1xx_hal_flash_ex.o
LOAD ./Drivers/STM32F1xx_HAL_Driver/Src/stm32f1xx_hal_gpio.o
LOAD ./Drivers/STM32F1xx_HAL_Driver/Src/stm32f1xx_hal_gpio_ex.o
LOAD ./Drivers/STM32F1xx_HAL_Driver/Src/stm32f1xx_hal_pwr.o
LOAD ./Drivers/STM32F1xx_HAL_Driver/Src/stm32f1xx_hal_rcc.o
LOAD ./Drivers/STM32F1xx_HAL_Driver/Src/stm32f1xx_hal_rcc_ex.o
LOAD ./Drivers/STM32F1xx_HAL_Driver/Src/stm32f1xx_hal_tim.o
LOAD ./Drivers/STM32F1xx_HAL_Driver/Src/stm32f1xx_hal_tim_ex.o
START GROUP
LOAD d:/appfile/microprocessor_microcontroller/stm32cubeide_1.7.0/stm32cubeide/plugins/com.st.stm32cube.ide.mcu.externaltools.gnu-tools-for-stm32.9-2020-q2-update.win32_2.0.0.202105311346/tools/bin/../lib/gcc/arm-none-eabi/9.3.1/../../../../arm-none-eabi/lib/thumb/v7-m/nofp\libc_nano.a
LOAD d:/appfile/microprocessor_microcontroller/stm32cubeide_1.7.0/stm32cubeide/plugins/com.st.stm32cube.ide.mcu.externaltools.gnu-tools-for-stm32.9-2020-q2-update.win32_2.0.0.202105311346/tools/bin/../lib/gcc/arm-none-eabi/9.3.1/../../../../arm-none-eabi/lib/thumb/v7-m/nofp\libm.a
END GROUP
START GROUP
LOAD d:/appfile/microprocessor_microcontroller/stm32cubeide_1.7.0/stm32cubeide/plugins/com.st.stm32cube.ide.mcu.externaltools.gnu-tools-for-stm32.9-2020-q2-update.win32_2.0.0.202105311346/tools/bin/../lib/gcc/arm-none-eabi/9.3.1/thumb/v7-m/nofp\libgcc.a
LOAD d:/appfile/microprocessor_microcontroller/stm32cubeide_1.7.0/stm32cubeide/plugins/com.st.stm32cube.ide.mcu.externaltools.gnu-tools-for-stm32.9-2020-q2-update.win32_2.0.0.202105311346/tools/bin/../lib/gcc/arm-none-eabi/9.3.1/../../../../arm-none-eabi/lib/thumb/v7-m/nofp\libc_nano.a
END GROUP
START GROUP
LOAD d:/appfile/microprocessor_microcontroller/stm32cubeide_1.7.0/stm32cubeide/plugins/com.st.stm32cube.ide.mcu.externaltools.gnu-tools-for-stm32.9-2020-q2-update.win32_2.0.0.202105311346/tools/bin/../lib/gcc/arm-none-eabi/9.3.1/thumb/v7-m/nofp\libgcc.a
LOAD d:/appfile/microprocessor_microcontroller/stm32cubeide_1.7.0/stm32cubeide/plugins/com.st.stm32cube.ide.mcu.externaltools.gnu-tools-for-stm32.9-2020-q2-update.win32_2.0.0.202105311346/tools/bin/../lib/gcc/arm-none-eabi/9.3.1/../../../../arm-none-eabi/lib/thumb/v7-m/nofp\libc_nano.a
LOAD d:/appfile/microprocessor_microcontroller/stm32cubeide_1.7.0/stm32cubeide/plugins/com.st.stm32cube.ide.mcu.externaltools.gnu-tools-for-stm32.9-2020-q2-update.win32_2.0.0.202105311346/tools/bin/../lib/gcc/arm-none-eabi/9.3.1/../../../../arm-none-eabi/lib/thumb/v7-m/nofp\libnosys.a
END GROUP
START GROUP
LOAD d:/appfile/microprocessor_microcontroller/stm32cubeide_1.7.0/stm32cubeide/plugins/com.st.stm32cube.ide.mcu.externaltools.gnu-tools-for-stm32.9-2020-q2-update.win32_2.0.0.202105311346/tools/bin/../lib/gcc/arm-none-eabi/9.3.1/thumb/v7-m/nofp\libgcc.a
LOAD d:/appfile/microprocessor_microcontroller/stm32cubeide_1.7.0/stm32cubeide/plugins/com.st.stm32cube.ide.mcu.externaltools.gnu-tools-for-stm32.9-2020-q2-update.win32_2.0.0.202105311346/tools/bin/../lib/gcc/arm-none-eabi/9.3.1/../../../../arm-none-eabi/lib/thumb/v7-m/nofp\libc_nano.a
LOAD d:/appfile/microprocessor_microcontroller/stm32cubeide_1.7.0/stm32cubeide/plugins/com.st.stm32cube.ide.mcu.externaltools.gnu-tools-for-stm32.9-2020-q2-update.win32_2.0.0.202105311346/tools/bin/../lib/gcc/arm-none-eabi/9.3.1/../../../../arm-none-eabi/lib/thumb/v7-m/nofp\libnosys.a
END GROUP
LOAD d:/appfile/microprocessor_microcontroller/stm32cubeide_1.7.0/stm32cubeide/plugins/com.st.stm32cube.ide.mcu.externaltools.gnu-tools-for-stm32.9-2020-q2-update.win32_2.0.0.202105311346/tools/bin/../lib/gcc/arm-none-eabi/9.3.1/thumb/v7-m/nofp/crtend.o
LOAD d:/appfile/microprocessor_microcontroller/stm32cubeide_1.7.0/stm32cubeide/plugins/com.st.stm32cube.ide.mcu.externaltools.gnu-tools-for-stm32.9-2020-q2-update.win32_2.0.0.202105311346/tools/bin/../lib/gcc/arm-none-eabi/9.3.1/thumb/v7-m/nofp/crtn.o
                0x0000000020002800                _estack = (ORIGIN (RAM) + LENGTH (RAM))
                0x0000000000000200                _Min_Heap_Size = 0x200
                0x0000000000000400                _Min_Stack_Size = 0x400

.isr_vector     0x0000000008000000      0x10c
                0x0000000008000000                . = ALIGN (0x4)
 *(.isr_vector)
 .isr_vector    0x0000000008000000      0x10c ./Core/Startup/startup_stm32f103c6ux.o
                0x0000000008000000                g_pfnVectors
                0x000000000800010c                . = ALIGN (0x4)

.text           0x000000000800010c     0x2dc0
                0x000000000800010c                . = ALIGN (0x4)
 *(.text)
 .text          0x000000000800010c       0x40 d:/appfile/microprocessor_microcontroller/stm32cubeide_1.7.0/stm32cubeide/plugins/com.st.stm32cube.ide.mcu.externaltools.gnu-tools-for-stm32.9-2020-q2-update.win32_2.0.0.202105311346/tools/bin/../lib/gcc/arm-none-eabi/9.3.1/thumb/v7-m/nofp/crtbegin.o
 *(.text*)
 .text.fsm_automatic
                0x000000000800014c      0x130 ./Core/Src/fsm_automatic.o
                0x000000000800014c                fsm_automatic
 .text.fsm_config
                0x000000000800027c       0x74 ./Core/Src/fsm_config.o
                0x000000000800027c                fsm_config
 .text.continuous_increment_state
                0x00000000080002f0       0x44 ./Core/Src/fsm_config.o
                0x00000000080002f0                continuous_increment_state
 .text.accept_state
                0x0000000008000334       0x18 ./Core/Src/fsm_config.o
                0x0000000008000334                accept_state
 .text.fsm_manual
                0x000000000800034c       0x88 ./Core/Src/fsm_manual.o
                0x000000000800034c                fsm_manual
 .text.init_handler
                0x00000000080003d4       0x1c ./Core/Src/fsm_manual.o
                0x00000000080003d4                init_handler
 .text.red_handler
                0x00000000080003f0       0x34 ./Core/Src/fsm_manual.o
                0x00000000080003f0                red_handler
 .text.amber_handler
                0x0000000008000424       0x34 ./Core/Src/fsm_manual.o
                0x0000000008000424                amber_handler
 .text.green_handler
                0x0000000008000458       0x34 ./Core/Src/fsm_manual.o
                0x0000000008000458                green_handler
 .text.errorG_handler
                0x000000000800048c        0xe ./Core/Src/fsm_manual.o
                0x000000000800048c                errorG_handler
 .text.errorRY_handler
                0x000000000800049a        0xe ./Core/Src/fsm_manual.o
                0x000000000800049a                errorRY_handler
 .text.button_processing
                0x00000000080004a8       0xc8 ./Core/Src/input_processing.o
                0x00000000080004a8                button_processing
 .text.setup_newstate
                0x0000000008000570      0x148 ./Core/Src/input_processing.o
                0x0000000008000570                setup_newstate
 .text.immediately_press_handler
                0x00000000080006b8      0x1bc ./Core/Src/input_processing.o
                0x00000000080006b8                immediately_press_handler
 .text.immediately_1s_press
                0x0000000008000874       0x28 ./Core/Src/input_processing.o
                0x0000000008000874                immediately_1s_press
 .text.continuously_press_handler
                0x000000000800089c       0x24 ./Core/Src/input_processing.o
                0x000000000800089c                continuously_press_handler
 .text.button_reading
                0x00000000080008c0      0x114 ./Core/Src/input_reading.o
                0x00000000080008c0                button_reading
 .text.is_button_pressed
                0x00000000080009d4       0x34 ./Core/Src/input_reading.o
                0x00000000080009d4                is_button_pressed
 .text.is_button_pressed_1s
                0x0000000008000a08       0x34 ./Core/Src/input_reading.o
                0x0000000008000a08                is_button_pressed_1s
 .text.set_rgy1
                0x0000000008000a3c       0x5c ./Core/Src/led_display.o
                0x0000000008000a3c                set_rgy1
 .text.set_rgy2
                0x0000000008000a98       0x5c ./Core/Src/led_display.o
                0x0000000008000a98                set_rgy2
 .text.toggle_rgy
                0x0000000008000af4       0x88 ./Core/Src/led_display.o
                0x0000000008000af4                toggle_rgy
 .text.display7SEG
                0x0000000008000b7c       0xb8 ./Core/Src/led_display.o
                0x0000000008000b7c                display7SEG
 .text.update7SEG
                0x0000000008000c34      0x154 ./Core/Src/led_display.o
                0x0000000008000c34                update7SEG
 .text.updateLEDBuffer1
                0x0000000008000d88       0x90 ./Core/Src/led_display.o
                0x0000000008000d88                updateLEDBuffer1
 .text.updateLEDBuffer2
                0x0000000008000e18       0x90 ./Core/Src/led_display.o
                0x0000000008000e18                updateLEDBuffer2
 .text.main     0x0000000008000ea8       0x70 ./Core/Src/main.o
                0x0000000008000ea8                main
 .text.SystemClock_Config
                0x0000000008000f18       0x76 ./Core/Src/main.o
                0x0000000008000f18                SystemClock_Config
 *fill*         0x0000000008000f8e        0x2 
 .text.MX_TIM2_Init
                0x0000000008000f90       0x98 ./Core/Src/main.o
 .text.MX_GPIO_Init
                0x0000000008001028       0xc0 ./Core/Src/main.o
 .text.HAL_TIM_PeriodElapsedCallback
                0x00000000080010e8       0x14 ./Core/Src/main.o
                0x00000000080010e8                HAL_TIM_PeriodElapsedCallback
 .text.Error_Handler
                0x00000000080010fc        0xa ./Core/Src/main.o
                0x00000000080010fc                Error_Handler
 *fill*         0x0000000008001106        0x2 
 .text.SCH_Init
                0x0000000008001108       0x24 ./Core/Src/scheduler.o
                0x0000000008001108                SCH_Init
 .text.SCH_Add_Task
                0x000000000800112c       0xc4 ./Core/Src/scheduler.o
                0x000000000800112c                SCH_Add_Task
 .text.addAt    0x00000000080011f0       0xdc ./Core/Src/scheduler.o
                0x00000000080011f0                addAt
 .text.SCH_Delete_Task
                0x00000000080012cc       0xf0 ./Core/Src/scheduler.o
                0x00000000080012cc                SCH_Delete_Task
 .text.SCH_Dispatch_Tasks
                0x00000000080013bc       0xa0 ./Core/Src/scheduler.o
                0x00000000080013bc                SCH_Dispatch_Tasks
 .text.SCH_Update
                0x000000000800145c       0x68 ./Core/Src/scheduler.o
                0x000000000800145c                SCH_Update
 .text.rearrange_ID
                0x00000000080014c4       0x3c ./Core/Src/scheduler.o
                0x00000000080014c4                rearrange_ID
 .text.HAL_MspInit
                0x0000000008001500       0x64 ./Core/Src/stm32f1xx_hal_msp.o
                0x0000000008001500                HAL_MspInit
 .text.HAL_TIM_Base_MspInit
                0x0000000008001564       0x48 ./Core/Src/stm32f1xx_hal_msp.o
                0x0000000008001564                HAL_TIM_Base_MspInit
 .text.NMI_Handler
                0x00000000080015ac        0x6 ./Core/Src/stm32f1xx_it.o
                0x00000000080015ac                NMI_Handler
 .text.HardFault_Handler
                0x00000000080015b2        0x6 ./Core/Src/stm32f1xx_it.o
                0x00000000080015b2                HardFault_Handler
 .text.MemManage_Handler
                0x00000000080015b8        0x6 ./Core/Src/stm32f1xx_it.o
                0x00000000080015b8                MemManage_Handler
 .text.BusFault_Handler
                0x00000000080015be        0x6 ./Core/Src/stm32f1xx_it.o
                0x00000000080015be                BusFault_Handler
 .text.UsageFault_Handler
                0x00000000080015c4        0x6 ./Core/Src/stm32f1xx_it.o
                0x00000000080015c4                UsageFault_Handler
 .text.SVC_Handler
                0x00000000080015ca        0xc ./Core/Src/stm32f1xx_it.o
                0x00000000080015ca                SVC_Handler
 .text.DebugMon_Handler
                0x00000000080015d6        0xc ./Core/Src/stm32f1xx_it.o
                0x00000000080015d6                DebugMon_Handler
 .text.PendSV_Handler
                0x00000000080015e2        0xc ./Core/Src/stm32f1xx_it.o
                0x00000000080015e2                PendSV_Handler
 .text.SysTick_Handler
                0x00000000080015ee        0xc ./Core/Src/stm32f1xx_it.o
                0x00000000080015ee                SysTick_Handler
 *fill*         0x00000000080015fa        0x2 
 .text.TIM2_IRQHandler
                0x00000000080015fc       0x14 ./Core/Src/stm32f1xx_it.o
                0x00000000080015fc                TIM2_IRQHandler
 .text._sbrk    0x0000000008001610       0x6c ./Core/Src/sysmem.o
                0x0000000008001610                _sbrk
 .text.SystemInit
                0x000000000800167c        0xc ./Core/Src/system_stm32f1xx.o
                0x000000000800167c                SystemInit
 .text.Reset_Handler
                0x0000000008001688       0x48 ./Core/Startup/startup_stm32f103c6ux.o
                0x0000000008001688                Reset_Handler
 .text.Default_Handler
                0x00000000080016d0        0x2 ./Core/Startup/startup_stm32f103c6ux.o
                0x00000000080016d0                RTC_Alarm_IRQHandler
                0x00000000080016d0                EXTI2_IRQHandler
                0x00000000080016d0                TIM1_CC_IRQHandler
                0x00000000080016d0                PVD_IRQHandler
                0x00000000080016d0                EXTI3_IRQHandler
                0x00000000080016d0                EXTI0_IRQHandler
                0x00000000080016d0                ADC1_2_IRQHandler
                0x00000000080016d0                SPI1_IRQHandler
                0x00000000080016d0                TAMPER_IRQHandler
                0x00000000080016d0                DMA1_Channel4_IRQHandler
                0x00000000080016d0                RTC_IRQHandler
                0x00000000080016d0                DMA1_Channel7_IRQHandler
                0x00000000080016d0                CAN1_RX1_IRQHandler
                0x00000000080016d0                I2C1_EV_IRQHandler
                0x00000000080016d0                DMA1_Channel6_IRQHandler
                0x00000000080016d0                TIM3_IRQHandler
                0x00000000080016d0                RCC_IRQHandler
                0x00000000080016d0                TIM1_TRG_COM_IRQHandler
                0x00000000080016d0                DMA1_Channel1_IRQHandler
                0x00000000080016d0                Default_Handler
                0x00000000080016d0                EXTI15_10_IRQHandler
                0x00000000080016d0                EXTI9_5_IRQHandler
                0x00000000080016d0                DMA1_Channel5_IRQHandler
                0x00000000080016d0                EXTI4_IRQHandler
                0x00000000080016d0                USB_LP_CAN1_RX0_IRQHandler
                0x00000000080016d0                USB_HP_CAN1_TX_IRQHandler
                0x00000000080016d0                DMA1_Channel3_IRQHandler
                0x00000000080016d0                TIM1_UP_IRQHandler
                0x00000000080016d0                WWDG_IRQHandler
                0x00000000080016d0                TIM1_BRK_IRQHandler
                0x00000000080016d0                EXTI1_IRQHandler
                0x00000000080016d0                USART2_IRQHandler
                0x00000000080016d0                DMA1_Channel2_IRQHandler
                0x00000000080016d0                CAN1_SCE_IRQHandler
                0x00000000080016d0                FLASH_IRQHandler
                0x00000000080016d0                USART1_IRQHandler
                0x00000000080016d0                I2C1_ER_IRQHandler
                0x00000000080016d0                USBWakeUp_IRQHandler
 *fill*         0x00000000080016d2        0x2 
 .text.HAL_Init
                0x00000000080016d4       0x2c ./Drivers/STM32F1xx_HAL_Driver/Src/stm32f1xx_hal.o
                0x00000000080016d4                HAL_Init
 .text.HAL_InitTick
                0x0000000008001700       0x60 ./Drivers/STM32F1xx_HAL_Driver/Src/stm32f1xx_hal.o
                0x0000000008001700                HAL_InitTick
 .text.HAL_IncTick
                0x0000000008001760       0x24 ./Drivers/STM32F1xx_HAL_Driver/Src/stm32f1xx_hal.o
                0x0000000008001760                HAL_IncTick
 .text.HAL_GetTick
                0x0000000008001784       0x14 ./Drivers/STM32F1xx_HAL_Driver/Src/stm32f1xx_hal.o
                0x0000000008001784                HAL_GetTick
 .text.__NVIC_SetPriorityGrouping
                0x0000000008001798       0x48 ./Drivers/STM32F1xx_HAL_Driver/Src/stm32f1xx_hal_cortex.o
 .text.__NVIC_GetPriorityGrouping
                0x00000000080017e0       0x1c ./Drivers/STM32F1xx_HAL_Driver/Src/stm32f1xx_hal_cortex.o
 .text.__NVIC_EnableIRQ
                0x00000000080017fc       0x38 ./Drivers/STM32F1xx_HAL_Driver/Src/stm32f1xx_hal_cortex.o
 .text.__NVIC_SetPriority
                0x0000000008001834       0x54 ./Drivers/STM32F1xx_HAL_Driver/Src/stm32f1xx_hal_cortex.o
 .text.NVIC_EncodePriority
                0x0000000008001888       0x64 ./Drivers/STM32F1xx_HAL_Driver/Src/stm32f1xx_hal_cortex.o
 .text.SysTick_Config
                0x00000000080018ec       0x44 ./Drivers/STM32F1xx_HAL_Driver/Src/stm32f1xx_hal_cortex.o
 .text.HAL_NVIC_SetPriorityGrouping
                0x0000000008001930       0x16 ./Drivers/STM32F1xx_HAL_Driver/Src/stm32f1xx_hal_cortex.o
                0x0000000008001930                HAL_NVIC_SetPriorityGrouping
 .text.HAL_NVIC_SetPriority
                0x0000000008001946       0x38 ./Drivers/STM32F1xx_HAL_Driver/Src/stm32f1xx_hal_cortex.o
                0x0000000008001946                HAL_NVIC_SetPriority
 .text.HAL_NVIC_EnableIRQ
                0x000000000800197e       0x1c ./Drivers/STM32F1xx_HAL_Driver/Src/stm32f1xx_hal_cortex.o
                0x000000000800197e                HAL_NVIC_EnableIRQ
 .text.HAL_SYSTICK_Config
                0x000000000800199a       0x18 ./Drivers/STM32F1xx_HAL_Driver/Src/stm32f1xx_hal_cortex.o
                0x000000000800199a                HAL_SYSTICK_Config
 *fill*         0x00000000080019b2        0x2 
 .text.HAL_GPIO_Init
                0x00000000080019b4      0x2f4 ./Drivers/STM32F1xx_HAL_Driver/Src/stm32f1xx_hal_gpio.o
                0x00000000080019b4                HAL_GPIO_Init
 .text.HAL_GPIO_ReadPin
                0x0000000008001ca8       0x2e ./Drivers/STM32F1xx_HAL_Driver/Src/stm32f1xx_hal_gpio.o
                0x0000000008001ca8                HAL_GPIO_ReadPin
 .text.HAL_GPIO_WritePin
                0x0000000008001cd6       0x30 ./Drivers/STM32F1xx_HAL_Driver/Src/stm32f1xx_hal_gpio.o
                0x0000000008001cd6                HAL_GPIO_WritePin
 .text.HAL_GPIO_TogglePin
                0x0000000008001d06       0x32 ./Drivers/STM32F1xx_HAL_Driver/Src/stm32f1xx_hal_gpio.o
                0x0000000008001d06                HAL_GPIO_TogglePin
 .text.HAL_RCC_OscConfig
                0x0000000008001d38      0x500 ./Drivers/STM32F1xx_HAL_Driver/Src/stm32f1xx_hal_rcc.o
                0x0000000008001d38                HAL_RCC_OscConfig
 .text.HAL_RCC_ClockConfig
                0x0000000008002238      0x1d4 ./Drivers/STM32F1xx_HAL_Driver/Src/stm32f1xx_hal_rcc.o
                0x0000000008002238                HAL_RCC_ClockConfig
 .text.HAL_RCC_GetSysClockFreq
                0x000000000800240c       0xa8 ./Drivers/STM32F1xx_HAL_Driver/Src/stm32f1xx_hal_rcc.o
                0x000000000800240c                HAL_RCC_GetSysClockFreq
 .text.RCC_Delay
                0x00000000080024b4       0x3c ./Drivers/STM32F1xx_HAL_Driver/Src/stm32f1xx_hal_rcc.o
 .text.HAL_TIM_Base_Init
                0x00000000080024f0       0x9e ./Drivers/STM32F1xx_HAL_Driver/Src/stm32f1xx_hal_tim.o
                0x00000000080024f0                HAL_TIM_Base_Init
 *fill*         0x000000000800258e        0x2 
 .text.HAL_TIM_Base_Start_IT
                0x0000000008002590       0x98 ./Drivers/STM32F1xx_HAL_Driver/Src/stm32f1xx_hal_tim.o
                0x0000000008002590                HAL_TIM_Base_Start_IT
 .text.HAL_TIM_IRQHandler
                0x0000000008002628      0x1e0 ./Drivers/STM32F1xx_HAL_Driver/Src/stm32f1xx_hal_tim.o
                0x0000000008002628                HAL_TIM_IRQHandler
 .text.HAL_TIM_ConfigClockSource
                0x0000000008002808      0x18e ./Drivers/STM32F1xx_HAL_Driver/Src/stm32f1xx_hal_tim.o
                0x0000000008002808                HAL_TIM_ConfigClockSource
 .text.HAL_TIM_OC_DelayElapsedCallback
                0x0000000008002996       0x12 ./Drivers/STM32F1xx_HAL_Driver/Src/stm32f1xx_hal_tim.o
                0x0000000008002996                HAL_TIM_OC_DelayElapsedCallback
 .text.HAL_TIM_IC_CaptureCallback
                0x00000000080029a8       0x12 ./Drivers/STM32F1xx_HAL_Driver/Src/stm32f1xx_hal_tim.o
                0x00000000080029a8                HAL_TIM_IC_CaptureCallback
 .text.HAL_TIM_PWM_PulseFinishedCallback
                0x00000000080029ba       0x12 ./Drivers/STM32F1xx_HAL_Driver/Src/stm32f1xx_hal_tim.o
                0x00000000080029ba                HAL_TIM_PWM_PulseFinishedCallback
 .text.HAL_TIM_TriggerCallback
                0x00000000080029cc       0x12 ./Drivers/STM32F1xx_HAL_Driver/Src/stm32f1xx_hal_tim.o
                0x00000000080029cc                HAL_TIM_TriggerCallback
 *fill*         0x00000000080029de        0x2 
 .text.TIM_Base_SetConfig
                0x00000000080029e0       0xc8 ./Drivers/STM32F1xx_HAL_Driver/Src/stm32f1xx_hal_tim.o
                0x00000000080029e0                TIM_Base_SetConfig
 .text.TIM_TI1_ConfigInputStage
                0x0000000008002aa8       0x5c ./Drivers/STM32F1xx_HAL_Driver/Src/stm32f1xx_hal_tim.o
 .text.TIM_TI2_ConfigInputStage
                0x0000000008002b04       0x5e ./Drivers/STM32F1xx_HAL_Driver/Src/stm32f1xx_hal_tim.o
 .text.TIM_ITRx_SetConfig
                0x0000000008002b62       0x34 ./Drivers/STM32F1xx_HAL_Driver/Src/stm32f1xx_hal_tim.o
 .text.TIM_ETR_SetConfig
                0x0000000008002b96       0x3e ./Drivers/STM32F1xx_HAL_Driver/Src/stm32f1xx_hal_tim.o
                0x0000000008002b96                TIM_ETR_SetConfig
 .text.HAL_TIMEx_MasterConfigSynchronization
                0x0000000008002bd4       0xb0 ./Drivers/STM32F1xx_HAL_Driver/Src/stm32f1xx_hal_tim_ex.o
                0x0000000008002bd4                HAL_TIMEx_MasterConfigSynchronization
 .text.HAL_TIMEx_CommutCallback
                0x0000000008002c84       0x12 ./Drivers/STM32F1xx_HAL_Driver/Src/stm32f1xx_hal_tim_ex.o
                0x0000000008002c84                HAL_TIMEx_CommutCallback
 .text.HAL_TIMEx_BreakCallback
                0x0000000008002c96       0x12 ./Drivers/STM32F1xx_HAL_Driver/Src/stm32f1xx_hal_tim_ex.o
                0x0000000008002c96                HAL_TIMEx_BreakCallback
 .text.__errno  0x0000000008002ca8        0xc d:/appfile/microprocessor_microcontroller/stm32cubeide_1.7.0/stm32cubeide/plugins/com.st.stm32cube.ide.mcu.externaltools.gnu-tools-for-stm32.9-2020-q2-update.win32_2.0.0.202105311346/tools/bin/../lib/gcc/arm-none-eabi/9.3.1/../../../../arm-none-eabi/lib/thumb/v7-m/nofp\libc_nano.a(lib_a-errno.o)
                0x0000000008002ca8                __errno
 .text.__libc_init_array
                0x0000000008002cb4       0x48 d:/appfile/microprocessor_microcontroller/stm32cubeide_1.7.0/stm32cubeide/plugins/com.st.stm32cube.ide.mcu.externaltools.gnu-tools-for-stm32.9-2020-q2-update.win32_2.0.0.202105311346/tools/bin/../lib/gcc/arm-none-eabi/9.3.1/../../../../arm-none-eabi/lib/thumb/v7-m/nofp\libc_nano.a(lib_a-init.o)
                0x0000000008002cb4                __libc_init_array
 .text.malloc   0x0000000008002cfc       0x10 d:/appfile/microprocessor_microcontroller/stm32cubeide_1.7.0/stm32cubeide/plugins/com.st.stm32cube.ide.mcu.externaltools.gnu-tools-for-stm32.9-2020-q2-update.win32_2.0.0.202105311346/tools/bin/../lib/gcc/arm-none-eabi/9.3.1/../../../../arm-none-eabi/lib/thumb/v7-m/nofp\libc_nano.a(lib_a-malloc.o)
                0x0000000008002cfc                malloc
 .text.free     0x0000000008002d0c       0x10 d:/appfile/microprocessor_microcontroller/stm32cubeide_1.7.0/stm32cubeide/plugins/com.st.stm32cube.ide.mcu.externaltools.gnu-tools-for-stm32.9-2020-q2-update.win32_2.0.0.202105311346/tools/bin/../lib/gcc/arm-none-eabi/9.3.1/../../../../arm-none-eabi/lib/thumb/v7-m/nofp\libc_nano.a(lib_a-malloc.o)
                0x0000000008002d0c                free
 .text.memset   0x0000000008002d1c       0x10 d:/appfile/microprocessor_microcontroller/stm32cubeide_1.7.0/stm32cubeide/plugins/com.st.stm32cube.ide.mcu.externaltools.gnu-tools-for-stm32.9-2020-q2-update.win32_2.0.0.202105311346/tools/bin/../lib/gcc/arm-none-eabi/9.3.1/../../../../arm-none-eabi/lib/thumb/v7-m/nofp\libc_nano.a(lib_a-memset.o)
                0x0000000008002d1c                memset
 .text._free_r  0x0000000008002d2c       0x98 d:/appfile/microprocessor_microcontroller/stm32cubeide_1.7.0/stm32cubeide/plugins/com.st.stm32cube.ide.mcu.externaltools.gnu-tools-for-stm32.9-2020-q2-update.win32_2.0.0.202105311346/tools/bin/../lib/gcc/arm-none-eabi/9.3.1/../../../../arm-none-eabi/lib/thumb/v7-m/nofp\libc_nano.a(lib_a-nano-freer.o)
                0x0000000008002d2c                _free_r
 .text._malloc_r
                0x0000000008002dc4       0xb4 d:/appfile/microprocessor_microcontroller/stm32cubeide_1.7.0/stm32cubeide/plugins/com.st.stm32cube.ide.mcu.externaltools.gnu-tools-for-stm32.9-2020-q2-update.win32_2.0.0.202105311346/tools/bin/../lib/gcc/arm-none-eabi/9.3.1/../../../../arm-none-eabi/lib/thumb/v7-m/nofp\libc_nano.a(lib_a-nano-mallocr.o)
                0x0000000008002dc4                _malloc_r
 .text._sbrk_r  0x0000000008002e78       0x20 d:/appfile/microprocessor_microcontroller/stm32cubeide_1.7.0/stm32cubeide/plugins/com.st.stm32cube.ide.mcu.externaltools.gnu-tools-for-stm32.9-2020-q2-update.win32_2.0.0.202105311346/tools/bin/../lib/gcc/arm-none-eabi/9.3.1/../../../../arm-none-eabi/lib/thumb/v7-m/nofp\libc_nano.a(lib_a-sbrkr.o)
                0x0000000008002e78                _sbrk_r
 .text.__malloc_lock
                0x0000000008002e98        0xc d:/appfile/microprocessor_microcontroller/stm32cubeide_1.7.0/stm32cubeide/plugins/com.st.stm32cube.ide.mcu.externaltools.gnu-tools-for-stm32.9-2020-q2-update.win32_2.0.0.202105311346/tools/bin/../lib/gcc/arm-none-eabi/9.3.1/../../../../arm-none-eabi/lib/thumb/v7-m/nofp\libc_nano.a(lib_a-mlock.o)
                0x0000000008002e98                __malloc_lock
 .text.__malloc_unlock
                0x0000000008002ea4        0xc d:/appfile/microprocessor_microcontroller/stm32cubeide_1.7.0/stm32cubeide/plugins/com.st.stm32cube.ide.mcu.externaltools.gnu-tools-for-stm32.9-2020-q2-update.win32_2.0.0.202105311346/tools/bin/../lib/gcc/arm-none-eabi/9.3.1/../../../../arm-none-eabi/lib/thumb/v7-m/nofp\libc_nano.a(lib_a-mlock.o)
                0x0000000008002ea4                __malloc_unlock
 .text.__retarget_lock_acquire_recursive
                0x0000000008002eb0        0x2 d:/appfile/microprocessor_microcontroller/stm32cubeide_1.7.0/stm32cubeide/plugins/com.st.stm32cube.ide.mcu.externaltools.gnu-tools-for-stm32.9-2020-q2-update.win32_2.0.0.202105311346/tools/bin/../lib/gcc/arm-none-eabi/9.3.1/../../../../arm-none-eabi/lib/thumb/v7-m/nofp\libc_nano.a(lib_a-lock.o)
                0x0000000008002eb0                __retarget_lock_acquire_recursive
 .text.__retarget_lock_release_recursive
                0x0000000008002eb2        0x2 d:/appfile/microprocessor_microcontroller/stm32cubeide_1.7.0/stm32cubeide/plugins/com.st.stm32cube.ide.mcu.externaltools.gnu-tools-for-stm32.9-2020-q2-update.win32_2.0.0.202105311346/tools/bin/../lib/gcc/arm-none-eabi/9.3.1/../../../../arm-none-eabi/lib/thumb/v7-m/nofp\libc_nano.a(lib_a-lock.o)
                0x0000000008002eb2                __retarget_lock_release_recursive
 *(.glue_7)
 .glue_7        0x0000000008002eb4        0x0 linker stubs
 *(.glue_7t)
 .glue_7t       0x0000000008002eb4        0x0 linker stubs
 *(.eh_frame)
 .eh_frame      0x0000000008002eb4        0x0 d:/appfile/microprocessor_microcontroller/stm32cubeide_1.7.0/stm32cubeide/plugins/com.st.stm32cube.ide.mcu.externaltools.gnu-tools-for-stm32.9-2020-q2-update.win32_2.0.0.202105311346/tools/bin/../lib/gcc/arm-none-eabi/9.3.1/thumb/v7-m/nofp/crtbegin.o
 *(.init)
 .init          0x0000000008002eb4        0x4 d:/appfile/microprocessor_microcontroller/stm32cubeide_1.7.0/stm32cubeide/plugins/com.st.stm32cube.ide.mcu.externaltools.gnu-tools-for-stm32.9-2020-q2-update.win32_2.0.0.202105311346/tools/bin/../lib/gcc/arm-none-eabi/9.3.1/thumb/v7-m/nofp/crti.o
                0x0000000008002eb4                _init
 .init          0x0000000008002eb8        0x8 d:/appfile/microprocessor_microcontroller/stm32cubeide_1.7.0/stm32cubeide/plugins/com.st.stm32cube.ide.mcu.externaltools.gnu-tools-for-stm32.9-2020-q2-update.win32_2.0.0.202105311346/tools/bin/../lib/gcc/arm-none-eabi/9.3.1/thumb/v7-m/nofp/crtn.o
 *(.fini)
 .fini          0x0000000008002ec0        0x4 d:/appfile/microprocessor_microcontroller/stm32cubeide_1.7.0/stm32cubeide/plugins/com.st.stm32cube.ide.mcu.externaltools.gnu-tools-for-stm32.9-2020-q2-update.win32_2.0.0.202105311346/tools/bin/../lib/gcc/arm-none-eabi/9.3.1/thumb/v7-m/nofp/crti.o
                0x0000000008002ec0                _fini
 .fini          0x0000000008002ec4        0x8 d:/appfile/microprocessor_microcontroller/stm32cubeide_1.7.0/stm32cubeide/plugins/com.st.stm32cube.ide.mcu.externaltools.gnu-tools-for-stm32.9-2020-q2-update.win32_2.0.0.202105311346/tools/bin/../lib/gcc/arm-none-eabi/9.3.1/thumb/v7-m/nofp/crtn.o
                0x0000000008002ecc                . = ALIGN (0x4)
                0x0000000008002ecc                _etext = .

.vfp11_veneer   0x0000000008002ecc        0x0
 .vfp11_veneer  0x0000000008002ecc        0x0 linker stubs

.v4_bx          0x0000000008002ecc        0x0
 .v4_bx         0x0000000008002ecc        0x0 linker stubs

.iplt           0x0000000008002ecc        0x0
 .iplt          0x0000000008002ecc        0x0 d:/appfile/microprocessor_microcontroller/stm32cubeide_1.7.0/stm32cubeide/plugins/com.st.stm32cube.ide.mcu.externaltools.gnu-tools-for-stm32.9-2020-q2-update.win32_2.0.0.202105311346/tools/bin/../lib/gcc/arm-none-eabi/9.3.1/thumb/v7-m/nofp/crtbegin.o

.rodata         0x0000000008002ecc       0x34
                0x0000000008002ecc                . = ALIGN (0x4)
 *(.rodata)
 *(.rodata*)
 .rodata.SEG_TABLE
                0x0000000008002ecc        0xf ./Core/Src/led_display.o
 *fill*         0x0000000008002edb        0x1 
 .rodata.AHBPrescTable
                0x0000000008002edc       0x10 ./Core/Src/system_stm32f1xx.o
                0x0000000008002edc                AHBPrescTable
 .rodata.aPLLMULFactorTable.6032
                0x0000000008002eec       0x10 ./Drivers/STM32F1xx_HAL_Driver/Src/stm32f1xx_hal_rcc.o
 .rodata.aPredivFactorTable.6033
                0x0000000008002efc        0x2 ./Drivers/STM32F1xx_HAL_Driver/Src/stm32f1xx_hal_rcc.o
                0x0000000008002f00                . = ALIGN (0x4)
 *fill*         0x0000000008002efe        0x2 

.rel.dyn        0x0000000008002f00        0x0
 .rel.iplt      0x0000000008002f00        0x0 d:/appfile/microprocessor_microcontroller/stm32cubeide_1.7.0/stm32cubeide/plugins/com.st.stm32cube.ide.mcu.externaltools.gnu-tools-for-stm32.9-2020-q2-update.win32_2.0.0.202105311346/tools/bin/../lib/gcc/arm-none-eabi/9.3.1/thumb/v7-m/nofp/crtbegin.o

.ARM.extab      0x0000000008002f00        0x0
                0x0000000008002f00                . = ALIGN (0x4)
 *(.ARM.extab* .gnu.linkonce.armextab.*)
                0x0000000008002f00                . = ALIGN (0x4)

.ARM            0x0000000008002f00        0x0
                0x0000000008002f00                . = ALIGN (0x4)
                0x0000000008002f00                __exidx_start = .
 *(.ARM.exidx*)
                0x0000000008002f00                __exidx_end = .
                0x0000000008002f00                . = ALIGN (0x4)

.preinit_array  0x0000000008002f00        0x0
                0x0000000008002f00                . = ALIGN (0x4)
                0x0000000008002f00                PROVIDE (__preinit_array_start = .)
 *(.preinit_array*)
                0x0000000008002f00                PROVIDE (__preinit_array_end = .)
                0x0000000008002f00                . = ALIGN (0x4)

.init_array     0x0000000008002f00        0x4
                0x0000000008002f00                . = ALIGN (0x4)
                0x0000000008002f00                PROVIDE (__init_array_start = .)
 *(SORT_BY_NAME(.init_array.*))
 *(.init_array*)
 .init_array    0x0000000008002f00        0x4 d:/appfile/microprocessor_microcontroller/stm32cubeide_1.7.0/stm32cubeide/plugins/com.st.stm32cube.ide.mcu.externaltools.gnu-tools-for-stm32.9-2020-q2-update.win32_2.0.0.202105311346/tools/bin/../lib/gcc/arm-none-eabi/9.3.1/thumb/v7-m/nofp/crtbegin.o
                0x0000000008002f04                PROVIDE (__init_array_end = .)
                0x0000000008002f04                . = ALIGN (0x4)

.fini_array     0x0000000008002f04        0x4
                0x0000000008002f04                . = ALIGN (0x4)
                [!provide]                        PROVIDE (__fini_array_start = .)
 *(SORT_BY_NAME(.fini_array.*))
 *(.fini_array*)
 .fini_array    0x0000000008002f04        0x4 d:/appfile/microprocessor_microcontroller/stm32cubeide_1.7.0/stm32cubeide/plugins/com.st.stm32cube.ide.mcu.externaltools.gnu-tools-for-stm32.9-2020-q2-update.win32_2.0.0.202105311346/tools/bin/../lib/gcc/arm-none-eabi/9.3.1/thumb/v7-m/nofp/crtbegin.o
                [!provide]                        PROVIDE (__fini_array_end = .)
                0x0000000008002f08                . = ALIGN (0x4)
                0x0000000008002f08                _sidata = LOADADDR (.data)

.data           0x0000000020000000       0x9c load address 0x0000000008002f08
                0x0000000020000000                . = ALIGN (0x4)
                0x0000000020000000                _sdata = .
 *(.data)
 *(.data*)
 .data.traffic_state
                0x0000000020000000        0x4 ./Core/Src/global.o
                0x0000000020000000                traffic_state
 .data.config_state
                0x0000000020000004        0x4 ./Core/Src/global.o
                0x0000000020000004                config_state
 .data.new_time
                0x0000000020000008        0x4 ./Core/Src/global.o
                0x0000000020000008                new_time
 .data.time_red
                0x000000002000000c        0x4 ./Core/Src/global.o
                0x000000002000000c                time_red
 .data.time_amber
                0x0000000020000010        0x4 ./Core/Src/global.o
                0x0000000020000010                time_amber
 .data.time_green
                0x0000000020000014        0x4 ./Core/Src/global.o
                0x0000000020000014                time_green
 .data.counter_rgy1
                0x0000000020000018        0x4 ./Core/Src/global.o
                0x0000000020000018                counter_rgy1
 .data.counter_rgy2
                0x000000002000001c        0x4 ./Core/Src/global.o
                0x000000002000001c                counter_rgy2
 .data.buttonBuffer
                0x0000000020000020        0x3 ./Core/Src/input_reading.o
 *fill*         0x0000000020000023        0x1 
 .data.debounceButtonBuffer1
                0x0000000020000024        0x3 ./Core/Src/input_reading.o
 *fill*         0x0000000020000027        0x1 
 .data.debounceButtonBuffer2
                0x0000000020000028        0x3 ./Core/Src/input_reading.o
 *fill*         0x000000002000002b        0x1 
 .data.SystemCoreClock
                0x000000002000002c        0x4 ./Core/Src/system_stm32f1xx.o
                0x000000002000002c                SystemCoreClock
 .data.uwTickPrio
                0x0000000020000030        0x4 ./Drivers/STM32F1xx_HAL_Driver/Src/stm32f1xx_hal.o
                0x0000000020000030                uwTickPrio
 .data.uwTickFreq
                0x0000000020000034        0x1 ./Drivers/STM32F1xx_HAL_Driver/Src/stm32f1xx_hal.o
                0x0000000020000034                uwTickFreq
 *fill*         0x0000000020000035        0x3 
 .data._impure_ptr
                0x0000000020000038        0x4 d:/appfile/microprocessor_microcontroller/stm32cubeide_1.7.0/stm32cubeide/plugins/com.st.stm32cube.ide.mcu.externaltools.gnu-tools-for-stm32.9-2020-q2-update.win32_2.0.0.202105311346/tools/bin/../lib/gcc/arm-none-eabi/9.3.1/../../../../arm-none-eabi/lib/thumb/v7-m/nofp\libc_nano.a(lib_a-impure.o)
                0x0000000020000038                _impure_ptr
 .data.impure_data
                0x000000002000003c       0x60 d:/appfile/microprocessor_microcontroller/stm32cubeide_1.7.0/stm32cubeide/plugins/com.st.stm32cube.ide.mcu.externaltools.gnu-tools-for-stm32.9-2020-q2-update.win32_2.0.0.202105311346/tools/bin/../lib/gcc/arm-none-eabi/9.3.1/../../../../arm-none-eabi/lib/thumb/v7-m/nofp\libc_nano.a(lib_a-impure.o)
 *(.RamFunc)
 *(.RamFunc*)
                0x000000002000009c                . = ALIGN (0x4)
                0x000000002000009c                _edata = .

.igot.plt       0x000000002000009c        0x0 load address 0x0000000008002fa4
 .igot.plt      0x000000002000009c        0x0 d:/appfile/microprocessor_microcontroller/stm32cubeide_1.7.0/stm32cubeide/plugins/com.st.stm32cube.ide.mcu.externaltools.gnu-tools-for-stm32.9-2020-q2-update.win32_2.0.0.202105311346/tools/bin/../lib/gcc/arm-none-eabi/9.3.1/thumb/v7-m/nofp/crtbegin.o
                0x000000002000009c                . = ALIGN (0x4)

.bss            0x000000002000009c       0xc0 load address 0x0000000008002fa4
                0x000000002000009c                _sbss = .
                0x000000002000009c                __bss_start__ = _sbss
 *(.bss)
 .bss           0x000000002000009c       0x1c d:/appfile/microprocessor_microcontroller/stm32cubeide_1.7.0/stm32cubeide/plugins/com.st.stm32cube.ide.mcu.externaltools.gnu-tools-for-stm32.9-2020-q2-update.win32_2.0.0.202105311346/tools/bin/../lib/gcc/arm-none-eabi/9.3.1/thumb/v7-m/nofp/crtbegin.o
 *(.bss*)
 .bss.state     0x00000000200000b8        0x4 ./Core/Src/global.o
                0x00000000200000b8                state
 .bss.led_idx   0x00000000200000bc        0x4 ./Core/Src/global.o
                0x00000000200000bc                led_idx
 .bss.new_red   0x00000000200000c0        0x4 ./Core/Src/global.o
                0x00000000200000c0                new_red
 .bss.new_green
                0x00000000200000c4        0x4 ./Core/Src/global.o
                0x00000000200000c4                new_green
 .bss.new_amber
                0x00000000200000c8        0x4 ./Core/Src/global.o
                0x00000000200000c8                new_amber
 .bss.buttonState
                0x00000000200000cc        0x3 ./Core/Src/input_processing.o
                0x00000000200000cc                buttonState
 *fill*         0x00000000200000cf        0x1 
 .bss.flagForButtonPress1s
                0x00000000200000d0        0x3 ./Core/Src/input_reading.o
 *fill*         0x00000000200000d3        0x1 
 .bss.counterForButtonPress1s
                0x00000000200000d4        0x6 ./Core/Src/input_reading.o
 *fill*         0x00000000200000da        0x2 
 .bss.led_buffer
                0x00000000200000dc       0x10 ./Core/Src/led_display.o
                0x00000000200000dc                led_buffer
 .bss.SCH_tasks_G
                0x00000000200000ec        0x4 ./Core/Src/scheduler.o
 .bss.num_task  0x00000000200000f0        0x4 ./Core/Src/scheduler.o
                0x00000000200000f0                num_task
 .bss.__sbrk_heap_end
                0x00000000200000f4        0x4 ./Core/Src/sysmem.o
 .bss.__malloc_free_list
                0x00000000200000f8        0x4 d:/appfile/microprocessor_microcontroller/stm32cubeide_1.7.0/stm32cubeide/plugins/com.st.stm32cube.ide.mcu.externaltools.gnu-tools-for-stm32.9-2020-q2-update.win32_2.0.0.202105311346/tools/bin/../lib/gcc/arm-none-eabi/9.3.1/../../../../arm-none-eabi/lib/thumb/v7-m/nofp\libc_nano.a(lib_a-nano-mallocr.o)
                0x00000000200000f8                __malloc_free_list
 .bss.__malloc_sbrk_start
                0x00000000200000fc        0x4 d:/appfile/microprocessor_microcontroller/stm32cubeide_1.7.0/stm32cubeide/plugins/com.st.stm32cube.ide.mcu.externaltools.gnu-tools-for-stm32.9-2020-q2-update.win32_2.0.0.202105311346/tools/bin/../lib/gcc/arm-none-eabi/9.3.1/../../../../arm-none-eabi/lib/thumb/v7-m/nofp\libc_nano.a(lib_a-nano-mallocr.o)
                0x00000000200000fc                __malloc_sbrk_start
 *(COMMON)
 COMMON         0x0000000020000100       0x48 ./Core/Src/main.o
                0x0000000020000100                htim2
 COMMON         0x0000000020000148        0x4 ./Drivers/STM32F1xx_HAL_Driver/Src/stm32f1xx_hal.o
                0x0000000020000148                uwTick
 COMMON         0x000000002000014c        0x4 d:/appfile/microprocessor_microcontroller/stm32cubeide_1.7.0/stm32cubeide/plugins/com.st.stm32cube.ide.mcu.externaltools.gnu-tools-for-stm32.9-2020-q2-update.win32_2.0.0.202105311346/tools/bin/../lib/gcc/arm-none-eabi/9.3.1/../../../../arm-none-eabi/lib/thumb/v7-m/nofp\libc_nano.a(lib_a-reent.o)
                0x000000002000014c                errno
 COMMON         0x0000000020000150        0x9 d:/appfile/microprocessor_microcontroller/stm32cubeide_1.7.0/stm32cubeide/plugins/com.st.stm32cube.ide.mcu.externaltools.gnu-tools-for-stm32.9-2020-q2-update.win32_2.0.0.202105311346/tools/bin/../lib/gcc/arm-none-eabi/9.3.1/../../../../arm-none-eabi/lib/thumb/v7-m/nofp\libc_nano.a(lib_a-lock.o)
                0x0000000020000150                __lock___atexit_recursive_mutex
                0x0000000020000151                __lock___arc4random_mutex
                0x0000000020000152                __lock___env_recursive_mutex
                0x0000000020000153                __lock___sinit_recursive_mutex
                0x0000000020000154                __lock___malloc_recursive_mutex
                0x0000000020000155                __lock___at_quick_exit_mutex
                0x0000000020000156                __lock___dd_hash_mutex
                0x0000000020000157                __lock___tz_mutex
                0x0000000020000158                __lock___sfp_recursive_mutex
                0x000000002000015c                . = ALIGN (0x4)
 *fill*         0x0000000020000159        0x3 
                0x000000002000015c                _ebss = .
                0x000000002000015c                __bss_end__ = _ebss

._user_heap_stack
                0x000000002000015c      0x604 load address 0x0000000008002fa4
                0x0000000020000160                . = ALIGN (0x8)
 *fill*         0x000000002000015c        0x4 
                [!provide]                        PROVIDE (end = .)
                0x0000000020000160                PROVIDE (_end = .)
                0x0000000020000360                . = (. + _Min_Heap_Size)
 *fill*         0x0000000020000160      0x200 
                0x0000000020000760                . = (. + _Min_Stack_Size)
 *fill*         0x0000000020000360      0x400 
                0x0000000020000760                . = ALIGN (0x8)

/DISCARD/
 libc.a(*)
 libm.a(*)
 libgcc.a(*)

.ARM.attributes
                0x0000000000000000       0x29
 *(.ARM.attributes)
 .ARM.attributes
                0x0000000000000000       0x1d d:/appfile/microprocessor_microcontroller/stm32cubeide_1.7.0/stm32cubeide/plugins/com.st.stm32cube.ide.mcu.externaltools.gnu-tools-for-stm32.9-2020-q2-update.win32_2.0.0.202105311346/tools/bin/../lib/gcc/arm-none-eabi/9.3.1/thumb/v7-m/nofp/crti.o
 .ARM.attributes
                0x000000000000001d       0x2d d:/appfile/microprocessor_microcontroller/stm32cubeide_1.7.0/stm32cubeide/plugins/com.st.stm32cube.ide.mcu.externaltools.gnu-tools-for-stm32.9-2020-q2-update.win32_2.0.0.202105311346/tools/bin/../lib/gcc/arm-none-eabi/9.3.1/thumb/v7-m/nofp/crtbegin.o
 .ARM.attributes
                0x000000000000004a       0x2d ./Core/Src/fsm_automatic.o
 .ARM.attributes
                0x0000000000000077       0x2d ./Core/Src/fsm_config.o
 .ARM.attributes
                0x00000000000000a4       0x2d ./Core/Src/fsm_manual.o
 .ARM.attributes
                0x00000000000000d1       0x33 ./Core/Src/global.o
 .ARM.attributes
                0x0000000000000104       0x2d ./Core/Src/input_processing.o
 .ARM.attributes
                0x0000000000000131       0x2d ./Core/Src/input_reading.o
 .ARM.attributes
                0x000000000000015e       0x2d ./Core/Src/led_display.o
 .ARM.attributes
                0x000000000000018b       0x2d ./Core/Src/main.o
 .ARM.attributes
                0x00000000000001b8       0x2d ./Core/Src/scheduler.o
 .ARM.attributes
                0x00000000000001e5       0x2d ./Core/Src/stm32f1xx_hal_msp.o
 .ARM.attributes
                0x0000000000000212       0x2d ./Core/Src/stm32f1xx_it.o
 .ARM.attributes
                0x000000000000023f       0x2d ./Core/Src/sysmem.o
 .ARM.attributes
                0x000000000000026c       0x2d ./Core/Src/system_stm32f1xx.o
 .ARM.attributes
                0x0000000000000299       0x21 ./Core/Startup/startup_stm32f103c6ux.o
 .ARM.attributes
                0x00000000000002ba       0x2d ./Drivers/STM32F1xx_HAL_Driver/Src/stm32f1xx_hal.o
 .ARM.attributes
                0x00000000000002e7       0x2d ./Drivers/STM32F1xx_HAL_Driver/Src/stm32f1xx_hal_cortex.o
 .ARM.attributes
                0x0000000000000314       0x2d ./Drivers/STM32F1xx_HAL_Driver/Src/stm32f1xx_hal_gpio.o
 .ARM.attributes
                0x0000000000000341       0x2d ./Drivers/STM32F1xx_HAL_Driver/Src/stm32f1xx_hal_rcc.o
 .ARM.attributes
                0x000000000000036e       0x2d ./Drivers/STM32F1xx_HAL_Driver/Src/stm32f1xx_hal_tim.o
 .ARM.attributes
                0x000000000000039b       0x2d ./Drivers/STM32F1xx_HAL_Driver/Src/stm32f1xx_hal_tim_ex.o
 .ARM.attributes
                0x00000000000003c8       0x2d d:/appfile/microprocessor_microcontroller/stm32cubeide_1.7.0/stm32cubeide/plugins/com.st.stm32cube.ide.mcu.externaltools.gnu-tools-for-stm32.9-2020-q2-update.win32_2.0.0.202105311346/tools/bin/../lib/gcc/arm-none-eabi/9.3.1/../../../../arm-none-eabi/lib/thumb/v7-m/nofp\libc_nano.a(lib_a-errno.o)
 .ARM.attributes
                0x00000000000003f5       0x2d d:/appfile/microprocessor_microcontroller/stm32cubeide_1.7.0/stm32cubeide/plugins/com.st.stm32cube.ide.mcu.externaltools.gnu-tools-for-stm32.9-2020-q2-update.win32_2.0.0.202105311346/tools/bin/../lib/gcc/arm-none-eabi/9.3.1/../../../../arm-none-eabi/lib/thumb/v7-m/nofp\libc_nano.a(lib_a-impure.o)
 .ARM.attributes
                0x0000000000000422       0x2d d:/appfile/microprocessor_microcontroller/stm32cubeide_1.7.0/stm32cubeide/plugins/com.st.stm32cube.ide.mcu.externaltools.gnu-tools-for-stm32.9-2020-q2-update.win32_2.0.0.202105311346/tools/bin/../lib/gcc/arm-none-eabi/9.3.1/../../../../arm-none-eabi/lib/thumb/v7-m/nofp\libc_nano.a(lib_a-init.o)
 .ARM.attributes
                0x000000000000044f       0x2d d:/appfile/microprocessor_microcontroller/stm32cubeide_1.7.0/stm32cubeide/plugins/com.st.stm32cube.ide.mcu.externaltools.gnu-tools-for-stm32.9-2020-q2-update.win32_2.0.0.202105311346/tools/bin/../lib/gcc/arm-none-eabi/9.3.1/../../../../arm-none-eabi/lib/thumb/v7-m/nofp\libc_nano.a(lib_a-malloc.o)
 .ARM.attributes
                0x000000000000047c       0x2d d:/appfile/microprocessor_microcontroller/stm32cubeide_1.7.0/stm32cubeide/plugins/com.st.stm32cube.ide.mcu.externaltools.gnu-tools-for-stm32.9-2020-q2-update.win32_2.0.0.202105311346/tools/bin/../lib/gcc/arm-none-eabi/9.3.1/../../../../arm-none-eabi/lib/thumb/v7-m/nofp\libc_nano.a(lib_a-memset.o)
 .ARM.attributes
                0x00000000000004a9       0x2d d:/appfile/microprocessor_microcontroller/stm32cubeide_1.7.0/stm32cubeide/plugins/com.st.stm32cube.ide.mcu.externaltools.gnu-tools-for-stm32.9-2020-q2-update.win32_2.0.0.202105311346/tools/bin/../lib/gcc/arm-none-eabi/9.3.1/../../../../arm-none-eabi/lib/thumb/v7-m/nofp\libc_nano.a(lib_a-nano-freer.o)
 .ARM.attributes
                0x00000000000004d6       0x2d d:/appfile/microprocessor_microcontroller/stm32cubeide_1.7.0/stm32cubeide/plugins/com.st.stm32cube.ide.mcu.externaltools.gnu-tools-for-stm32.9-2020-q2-update.win32_2.0.0.202105311346/tools/bin/../lib/gcc/arm-none-eabi/9.3.1/../../../../arm-none-eabi/lib/thumb/v7-m/nofp\libc_nano.a(lib_a-nano-mallocr.o)
 .ARM.attributes
                0x0000000000000503       0x2d d:/appfile/microprocessor_microcontroller/stm32cubeide_1.7.0/stm32cubeide/plugins/com.st.stm32cube.ide.mcu.externaltools.gnu-tools-for-stm32.9-2020-q2-update.win32_2.0.0.202105311346/tools/bin/../lib/gcc/arm-none-eabi/9.3.1/../../../../arm-none-eabi/lib/thumb/v7-m/nofp\libc_nano.a(lib_a-sbrkr.o)
 .ARM.attributes
                0x0000000000000530       0x2d d:/appfile/microprocessor_microcontroller/stm32cubeide_1.7.0/stm32cubeide/plugins/com.st.stm32cube.ide.mcu.externaltools.gnu-tools-for-stm32.9-2020-q2-update.win32_2.0.0.202105311346/tools/bin/../lib/gcc/arm-none-eabi/9.3.1/../../../../arm-none-eabi/lib/thumb/v7-m/nofp\libc_nano.a(lib_a-mlock.o)
 .ARM.attributes
                0x000000000000055d       0x2d d:/appfile/microprocessor_microcontroller/stm32cubeide_1.7.0/stm32cubeide/plugins/com.st.stm32cube.ide.mcu.externaltools.gnu-tools-for-stm32.9-2020-q2-update.win32_2.0.0.202105311346/tools/bin/../lib/gcc/arm-none-eabi/9.3.1/../../../../arm-none-eabi/lib/thumb/v7-m/nofp\libc_nano.a(lib_a-reent.o)
 .ARM.attributes
                0x000000000000058a       0x2d d:/appfile/microprocessor_microcontroller/stm32cubeide_1.7.0/stm32cubeide/plugins/com.st.stm32cube.ide.mcu.externaltools.gnu-tools-for-stm32.9-2020-q2-update.win32_2.0.0.202105311346/tools/bin/../lib/gcc/arm-none-eabi/9.3.1/../../../../arm-none-eabi/lib/thumb/v7-m/nofp\libc_nano.a(lib_a-lock.o)
 .ARM.attributes
                0x00000000000005b7       0x1d d:/appfile/microprocessor_microcontroller/stm32cubeide_1.7.0/stm32cubeide/plugins/com.st.stm32cube.ide.mcu.externaltools.gnu-tools-for-stm32.9-2020-q2-update.win32_2.0.0.202105311346/tools/bin/../lib/gcc/arm-none-eabi/9.3.1/thumb/v7-m/nofp/crtn.o
OUTPUT(Lab4.elf elf32-littlearm)
LOAD linker stubs
LOAD d:/appfile/microprocessor_microcontroller/stm32cubeide_1.7.0/stm32cubeide/plugins/com.st.stm32cube.ide.mcu.externaltools.gnu-tools-for-stm32.9-2020-q2-update.win32_2.0.0.202105311346/tools/bin/../lib/gcc/arm-none-eabi/9.3.1/../../../../arm-none-eabi/lib/thumb/v7-m/nofp\libc.a
LOAD d:/appfile/microprocessor_microcontroller/stm32cubeide_1.7.0/stm32cubeide/plugins/com.st.stm32cube.ide.mcu.externaltools.gnu-tools-for-stm32.9-2020-q2-update.win32_2.0.0.202105311346/tools/bin/../lib/gcc/arm-none-eabi/9.3.1/../../../../arm-none-eabi/lib/thumb/v7-m/nofp\libm.a
LOAD d:/appfile/microprocessor_microcontroller/stm32cubeide_1.7.0/stm32cubeide/plugins/com.st.stm32cube.ide.mcu.externaltools.gnu-tools-for-stm32.9-2020-q2-update.win32_2.0.0.202105311346/tools/bin/../lib/gcc/arm-none-eabi/9.3.1/thumb/v7-m/nofp\libgcc.a

.debug_info     0x0000000000000000     0xd13b
 .debug_info    0x0000000000000000      0xadc ./Core/Src/fsm_automatic.o
 .debug_info    0x0000000000000adc      0xb00 ./Core/Src/fsm_config.o
 .debug_info    0x00000000000015dc      0x29a ./Core/Src/fsm_manual.o
 .debug_info    0x0000000000001876      0x17b ./Core/Src/global.o
 .debug_info    0x00000000000019f1      0xbbf ./Core/Src/input_processing.o
 .debug_info    0x00000000000025b0      0x35a ./Core/Src/input_reading.o
 .debug_info    0x000000000000290a      0x36a ./Core/Src/led_display.o
 .debug_info    0x0000000000002c74     0x1442 ./Core/Src/main.o
 .debug_info    0x00000000000040b6      0xd6f ./Core/Src/scheduler.o
 .debug_info    0x0000000000004e25      0xa09 ./Core/Src/stm32f1xx_hal_msp.o
 .debug_info    0x000000000000582e      0x7b9 ./Core/Src/stm32f1xx_it.o
 .debug_info    0x0000000000005fe7      0xa25 ./Core/Src/sysmem.o
 .debug_info    0x0000000000006a0c      0x2be ./Core/Src/system_stm32f1xx.o
 .debug_info    0x0000000000006cca       0x22 ./Core/Startup/startup_stm32f103c6ux.o
 .debug_info    0x0000000000006cec      0x74c ./Drivers/STM32F1xx_HAL_Driver/Src/stm32f1xx_hal.o
 .debug_info    0x0000000000007438      0xbbe ./Drivers/STM32F1xx_HAL_Driver/Src/stm32f1xx_hal_cortex.o
 .debug_info    0x0000000000007ff6      0x701 ./Drivers/STM32F1xx_HAL_Driver/Src/stm32f1xx_hal_gpio.o
 .debug_info    0x00000000000086f7      0x893 ./Drivers/STM32F1xx_HAL_Driver/Src/stm32f1xx_hal_rcc.o
 .debug_info    0x0000000000008f8a     0x2c32 ./Drivers/STM32F1xx_HAL_Driver/Src/stm32f1xx_hal_tim.o
 .debug_info    0x000000000000bbbc     0x157f ./Drivers/STM32F1xx_HAL_Driver/Src/stm32f1xx_hal_tim_ex.o

.debug_abbrev   0x0000000000000000     0x2380
 .debug_abbrev  0x0000000000000000      0x1b7 ./Core/Src/fsm_automatic.o
 .debug_abbrev  0x00000000000001b7      0x1e7 ./Core/Src/fsm_config.o
 .debug_abbrev  0x000000000000039e       0xd0 ./Core/Src/fsm_manual.o
 .debug_abbrev  0x000000000000046e       0x40 ./Core/Src/global.o
 .debug_abbrev  0x00000000000004ae      0x25a ./Core/Src/input_processing.o
 .debug_abbrev  0x0000000000000708      0x152 ./Core/Src/input_reading.o
 .debug_abbrev  0x000000000000085a      0x187 ./Core/Src/led_display.o
 .debug_abbrev  0x00000000000009e1      0x2b4 ./Core/Src/main.o
 .debug_abbrev  0x0000000000000c95      0x280 ./Core/Src/scheduler.o
 .debug_abbrev  0x0000000000000f15      0x1b7 ./Core/Src/stm32f1xx_hal_msp.o
 .debug_abbrev  0x00000000000010cc      0x176 ./Core/Src/stm32f1xx_it.o
 .debug_abbrev  0x0000000000001242      0x1bf ./Core/Src/sysmem.o
 .debug_abbrev  0x0000000000001401      0x14e ./Core/Src/system_stm32f1xx.o
 .debug_abbrev  0x000000000000154f       0x12 ./Core/Startup/startup_stm32f103c6ux.o
 .debug_abbrev  0x0000000000001561      0x1ed ./Drivers/STM32F1xx_HAL_Driver/Src/stm32f1xx_hal.o
 .debug_abbrev  0x000000000000174e      0x313 ./Drivers/STM32F1xx_HAL_Driver/Src/stm32f1xx_hal_cortex.o
 .debug_abbrev  0x0000000000001a61      0x1e8 ./Drivers/STM32F1xx_HAL_Driver/Src/stm32f1xx_hal_gpio.o
 .debug_abbrev  0x0000000000001c49      0x273 ./Drivers/STM32F1xx_HAL_Driver/Src/stm32f1xx_hal_rcc.o
 .debug_abbrev  0x0000000000001ebc      0x25e ./Drivers/STM32F1xx_HAL_Driver/Src/stm32f1xx_hal_tim.o
 .debug_abbrev  0x000000000000211a      0x266 ./Drivers/STM32F1xx_HAL_Driver/Src/stm32f1xx_hal_tim_ex.o

.debug_aranges  0x0000000000000000      0xb18
 .debug_aranges
                0x0000000000000000       0x20 ./Core/Src/fsm_automatic.o
 .debug_aranges
                0x0000000000000020       0x30 ./Core/Src/fsm_config.o
 .debug_aranges
                0x0000000000000050       0x50 ./Core/Src/fsm_manual.o
 .debug_aranges
                0x00000000000000a0       0x18 ./Core/Src/global.o
 .debug_aranges
                0x00000000000000b8       0x40 ./Core/Src/input_processing.o
 .debug_aranges
                0x00000000000000f8       0x30 ./Core/Src/input_reading.o
 .debug_aranges
                0x0000000000000128       0x50 ./Core/Src/led_display.o
 .debug_aranges
                0x0000000000000178       0x48 ./Core/Src/main.o
 .debug_aranges
                0x00000000000001c0       0x50 ./Core/Src/scheduler.o
 .debug_aranges
                0x0000000000000210       0x30 ./Core/Src/stm32f1xx_hal_msp.o
 .debug_aranges
                0x0000000000000240       0x68 ./Core/Src/stm32f1xx_it.o
 .debug_aranges
                0x00000000000002a8       0x20 ./Core/Src/sysmem.o
 .debug_aranges
                0x00000000000002c8       0x28 ./Core/Src/system_stm32f1xx.o
 .debug_aranges
                0x00000000000002f0       0x28 ./Core/Startup/startup_stm32f103c6ux.o
 .debug_aranges
                0x0000000000000318       0xe0 ./Drivers/STM32F1xx_HAL_Driver/Src/stm32f1xx_hal.o
 .debug_aranges
                0x00000000000003f8      0x100 ./Drivers/STM32F1xx_HAL_Driver/Src/stm32f1xx_hal_cortex.o
 .debug_aranges
                0x00000000000004f8       0x58 ./Drivers/STM32F1xx_HAL_Driver/Src/stm32f1xx_hal_gpio.o
 .debug_aranges
                0x0000000000000550       0x90 ./Drivers/STM32F1xx_HAL_Driver/Src/stm32f1xx_hal_rcc.o
 .debug_aranges
                0x00000000000005e0      0x3d0 ./Drivers/STM32F1xx_HAL_Driver/Src/stm32f1xx_hal_tim.o
 .debug_aranges
                0x00000000000009b0      0x168 ./Drivers/STM32F1xx_HAL_Driver/Src/stm32f1xx_hal_tim_ex.o

.debug_ranges   0x0000000000000000      0x9d8
 .debug_ranges  0x0000000000000000       0x10 ./Core/Src/fsm_automatic.o
 .debug_ranges  0x0000000000000010       0x20 ./Core/Src/fsm_config.o
 .debug_ranges  0x0000000000000030       0x40 ./Core/Src/fsm_manual.o
 .debug_ranges  0x0000000000000070       0x30 ./Core/Src/input_processing.o
 .debug_ranges  0x00000000000000a0       0x20 ./Core/Src/input_reading.o
 .debug_ranges  0x00000000000000c0       0x40 ./Core/Src/led_display.o
 .debug_ranges  0x0000000000000100       0x38 ./Core/Src/main.o
 .debug_ranges  0x0000000000000138       0x40 ./Core/Src/scheduler.o
 .debug_ranges  0x0000000000000178       0x20 ./Core/Src/stm32f1xx_hal_msp.o
 .debug_ranges  0x0000000000000198       0x58 ./Core/Src/stm32f1xx_it.o
 .debug_ranges  0x00000000000001f0       0x10 ./Core/Src/sysmem.o
 .debug_ranges  0x0000000000000200       0x18 ./Core/Src/system_stm32f1xx.o
 .debug_ranges  0x0000000000000218       0x20 ./Core/Startup/startup_stm32f103c6ux.o
 .debug_ranges  0x0000000000000238       0xd0 ./Drivers/STM32F1xx_HAL_Driver/Src/stm32f1xx_hal.o
 .debug_ranges  0x0000000000000308       0xf0 ./Drivers/STM32F1xx_HAL_Driver/Src/stm32f1xx_hal_cortex.o
 .debug_ranges  0x00000000000003f8       0x48 ./Drivers/STM32F1xx_HAL_Driver/Src/stm32f1xx_hal_gpio.o
 .debug_ranges  0x0000000000000440       0x80 ./Drivers/STM32F1xx_HAL_Driver/Src/stm32f1xx_hal_rcc.o
 .debug_ranges  0x00000000000004c0      0x3c0 ./Drivers/STM32F1xx_HAL_Driver/Src/stm32f1xx_hal_tim.o
 .debug_ranges  0x0000000000000880      0x158 ./Drivers/STM32F1xx_HAL_Driver/Src/stm32f1xx_hal_tim_ex.o

.debug_macro    0x0000000000000000    0x18d93
 .debug_macro   0x0000000000000000      0x35f ./Core/Src/fsm_automatic.o
 .debug_macro   0x000000000000035f      0xa9c ./Core/Src/fsm_automatic.o
 .debug_macro   0x0000000000000dfb       0x64 ./Core/Src/fsm_automatic.o
 .debug_macro   0x0000000000000e5f       0x22 ./Core/Src/fsm_automatic.o
 .debug_macro   0x0000000000000e81       0x4c ./Core/Src/fsm_automatic.o
 .debug_macro   0x0000000000000ecd       0x18 ./Core/Src/fsm_automatic.o
 .debug_macro   0x0000000000000ee5       0x94 ./Core/Src/fsm_automatic.o
 .debug_macro   0x0000000000000f79       0x3c ./Core/Src/fsm_automatic.o
 .debug_macro   0x0000000000000fb5       0x34 ./Core/Src/fsm_automatic.o
 .debug_macro   0x0000000000000fe9       0x16 ./Core/Src/fsm_automatic.o
 .debug_macro   0x0000000000000fff       0x57 ./Core/Src/fsm_automatic.o
 .debug_macro   0x0000000000001056       0x97 ./Core/Src/fsm_automatic.o
 .debug_macro   0x00000000000010ed      0x339 ./Core/Src/fsm_automatic.o
 .debug_macro   0x0000000000001426       0xfd ./Core/Src/fsm_automatic.o
 .debug_macro   0x0000000000001523       0x10 ./Core/Src/fsm_automatic.o
 .debug_macro   0x0000000000001533       0x16 ./Core/Src/fsm_automatic.o
 .debug_macro   0x0000000000001549       0x43 ./Core/Src/fsm_automatic.o
 .debug_macro   0x000000000000158c       0x34 ./Core/Src/fsm_automatic.o
 .debug_macro   0x00000000000015c0       0x10 ./Core/Src/fsm_automatic.o
 .debug_macro   0x00000000000015d0       0x58 ./Core/Src/fsm_automatic.o
 .debug_macro   0x0000000000001628       0x71 ./Core/Src/fsm_automatic.o
 .debug_macro   0x0000000000001699       0x1c ./Core/Src/fsm_automatic.o
 .debug_macro   0x00000000000016b5      0x12a ./Core/Src/fsm_automatic.o
 .debug_macro   0x00000000000017df       0x10 ./Core/Src/fsm_automatic.o
 .debug_macro   0x00000000000017ef       0x6a ./Core/Src/fsm_automatic.o
 .debug_macro   0x0000000000001859       0x1c ./Core/Src/fsm_automatic.o
 .debug_macro   0x0000000000001875       0x52 ./Core/Src/fsm_automatic.o
 .debug_macro   0x00000000000018c7       0x22 ./Core/Src/fsm_automatic.o
 .debug_macro   0x00000000000018e9       0x10 ./Core/Src/fsm_automatic.o
 .debug_macro   0x00000000000018f9       0x40 ./Core/Src/fsm_automatic.o
 .debug_macro   0x0000000000001939       0xd5 ./Core/Src/fsm_automatic.o
 .debug_macro   0x0000000000001a0e       0x1c ./Core/Src/fsm_automatic.o
 .debug_macro   0x0000000000001a2a       0x3d ./Core/Src/fsm_automatic.o
 .debug_macro   0x0000000000001a67       0x16 ./Core/Src/fsm_automatic.o
 .debug_macro   0x0000000000001a7d      0x145 ./Core/Src/fsm_automatic.o
 .debug_macro   0x0000000000001bc2       0x16 ./Core/Src/fsm_automatic.o
 .debug_macro   0x0000000000001bd8       0x35 ./Core/Src/fsm_automatic.o
 .debug_macro   0x0000000000001c0d       0x16 ./Core/Src/fsm_automatic.o
 .debug_macro   0x0000000000001c23       0x29 ./Core/Src/fsm_automatic.o
 .debug_macro   0x0000000000001c4c       0x1c ./Core/Src/fsm_automatic.o
 .debug_macro   0x0000000000001c68      0x215 ./Core/Src/fsm_automatic.o
 .debug_macro   0x0000000000001e7d       0x2e ./Core/Src/fsm_automatic.o
 .debug_macro   0x0000000000001eab       0x22 ./Core/Src/fsm_automatic.o
 .debug_macro   0x0000000000001ecd      0x103 ./Core/Src/fsm_automatic.o
 .debug_macro   0x0000000000001fd0      0x1df ./Core/Src/fsm_automatic.o
 .debug_macro   0x00000000000021af       0x1c ./Core/Src/fsm_automatic.o
 .debug_macro   0x00000000000021cb       0x22 ./Core/Src/fsm_automatic.o
 .debug_macro   0x00000000000021ed       0xbd ./Core/Src/fsm_automatic.o
 .debug_macro   0x00000000000022aa      0xd23 ./Core/Src/fsm_automatic.o
 .debug_macro   0x0000000000002fcd     0xde75 ./Core/Src/fsm_automatic.o
 .debug_macro   0x0000000000010e42       0x6d ./Core/Src/fsm_automatic.o
 .debug_macro   0x0000000000010eaf     0x34a2 ./Core/Src/fsm_automatic.o
 .debug_macro   0x0000000000014351       0x56 ./Core/Src/fsm_automatic.o
 .debug_macro   0x00000000000143a7      0x5bc ./Core/Src/fsm_automatic.o
 .debug_macro   0x0000000000014963      0x1b7 ./Core/Src/fsm_automatic.o
 .debug_macro   0x0000000000014b1a      0x1cb ./Core/Src/fsm_automatic.o
 .debug_macro   0x0000000000014ce5      0x114 ./Core/Src/fsm_automatic.o
 .debug_macro   0x0000000000014df9      0x1b2 ./Core/Src/fsm_automatic.o
 .debug_macro   0x0000000000014fab       0x27 ./Core/Src/fsm_automatic.o
 .debug_macro   0x0000000000014fd2      0x12f ./Core/Src/fsm_automatic.o
 .debug_macro   0x0000000000015101      0x1bc ./Core/Src/fsm_automatic.o
 .debug_macro   0x00000000000152bd       0x34 ./Core/Src/fsm_automatic.o
 .debug_macro   0x00000000000152f1       0x3c ./Core/Src/fsm_automatic.o
 .debug_macro   0x000000000001532d       0x57 ./Core/Src/fsm_automatic.o
 .debug_macro   0x0000000000015384       0x87 ./Core/Src/fsm_automatic.o
 .debug_macro   0x000000000001540b      0x183 ./Core/Src/fsm_automatic.o
 .debug_macro   0x000000000001558e      0x140 ./Core/Src/fsm_automatic.o
 .debug_macro   0x00000000000156ce      0x8ed ./Core/Src/fsm_automatic.o
 .debug_macro   0x0000000000015fbb       0x69 ./Core/Src/fsm_automatic.o
 .debug_macro   0x0000000000016024      0x100 ./Core/Src/fsm_automatic.o
 .debug_macro   0x0000000000016124      0x35f ./Core/Src/fsm_config.o
 .debug_macro   0x0000000000016483      0x1c3 ./Core/Src/fsm_manual.o
 .debug_macro   0x0000000000016646       0x8e ./Core/Src/fsm_manual.o
 .debug_macro   0x00000000000166d4       0x51 ./Core/Src/fsm_manual.o
 .debug_macro   0x0000000000016725       0xc3 ./Core/Src/fsm_manual.o
 .debug_macro   0x00000000000167e8      0x174 ./Core/Src/fsm_manual.o
 .debug_macro   0x000000000001695c       0x5c ./Core/Src/fsm_manual.o
 .debug_macro   0x00000000000169b8       0x1a ./Core/Src/global.o
 .debug_macro   0x00000000000169d2      0x37d ./Core/Src/input_processing.o
 .debug_macro   0x0000000000016d4f       0x52 ./Core/Src/input_processing.o
 .debug_macro   0x0000000000016da1      0x333 ./Core/Src/input_processing.o
 .debug_macro   0x00000000000170d4      0x1be ./Core/Src/input_reading.o
 .debug_macro   0x0000000000017292      0x1a6 ./Core/Src/led_display.o
 .debug_macro   0x0000000000017438      0x388 ./Core/Src/main.o
 .debug_macro   0x00000000000177c0      0x380 ./Core/Src/scheduler.o
 .debug_macro   0x0000000000017b40      0x1a6 ./Core/Src/stm32f1xx_hal_msp.o
 .debug_macro   0x0000000000017ce6      0x1b0 ./Core/Src/stm32f1xx_it.o
 .debug_macro   0x0000000000017e96       0xff ./Core/Src/sysmem.o
 .debug_macro   0x0000000000017f95      0x23b ./Core/Src/sysmem.o
 .debug_macro   0x00000000000181d0      0x197 ./Core/Src/system_stm32f1xx.o
 .debug_macro   0x0000000000018367      0x1bb ./Drivers/STM32F1xx_HAL_Driver/Src/stm32f1xx_hal.o
 .debug_macro   0x0000000000018522      0x197 ./Drivers/STM32F1xx_HAL_Driver/Src/stm32f1xx_hal_cortex.o
 .debug_macro   0x00000000000186b9      0x202 ./Drivers/STM32F1xx_HAL_Driver/Src/stm32f1xx_hal_gpio.o
 .debug_macro   0x00000000000188bb      0x1a9 ./Drivers/STM32F1xx_HAL_Driver/Src/stm32f1xx_hal_rcc.o
 .debug_macro   0x0000000000018a64      0x198 ./Drivers/STM32F1xx_HAL_Driver/Src/stm32f1xx_hal_tim.o
 .debug_macro   0x0000000000018bfc      0x197 ./Drivers/STM32F1xx_HAL_Driver/Src/stm32f1xx_hal_tim_ex.o

.debug_line     0x0000000000000000     0xeeef
 .debug_line    0x0000000000000000      0xa58 ./Core/Src/fsm_automatic.o
 .debug_line    0x0000000000000a58      0xa67 ./Core/Src/fsm_config.o
 .debug_line    0x00000000000014bf      0x87a ./Core/Src/fsm_manual.o
 .debug_line    0x0000000000001d39       0x4d ./Core/Src/global.o
 .debug_line    0x0000000000001d86      0xc1d ./Core/Src/input_processing.o
 .debug_line    0x00000000000029a3      0x826 ./Core/Src/input_reading.o
 .debug_line    0x00000000000031c9      0x8fb ./Core/Src/led_display.o
 .debug_line    0x0000000000003ac4      0xb45 ./Core/Src/main.o
 .debug_line    0x0000000000004609      0xd21 ./Core/Src/scheduler.o
 .debug_line    0x000000000000532a      0x7be ./Core/Src/stm32f1xx_hal_msp.o
 .debug_line    0x0000000000005ae8      0x85c ./Core/Src/stm32f1xx_it.o
 .debug_line    0x0000000000006344      0x639 ./Core/Src/sysmem.o
 .debug_line    0x000000000000697d      0x800 ./Core/Src/system_stm32f1xx.o
 .debug_line    0x000000000000717d       0x86 ./Core/Startup/startup_stm32f103c6ux.o
 .debug_line    0x0000000000007203      0xa2d ./Drivers/STM32F1xx_HAL_Driver/Src/stm32f1xx_hal.o
 .debug_line    0x0000000000007c30      0xc15 ./Drivers/STM32F1xx_HAL_Driver/Src/stm32f1xx_hal_cortex.o
 .debug_line    0x0000000000008845      0xab0 ./Drivers/STM32F1xx_HAL_Driver/Src/stm32f1xx_hal_gpio.o
 .debug_line    0x00000000000092f5      0xe39 ./Drivers/STM32F1xx_HAL_Driver/Src/stm32f1xx_hal_rcc.o
 .debug_line    0x000000000000a12e     0x347e ./Drivers/STM32F1xx_HAL_Driver/Src/stm32f1xx_hal_tim.o
 .debug_line    0x000000000000d5ac     0x1943 ./Drivers/STM32F1xx_HAL_Driver/Src/stm32f1xx_hal_tim_ex.o

.debug_str      0x0000000000000000    0x86e4c
 .debug_str     0x0000000000000000    0x83a9d ./Core/Src/fsm_automatic.o
                                      0x83e72 (size before relaxing)
 .debug_str     0x0000000000083a9d       0x5f ./Core/Src/fsm_config.o
                                      0x83e91 (size before relaxing)
 .debug_str     0x0000000000083afc       0xfa ./Core/Src/fsm_manual.o
                                      0x7fcc8 (size before relaxing)
 .debug_str     0x0000000000083bf6       0x15 ./Core/Src/global.o
                                       0x2ee9 (size before relaxing)
 .debug_str     0x0000000000083c0b      0x112 ./Core/Src/input_processing.o
                                      0x83f59 (size before relaxing)
 .debug_str     0x0000000000083d1d      0x172 ./Core/Src/input_reading.o
                                      0x7fc69 (size before relaxing)
 .debug_str     0x0000000000083e8f       0x85 ./Core/Src/led_display.o
                                      0x7fb88 (size before relaxing)
 .debug_str     0x0000000000083f14      0x6d8 ./Core/Src/main.o
                                      0x8451e (size before relaxing)
 .debug_str     0x00000000000845ec      0x133 ./Core/Src/scheduler.o
                                      0x83ea0 (size before relaxing)
 .debug_str     0x000000000008471f      0x2ba ./Core/Src/stm32f1xx_hal_msp.o
                                      0x802f7 (size before relaxing)
 .debug_str     0x00000000000849d9       0xcd ./Core/Src/stm32f1xx_it.o
                                      0x80059 (size before relaxing)
 .debug_str     0x0000000000084aa6      0x4e9 ./Core/Src/sysmem.o
                                       0x627c (size before relaxing)
 .debug_str     0x0000000000084f8f       0x52 ./Core/Src/system_stm32f1xx.o
                                      0x7f79c (size before relaxing)
 .debug_str     0x0000000000084fe1       0x36 ./Core/Startup/startup_stm32f103c6ux.o
                                         0x90 (size before relaxing)
 .debug_str     0x0000000000085017      0x304 ./Drivers/STM32F1xx_HAL_Driver/Src/stm32f1xx_hal.o
                                      0x7fdf3 (size before relaxing)
 .debug_str     0x000000000008531b      0x300 ./Drivers/STM32F1xx_HAL_Driver/Src/stm32f1xx_hal_cortex.o
                                      0x7fdfb (size before relaxing)
 .debug_str     0x000000000008561b      0x316 ./Drivers/STM32F1xx_HAL_Driver/Src/stm32f1xx_hal_gpio.o
                                      0x7fb60 (size before relaxing)
 .debug_str     0x0000000000085931      0x24f ./Drivers/STM32F1xx_HAL_Driver/Src/stm32f1xx_hal_rcc.o
                                      0x7fb99 (size before relaxing)
 .debug_str     0x0000000000085b80      0xdde ./Drivers/STM32F1xx_HAL_Driver/Src/stm32f1xx_hal_tim.o
                                      0x80b82 (size before relaxing)
 .debug_str     0x000000000008695e      0x4ee ./Drivers/STM32F1xx_HAL_Driver/Src/stm32f1xx_hal_tim_ex.o
                                      0x80323 (size before relaxing)

.comment        0x0000000000000000       0x53
 .comment       0x0000000000000000       0x53 ./Core/Src/fsm_automatic.o
                                         0x54 (size before relaxing)
 .comment       0x0000000000000053       0x54 ./Core/Src/fsm_config.o
 .comment       0x0000000000000053       0x54 ./Core/Src/fsm_manual.o
 .comment       0x0000000000000053       0x54 ./Core/Src/global.o
 .comment       0x0000000000000053       0x54 ./Core/Src/input_processing.o
 .comment       0x0000000000000053       0x54 ./Core/Src/input_reading.o
 .comment       0x0000000000000053       0x54 ./Core/Src/led_display.o
 .comment       0x0000000000000053       0x54 ./Core/Src/main.o
 .comment       0x0000000000000053       0x54 ./Core/Src/scheduler.o
 .comment       0x0000000000000053       0x54 ./Core/Src/stm32f1xx_hal_msp.o
 .comment       0x0000000000000053       0x54 ./Core/Src/stm32f1xx_it.o
 .comment       0x0000000000000053       0x54 ./Core/Src/sysmem.o
 .comment       0x0000000000000053       0x54 ./Core/Src/system_stm32f1xx.o
 .comment       0x0000000000000053       0x54 ./Drivers/STM32F1xx_HAL_Driver/Src/stm32f1xx_hal.o
 .comment       0x0000000000000053       0x54 ./Drivers/STM32F1xx_HAL_Driver/Src/stm32f1xx_hal_cortex.o
 .comment       0x0000000000000053       0x54 ./Drivers/STM32F1xx_HAL_Driver/Src/stm32f1xx_hal_gpio.o
 .comment       0x0000000000000053       0x54 ./Drivers/STM32F1xx_HAL_Driver/Src/stm32f1xx_hal_rcc.o
 .comment       0x0000000000000053       0x54 ./Drivers/STM32F1xx_HAL_Driver/Src/stm32f1xx_hal_tim.o
 .comment       0x0000000000000053       0x54 ./Drivers/STM32F1xx_HAL_Driver/Src/stm32f1xx_hal_tim_ex.o

.debug_frame    0x0000000000000000     0x2ce0
 .debug_frame   0x0000000000000000       0x2c ./Core/Src/fsm_automatic.o
 .debug_frame   0x000000000000002c       0x6c ./Core/Src/fsm_config.o
 .debug_frame   0x0000000000000098       0xd4 ./Core/Src/fsm_manual.o
 .debug_frame   0x000000000000016c       0xc0 ./Core/Src/input_processing.o
 .debug_frame   0x000000000000022c       0x84 ./Core/Src/input_reading.o
 .debug_frame   0x00000000000002b0      0x114 ./Core/Src/led_display.o
 .debug_frame   0x00000000000003c4       0xd4 ./Core/Src/main.o
 .debug_frame   0x0000000000000498      0x104 ./Core/Src/scheduler.o
 .debug_frame   0x000000000000059c       0x80 ./Core/Src/stm32f1xx_hal_msp.o
 .debug_frame   0x000000000000061c      0x120 ./Core/Src/stm32f1xx_it.o
 .debug_frame   0x000000000000073c       0x34 ./Core/Src/sysmem.o
 .debug_frame   0x0000000000000770       0x58 ./Core/Src/system_stm32f1xx.o
 .debug_frame   0x00000000000007c8      0x334 ./Drivers/STM32F1xx_HAL_Driver/Src/stm32f1xx_hal.o
 .debug_frame   0x0000000000000afc      0x428 ./Drivers/STM32F1xx_HAL_Driver/Src/stm32f1xx_hal_cortex.o
 .debug_frame   0x0000000000000f24      0x14c ./Drivers/STM32F1xx_HAL_Driver/Src/stm32f1xx_hal_gpio.o
 .debug_frame   0x0000000000001070      0x218 ./Drivers/STM32F1xx_HAL_Driver/Src/stm32f1xx_hal_rcc.o
 .debug_frame   0x0000000000001288     0x11b4 ./Drivers/STM32F1xx_HAL_Driver/Src/stm32f1xx_hal_tim.o
 .debug_frame   0x000000000000243c      0x638 ./Drivers/STM32F1xx_HAL_Driver/Src/stm32f1xx_hal_tim_ex.o
 .debug_frame   0x0000000000002a74       0x20 d:/appfile/microprocessor_microcontroller/stm32cubeide_1.7.0/stm32cubeide/plugins/com.st.stm32cube.ide.mcu.externaltools.gnu-tools-for-stm32.9-2020-q2-update.win32_2.0.0.202105311346/tools/bin/../lib/gcc/arm-none-eabi/9.3.1/../../../../arm-none-eabi/lib/thumb/v7-m/nofp\libc_nano.a(lib_a-errno.o)
 .debug_frame   0x0000000000002a94       0x2c d:/appfile/microprocessor_microcontroller/stm32cubeide_1.7.0/stm32cubeide/plugins/com.st.stm32cube.ide.mcu.externaltools.gnu-tools-for-stm32.9-2020-q2-update.win32_2.0.0.202105311346/tools/bin/../lib/gcc/arm-none-eabi/9.3.1/../../../../arm-none-eabi/lib/thumb/v7-m/nofp\libc_nano.a(lib_a-init.o)
 .debug_frame   0x0000000000002ac0       0x30 d:/appfile/microprocessor_microcontroller/stm32cubeide_1.7.0/stm32cubeide/plugins/com.st.stm32cube.ide.mcu.externaltools.gnu-tools-for-stm32.9-2020-q2-update.win32_2.0.0.202105311346/tools/bin/../lib/gcc/arm-none-eabi/9.3.1/../../../../arm-none-eabi/lib/thumb/v7-m/nofp\libc_nano.a(lib_a-malloc.o)
 .debug_frame   0x0000000000002af0       0x20 d:/appfile/microprocessor_microcontroller/stm32cubeide_1.7.0/stm32cubeide/plugins/com.st.stm32cube.ide.mcu.externaltools.gnu-tools-for-stm32.9-2020-q2-update.win32_2.0.0.202105311346/tools/bin/../lib/gcc/arm-none-eabi/9.3.1/../../../../arm-none-eabi/lib/thumb/v7-m/nofp\libc_nano.a(lib_a-memset.o)
 .debug_frame   0x0000000000002b10       0x38 d:/appfile/microprocessor_microcontroller/stm32cubeide_1.7.0/stm32cubeide/plugins/com.st.stm32cube.ide.mcu.externaltools.gnu-tools-for-stm32.9-2020-q2-update.win32_2.0.0.202105311346/tools/bin/../lib/gcc/arm-none-eabi/9.3.1/../../../../arm-none-eabi/lib/thumb/v7-m/nofp\libc_nano.a(lib_a-nano-freer.o)
 .debug_frame   0x0000000000002b48       0x30 d:/appfile/microprocessor_microcontroller/stm32cubeide_1.7.0/stm32cubeide/plugins/com.st.stm32cube.ide.mcu.externaltools.gnu-tools-for-stm32.9-2020-q2-update.win32_2.0.0.202105311346/tools/bin/../lib/gcc/arm-none-eabi/9.3.1/../../../../arm-none-eabi/lib/thumb/v7-m/nofp\libc_nano.a(lib_a-nano-mallocr.o)
 .debug_frame   0x0000000000002b78       0x2c d:/appfile/microprocessor_microcontroller/stm32cubeide_1.7.0/stm32cubeide/plugins/com.st.stm32cube.ide.mcu.externaltools.gnu-tools-for-stm32.9-2020-q2-update.win32_2.0.0.202105311346/tools/bin/../lib/gcc/arm-none-eabi/9.3.1/../../../../arm-none-eabi/lib/thumb/v7-m/nofp\libc_nano.a(lib_a-sbrkr.o)
 .debug_frame   0x0000000000002ba4       0x30 d:/appfile/microprocessor_microcontroller/stm32cubeide_1.7.0/stm32cubeide/plugins/com.st.stm32cube.ide.mcu.externaltools.gnu-tools-for-stm32.9-2020-q2-update.win32_2.0.0.202105311346/tools/bin/../lib/gcc/arm-none-eabi/9.3.1/../../../../arm-none-eabi/lib/thumb/v7-m/nofp\libc_nano.a(lib_a-mlock.o)
 .debug_frame   0x0000000000002bd4       0x5c d:/appfile/microprocessor_microcontroller/stm32cubeide_1.7.0/stm32cubeide/plugins/com.st.stm32cube.ide.mcu.externaltools.gnu-tools-for-stm32.9-2020-q2-update.win32_2.0.0.202105311346/tools/bin/../lib/gcc/arm-none-eabi/9.3.1/../../../../arm-none-eabi/lib/thumb/v7-m/nofp\libc_nano.a(lib_a-reent.o)
 .debug_frame   0x0000000000002c30       0xb0 d:/appfile/microprocessor_microcontroller/stm32cubeide_1.7.0/stm32cubeide/plugins/com.st.stm32cube.ide.mcu.externaltools.gnu-tools-for-stm32.9-2020-q2-update.win32_2.0.0.202105311346/tools/bin/../lib/gcc/arm-none-eabi/9.3.1/../../../../arm-none-eabi/lib/thumb/v7-m/nofp\libc_nano.a(lib_a-lock.o)
